<html>
<body>
<pre>
<h1>µVision Build Log</h1>
<h2>Project:</h2>
D:\Development\MFC\STM32F373\user\MFCF373.uvproj
Project File Date:  10/05/2017

<h2>Output:</h2>
Build target 'Target 1'
assembling startup_stm32f37x.s...
compiling system_stm32f37x.c...
compiling stm32f37x_it.c...
compiling main.c...
compiling pid.c...
..\prosses\pid.c(282): warning:  #186-D: pointless comparison of unsigned integer with zero
        if(PWM_Output <PWM_HIGH_MIN)
..\prosses\pid.c: 1 warning, 0 errors
compiling protocol.c...
..\prosses\protocol.c(26): warning:  #177-D: variable "len" was declared but never referenced
        uint8_t len = buf[3];
..\prosses\protocol.c: 1 warning, 0 errors
compiling tasks.c...
compiling delay.c...
compiling led.c...
compiling key.c...
compiling sdadc.c...
..\drive\sdadc.c(20): warning:  #1035-D: single-precision operand implicitly converted to double-precision
        VOL_IIR_FACTOR = Time /( Time + 1/(2.0f*3.14*Cut_Off) );
..\drive\sdadc.c: 1 warning, 0 errors
compiling rs485.c...
compiling pwm.c...
compiling timebase.c...
compiling EEPROM.c...
compiling stm32f37x_gpio.c...
compiling stm32f37x_rcc.c...
compiling stm32f37x_usart.c...
compiling stm32f37x_adc.c...
compiling stm32f37x_dma.c...
compiling stm32f37x_sdadc.c...
compiling stm32f37x_tim.c...
compiling stm32f37x_misc.c...
compiling stm32f37x_pwr.c...
compiling stm32f37x_flash.c...
linking...
Program Size: Code=23920 RO-data=512 RW-data=184 ZI-data=1816  
FromELF: creating hex file...
"..\bin\MFCF373.axf" - 0 Error(s), 3 Warning(s).
