<html>
<body>
<pre>
<h1>µVision Build Log</h1>
<h2>Project:</h2>
D:\Development\MFC_STM32F373\user\MFCF373.uvproj
Project File Date:  09/29/2017

<h2>Output:</h2>
Build target 'Target 1'
assembling startup_stm32f37x.s...
compiling system_stm32f37x.c...
compiling stm32f37x_it.c...
compiling main.c...
compiling pid.c...
..\prosses\pid.c(37): warning:  #181-D: argument is incompatible with corresponding format string conversion
        sprintf(buf,"%d,%d,%d,%d,%d,%d,%d,%d,%d,%d\n",spid.Proportion  ,spid.Integral ,spid.Derivative  ,spid.DeadZone ,spid.SetPoint ,spid.Output,spid.LastError,spid.PrevError,spid.SetPoint-spid.LastError,spid.SumError );  
..\prosses\pid.c(37): warning:  #181-D: argument is incompatible with corresponding format string conversion
        sprintf(buf,"%d,%d,%d,%d,%d,%d,%d,%d,%d,%d\n",spid.Proportion  ,spid.Integral ,spid.Derivative  ,spid.DeadZone ,spid.SetPoint ,spid.Output,spid.LastError,spid.PrevError,spid.SetPoint-spid.LastError,spid.SumError );  
..\prosses\pid.c(37): warning:  #181-D: argument is incompatible with corresponding format string conversion
        sprintf(buf,"%d,%d,%d,%d,%d,%d,%d,%d,%d,%d\n",spid.Proportion  ,spid.Integral ,spid.Derivative  ,spid.DeadZone ,spid.SetPoint ,spid.Output,spid.LastError,spid.PrevError,spid.SetPoint-spid.LastError,spid.SumError );  
..\prosses\pid.c(45): warning:  #550-D: variable "iIncpid" was set but never used
        int iIncpid = 0;
..\prosses\pid.c(85): warning:  #68-D: integer conversion resulted in a change of sign
                iIncpid = iIncpid>0?spid->Thredhold:(-1*spid->Thredhold);
..\prosses\pid.c(108): warning:  #68-D: integer conversion resulted in a change of sign
                iIncpid = iIncpid>0?spid->Thredhold:(-1*spid->Thredhold);
..\prosses\pid.c: 6 warnings, 0 errors
compiling protocol.c...
compiling tasks.c...
compiling delay.c...
compiling led.c...
compiling key.c...
compiling sdadc.c...
compiling rs485.c...
compiling pwm.c...
compiling timebase.c...
compiling EEPROM.c...
compiling stm32f37x_gpio.c...
compiling stm32f37x_rcc.c...
compiling stm32f37x_usart.c...
compiling stm32f37x_adc.c...
compiling stm32f37x_dma.c...
compiling stm32f37x_sdadc.c...
compiling stm32f37x_tim.c...
compiling stm32f37x_misc.c...
compiling stm32f37x_pwr.c...
compiling stm32f37x_flash.c...
linking...
Program Size: Code=24888 RO-data=600 RW-data=144 ZI-data=1864  
FromELF: creating hex file...
"..\bin\MFCF373.axf" - 0 Error(s), 6 Warning(s).
</pre>
</body>
</html>
