ARM Linker, 5.03 [Build 76] [MDK-ARM Standard]

==============================================================================

Section Cross References

    startup_stm32f37x.o(STACK) refers (Special) to heapauxi.o(.text) for __use_two_region_memory
    startup_stm32f37x.o(HEAP) refers (Special) to heapauxi.o(.text) for __use_two_region_memory
    startup_stm32f37x.o(RESET) refers (Special) to heapauxi.o(.text) for __use_two_region_memory
    startup_stm32f37x.o(RESET) refers to startup_stm32f37x.o(STACK) for __initial_sp
    startup_stm32f37x.o(RESET) refers to startup_stm32f37x.o(.text) for Reset_Handler
    startup_stm32f37x.o(RESET) refers to stm32f37x_it.o(.text) for NMI_Handler
    startup_stm32f37x.o(RESET) refers to pwm.o(.text) for DMA1_Channel7_IRQHandler
    startup_stm32f37x.o(RESET) refers to timebase.o(.text) for TIM4_IRQHandler
    startup_stm32f37x.o(RESET) refers to rs485.o(.text) for USART1_IRQHandler
    startup_stm32f37x.o(RESET) refers to sdadc.o(.text) for SDADC1_IRQHandler
    startup_stm32f37x.o(.text) refers (Special) to heapauxi.o(.text) for __use_two_region_memory
    startup_stm32f37x.o(.text) refers to system_stm32f37x.o(.text) for SystemInit
    startup_stm32f37x.o(.text) refers to __main.o(!!!main) for __main
    startup_stm32f37x.o(.text) refers to startup_stm32f37x.o(HEAP) for Heap_Mem
    startup_stm32f37x.o(.text) refers to startup_stm32f37x.o(STACK) for Stack_Mem
    system_stm32f37x.o(.text) refers to stm32f37x_rcc.o(.text) for RCC_PLLConfig
    system_stm32f37x.o(.text) refers to system_stm32f37x.o(.data) for SystemCoreClock
    stm32f37x_it.o(.text) refers to stm32f37x_tim.o(.text) for TIM_GetITStatus
    main.o(.text) refers to _printf_percent.o(.ARM.Collect$$_printf_percent$$00000000) for _printf_percent
    main.o(.text) refers to _printf_d.o(.ARM.Collect$$_printf_percent$$00000009) for _printf_d
    main.o(.text) refers to _printf_dec.o(.text) for _printf_int_dec
    main.o(.text) refers to delay.o(.text) for delay_init
    main.o(.text) refers to led.o(.text) for LED_Init
    main.o(.text) refers to rs485.o(.text) for RS485_Init
    main.o(.text) refers to key.o(.text) for KEY_Init
    main.o(.text) refers to timebase.o(.text) for TIM4_Init
    main.o(.text) refers to pwm.o(.text) for PWM_Init
    main.o(.text) refers to pid.o(.text) for PID_Init
    main.o(.text) refers to sdadc.o(.text) for ADC1_Init
    main.o(.text) refers to spi.o(.text) for AD5761_Init
    main.o(.text) refers to stm32f37x_rcc.o(.text) for RCC_GetClocksFreq
    main.o(.text) refers to noretval__2sprintf.o(.text) for __2sprintf
    main.o(.text) refers to tasks.o(.text) for Task_1000HZ
    main.o(.text) refers to rs485.o(.bss) for RS485_TX_BUF
    main.o(.text) refers to main.o(.data) for Bsp_Int_Ok
    main.o(.text) refers to timebase.o(.data) for Count_1ms
    pid.o(.text) refers to sdadc.o(.text) for GetADCVoltage
    pid.o(.text) refers to f2d.o(x$fpl$f2d) for __aeabi_f2d
    pid.o(.text) refers to exp.o(i.__hardfp_exp) for __hardfp_exp
    pid.o(.text) refers to daddsub_clz.o(x$fpl$drsb) for __aeabi_drsub
    pid.o(.text) refers to dflt_clz.o(x$fpl$dflt) for __aeabi_i2d
    pid.o(.text) refers to dmul.o(x$fpl$dmul) for __aeabi_dmul
    pid.o(.text) refers to daddsub_clz.o(x$fpl$dadd) for __aeabi_dadd
    pid.o(.text) refers to dfixu.o(x$fpl$dfixu) for __aeabi_d2uiz
    pid.o(.text) refers to eeprom.o(.text) for EE_WriteVariable
    pid.o(.text) refers to pid.o(.data) for feedbackTime
    pid.o(.text) refers to pid.o(.bss) for spid
    pid.o(.text) refers to protocol.o(.text) for Get_Checksum
    pid.o(.text) refers to pwm.o(.text) for LoadPWM
    pid.o(.text) refers to rt_memclr_w.o(.text) for __aeabi_memclr4
    pid.o(.text) refers to stm32f37x_flash.o(.text) for FLASH_Unlock
    protocol.o(.text) refers to _printf_percent.o(.ARM.Collect$$_printf_percent$$00000000) for _printf_percent
    protocol.o(.text) refers to _printf_d.o(.ARM.Collect$$_printf_percent$$00000009) for _printf_d
    protocol.o(.text) refers to _printf_dec.o(.text) for _printf_int_dec
    protocol.o(.text) refers to pid.o(.text) for Set_Running_Param
    protocol.o(.text) refers to noretval__2sprintf.o(.text) for __2sprintf
    protocol.o(.text) refers to rs485.o(.text) for RS485_PrintString
    protocol.o(.text) refers to spi.o(.text) for AD5761_SetVotage
    protocol.o(.text) refers to rs485.o(.bss) for RS485_TX_BUF
    tasks.o(.text) refers to rs485.o(.text) for RS485_PrintString
    tasks.o(.text) refers to protocol.o(.text) for parseData
    tasks.o(.text) refers to pid.o(.text) for is_PID_Running
    tasks.o(.text) refers to sdadc.o(.text) for VOL_IIR_Filter
    tasks.o(.text) refers to key.o(.text) for IsFlowReset
    tasks.o(.text) refers to rs485.o(.bss) for RS485_RX_BUF
    delay.o(.text) refers to stm32f37x_misc.o(.text) for SysTick_CLKSourceConfig
    delay.o(.text) refers to system_stm32f37x.o(.data) for SystemCoreClock
    delay.o(.text) refers to delay.o(.data) for fac_us
[...]
    .bss                                     0x20001084   Section      384  pwm.o(.bss)
    .bss                                     0x20001204   Section       96  libspace.o(.bss)
    HEAP                                     0x20001268   Section      512  startup_stm32f37x.o(HEAP)
    Heap_Mem                                 0x20001268   Data         512  startup_stm32f37x.o(HEAP)
    STACK                                    0x20001468   Section     1024  startup_stm32f37x.o(STACK)
    Stack_Mem                                0x20001468   Data        1024  startup_stm32f37x.o(STACK)
    __initial_sp                             0x20001868   Data           0  startup_stm32f37x.o(STACK)

    Global Symbols

    Symbol Name                              Value     Ov Type        Size  Object(Section)

    BuildAttributes$$THM_ISAv4$E$P$D$K$B$S$7EM$VFPi3$EXTD16$VFPS$VFMA$PE$A:L22UL41UL21$X:L11$S22US41US21$IEEE1$IW$USESV6$~STKCKD$USESV7$~SHL$OTIME$ROPI$IEEEX$EBA8$UX$STANDARDLIB$REQ8$PRES8$EABIv2 0x00000000   Number         0  anon$$obj.o ABSOLUTE
    __ARM_use_no_argv                        0x00000000   Number         0  main.o ABSOLUTE
    __ARM_exceptions_init                     - Undefined Weak Reference
    __alloca_initialize                       - Undefined Weak Reference
    __cpp_initialize__aeabi_                  - Undefined Weak Reference
    __cxa_finalize                            - Undefined Weak Reference
    __rt_locale                               - Undefined Weak Reference
    __sigvec_lookup                           - Undefined Weak Reference
    _atexit_init                              - Undefined Weak Reference
    _call_atexit_fns                          - Undefined Weak Reference
    _clock_init                               - Undefined Weak Reference
    _fp_trap_init                             - Undefined Weak Reference
    _fp_trap_shutdown                         - Undefined Weak Reference
    _get_lc_collate                           - Undefined Weak Reference
    _get_lc_ctype                             - Undefined Weak Reference
    _get_lc_monetary                          - Undefined Weak Reference
    _get_lc_numeric                           - Undefined Weak Reference
    _get_lc_time                              - Undefined Weak Reference
    _getenv_init                              - Undefined Weak Reference
    _handle_redirection                       - Undefined Weak Reference
    _init_alloc                               - Undefined Weak Reference
    _init_user_alloc                          - Undefined Weak Reference
    _initio                                   - Undefined Weak Reference
    _printf_post_padding                      - Undefined Weak Reference
    _printf_pre_padding                       - Undefined Weak Reference
    _printf_truncate_signed                   - Undefined Weak Reference
    _printf_truncate_unsigned                 - Undefined Weak Reference
    _rand_init                                - Undefined Weak Reference
    _signal_finish                            - Undefined Weak Reference
    _signal_init                              - Undefined Weak Reference
    _terminate_alloc                          - Undefined Weak Reference
    _terminate_user_alloc                     - Undefined Weak Reference
    _terminateio                              - Undefined Weak Reference
    __Vectors_Size                           0x00000188   Number         0  startup_stm32f37x.o ABSOLUTE
    __Vectors                                0x08000000   Data           4  startup_stm32f37x.o(RESET)
    __Vectors_End                            0x08000188   Data           0  startup_stm32f37x.o(RESET)
    __main                                   0x08000189   Thumb Code     8  __main.o(!!!main)
    __scatterload                            0x08000191   Thumb Code     0  __scatter.o(!!!scatter)
    __scatterload_rt2                        0x08000191   Thumb Code    44  __scatter.o(!!!scatter)
    __scatterload_rt2_thumb_only             0x08000191   Thumb Code     0  __scatter.o(!!!scatter)
    __scatterload_null                       0x0800019f   Thumb Code     0  __scatter.o(!!!scatter)
    __decompress                             0x080001c5   Thumb Code    90  __dczerorl2.o(!!dczerorl2)
    __decompress1                            0x080001c5   Thumb Code     0  __dczerorl2.o(!!dczerorl2)
    __scatterload_zeroinit                   0x08000221   Thumb Code    28  __scatter_zi.o(!!handler_zi)
    _printf_d                                0x0800023d   Thumb Code     0  _printf_d.o(.ARM.Collect$$_printf_percent$$00000009)
    _printf_percent                          0x0800023d   Thumb Code     0  _printf_percent.o(.ARM.Collect$$_printf_percent$$00000000)
    _printf_percent_end                      0x08000243   Thumb Code     0  _printf_percent_end.o(.ARM.Collect$$_printf_percent$$00000017)
    __rt_lib_init                            0x08000247   Thumb Code     0  libinit.o(.ARM.Collect$$libinit$$00000000)
    __rt_lib_init_fp_1                       0x08000249   Thumb Code     0  libinit2.o(.ARM.Collect$$libinit$$00000001)
    __rt_lib_init_alloca_1                   0x0800024d   Thumb Code     0  libinit2.o(.ARM.Collect$$libinit$$0000002C)
    __rt_lib_init_argv_1                     0x0800024d   Thumb Code     0  libinit2.o(.ARM.Collect$$libinit$$0000002A)
    __rt_lib_init_atexit_1                   0x0800024d   Thumb Code     0  libinit2.o(.ARM.Collect$$libinit$$00000019)
    __rt_lib_init_clock_1                    0x0800024d   Thumb Code     0  libinit2.o(.ARM.Collect$$libinit$$0000001F)
    __rt_lib_init_cpp_1                      0x0800024d   Thumb Code     0  libinit2.o(.ARM.Collect$$libinit$$00000030)
    __rt_lib_init_exceptions_1               0x0800024d   Thumb Code     0  libinit2.o(.ARM.Collect$$libinit$$0000002E)
    __rt_lib_init_fp_trap_1                  0x0800024d   Thumb Code     0  libinit2.o(.ARM.Collect$$libinit$$0000001D)
    __rt_lib_init_getenv_1                   0x0800024d   Thumb Code     0  libinit2.o(.ARM.Collect$$libinit$$00000021)
    __rt_lib_init_heap_1                     0x0800024d   Thumb Code     0  libinit2.o(.ARM.Collect$$libinit$$00000008)
    __rt_lib_init_lc_collate_1               0x0800024d   Thumb Code     0  libinit2.o(.ARM.Collect$$libinit$$0000000F)
    __rt_lib_init_lc_ctype_1                 0x0800024d   Thumb Code     0  libinit2.o(.ARM.Collect$$libinit$$00000011)
    __rt_lib_init_lc_monetary_1              0x0800024d   Thumb Code     0  libinit2.o(.ARM.Collect$$libinit$$00000013)
    __rt_lib_init_lc_numeric_1               0x0800024d   Thumb Code     0  libinit2.o(.ARM.Collect$$libinit$$00000015)
    __rt_lib_init_lc_time_1                  0x0800024d   Thumb Code     0  libinit2.o(.ARM.Collect$$libinit$$00000017)
    __rt_lib_init_rand_1                     0x0800024d   Thumb Code     0  libinit2.o(.ARM.Collect$$libinit$$0000000C)
    __rt_lib_init_return                     0x0800024d   Thumb Code     0  libinit2.o(.ARM.Collect$$libinit$$00000031)
    __rt_lib_init_signal_1                   0x0800024d   Thumb Code     0  libinit2.o(.ARM.Collect$$libinit$$0000001B)
    __rt_lib_init_stdio_1                    0x0800024d   Thumb Code     0  libinit2.o(.ARM.Collect$$libinit$$00000023)
    __rt_lib_init_user_alloc_1               0x0800024d   Thumb Code     0  libinit2.o(.ARM.Collect$$libinit$$0000000A)
    __rt_lib_shutdown                        0x0800024f   Thumb Code     0  libshutdown.o(.ARM.Collect$$libshutdown$$00000000)
    __rt_lib_shutdown_fp_trap_1              0x08000251   Thumb Code     0  libshutdown2.o(.ARM.Collect$$libshutdown$$00000006)
    __rt_lib_shutdown_heap_1                 0x08000251   Thumb Code     0  libshutdown2.o(.ARM.Collect$$libshutdown$$0000000E)
    __rt_lib_shutdown_return                 0x08000251   Thumb Code     0  libshutdown2.o(.ARM.Collect$$libshutdown$$0000000F)
    __rt_lib_shutdown_signal_1               0x08000251   Thumb Code     0  libshutdown2.o(.ARM.Collect$$libshutdown$$00000009)
    __rt_lib_shutdown_stdio_1                0x08000251   Thumb Code     0  libshutdown2.o(.ARM.Collect$$libshutdown$$00000003)
    __rt_lib_shutdown_user_alloc_1           0x08000251   Thumb Code     0  libshutdown2.o(.ARM.Collect$$libshutdown$$0000000B)
    __rt_entry                               0x08000253   Thumb Code     0  rtentry.o(.ARM.Collect$$rtentry$$00000000)
    __rt_entry_presh_1                       0x08000253   Thumb Code     0  rtentry2.o(.ARM.Collect$$rtentry$$00000002)
    __rt_entry_sh                            0x08000253   Thumb Code     0  rtentry4.o(.ARM.Collect$$rtentry$$00000004)
    __rt_entry_li                            0x08000259   Thumb Code     0  rtentry2.o(.ARM.Collect$$rtentry$$0000000A)
    __rt_entry_postsh_1                      0x08000259   Thumb Code     0  rtentry2.o(.ARM.Collect$$rtentry$$00000009)
    __rt_entry_main                          0x0800025d   Thumb Code     0  rtentry2.o(.ARM.Collect$$rtentry$$0000000D)
    __rt_entry_postli_1                      0x0800025d   Thumb Code     0  rtentry2.o(.ARM.Collect$$rtentry$$0000000C)
    __rt_exit                                0x08000265   Thumb Code     0  rtexit.o(.ARM.Collect$$rtexit$$00000000)
    __rt_exit_ls                             0x08000267   Thumb Code     0  rtexit2.o(.ARM.Collect$$rtexit$$00000003)
    __rt_exit_prels_1                        0x08000267   Thumb Code     0  rtexit2.o(.ARM.Collect$$rtexit$$00000002)
    __rt_exit_exit                           0x0800026b   Thumb Code     0  rtexit2.o(.ARM.Collect$$rtexit$$00000004)
    Reset_Handler                            0x08000271   Thumb Code     8  startup_stm32f37x.o(.text)
    SysTick_Handler                          0x08000289   Thumb Code     2  startup_stm32f37x.o(.text)
    CAN1_RX0_IRQHandler                      0x0800028b   Thumb Code     0  startup_stm32f37x.o(.text)
    CAN1_RX1_IRQHandler                      0x0800028b   Thumb Code     0  startup_stm32f37x.o(.text)
    CAN1_SCE_IRQHandler                      0x0800028b   Thumb Code     0  startup_stm32f37x.o(.text)
    CAN1_TX_IRQHandler                       0x0800028b   Thumb Code     0  startup_stm32f37x.o(.text)
    CEC_IRQHandler                           0x0800028b   Thumb Code     0  startup_stm32f37x.o(.text)
    COMP_IRQHandler                          0x0800028b   Thumb Code     0  startup_stm32f37x.o(.text)
    DMA1_Channel1_IRQHandler                 0x0800028b   Thumb Code     0  startup_stm32f37x.o(.text)
    DMA1_Channel2_IRQHandler                 0x0800028b   Thumb Code     0  startup_stm32f37x.o(.text)
    DMA1_Channel3_IRQHandler                 0x0800028b   Thumb Code     0  startup_stm32f37x.o(.text)
    DMA1_Channel4_IRQHandler                 0x0800028b   Thumb Code     0  startup_stm32f37x.o(.text)
    DMA1_Channel5_IRQHandler                 0x0800028b   Thumb Code     0  startup_stm32f37x.o(.text)
    DMA1_Channel6_IRQHandler                 0x0800028b   Thumb Code     0  startup_stm32f37x.o(.text)
    DMA2_Channel1_IRQHandler                 0x0800028b   Thumb Code     0  startup_stm32f37x.o(.text)
    DMA2_Channel2_IRQHandler                 0x0800028b   Thumb Code     0  startup_stm32f37x.o(.text)
    DMA2_Channel3_IRQHandler                 0x0800028b   Thumb Code     0  startup_stm32f37x.o(.text)
    DMA2_Channel4_IRQHandler                 0x0800028b   Thumb Code     0  startup_stm32f37x.o(.text)
    DMA2_Channel5_IRQHandler                 0x0800028b   Thumb Code     0  startup_stm32f37x.o(.text)
    EXTI0_IRQHandler                         0x0800028b   Thumb Code     0  startup_stm32f37x.o(.text)
    EXTI15_10_IRQHandler                     0x0800028b   Thumb Code     0  startup_stm32f37x.o(.text)
    EXTI1_IRQHandler                         0x0800028b   Thumb Code     0  startup_stm32f37x.o(.text)
    EXTI2_TS_IRQHandler                      0x0800028b   Thumb Code     0  startup_stm32f37x.o(.text)
    EXTI3_IRQHandler                         0x0800028b   Thumb Code     0  startup_stm32f37x.o(.text)
    EXTI4_IRQHandler                         0x0800028b   Thumb Code     0  startup_stm32f37x.o(.text)
    EXTI9_5_IRQHandler                       0x0800028b   Thumb Code     0  startup_stm32f37x.o(.text)
    FLASH_IRQHandler                         0x0800028b   Thumb Code     0  startup_stm32f37x.o(.text)
    FPU_IRQHandler                           0x0800028b   Thumb Code     0  startup_stm32f37x.o(.text)
    I2C1_ER_IRQHandler                       0x0800028b   Thumb Code     0  startup_stm32f37x.o(.text)
    I2C1_EV_IRQHandler                       0x0800028b   Thumb Code     0  startup_stm32f37x.o(.text)
    I2C2_ER_IRQHandler                       0x0800028b   Thumb Code     0  startup_stm32f37x.o(.text)
    I2C2_EV_IRQHandler                       0x0800028b   Thumb Code     0  startup_stm32f37x.o(.text)
    PVD_IRQHandler                           0x0800028b   Thumb Code     0  startup_stm32f37x.o(.text)
    RCC_IRQHandler                           0x0800028b   Thumb Code     0  startup_stm32f37x.o(.text)
    RTC_Alarm_IRQHandler                     0x0800028b   Thumb Code     0  startup_stm32f37x.o(.text)
    RTC_WKUP_IRQHandler                      0x0800028b   Thumb Code     0  startup_stm32f37x.o(.text)
    SDADC2_IRQHandler                        0x0800028b   Thumb Code     0  startup_stm32f37x.o(.text)
    SDADC3_IRQHandler                        0x0800028b   Thumb Code     0  startup_stm32f37x.o(.text)
    SPI1_IRQHandler                          0x0800028b   Thumb Code     0  startup_stm32f37x.o(.text)
    SPI2_IRQHandler                          0x0800028b   Thumb Code     0  startup_stm32f37x.o(.text)
    SPI3_IRQHandler                          0x0800028b   Thumb Code     0  startup_stm32f37x.o(.text)
    TAMPER_STAMP_IRQHandler                  0x0800028b   Thumb Code     0  startup_stm32f37x.o(.text)
    TIM12_IRQHandler                         0x0800028b   Thumb Code     0  startup_stm32f37x.o(.text)
    TIM13_IRQHandler                         0x0800028b   Thumb Code     0  startup_stm32f37x.o(.text)
    TIM14_IRQHandler                         0x0800028b   Thumb Code     0  startup_stm32f37x.o(.text)
    TIM15_IRQHandler                         0x0800028b   Thumb Code     0  startup_stm32f37x.o(.text)
    TIM16_IRQHandler                         0x0800028b   Thumb Code     0  startup_stm32f37x.o(.text)
    TIM17_IRQHandler                         0x0800028b   Thumb Code     0  startup_stm32f37x.o(.text)
    TIM18_DAC2_IRQHandler                    0x0800028b   Thumb Code     0  startup_stm32f37x.o(.text)
    TIM19_IRQHandler                         0x0800028b   Thumb Code     0  startup_stm32f37x.o(.text)
    TIM5_IRQHandler                          0x0800028b   Thumb Code     0  startup_stm32f37x.o(.text)
    TIM6_DAC1_IRQHandler                     0x0800028b   Thumb Code     0  startup_stm32f37x.o(.text)
    TIM7_IRQHandler                          0x0800028b   Thumb Code     0  startup_stm32f37x.o(.text)
    USART2_IRQHandler                        0x0800028b   Thumb Code     0  startup_stm32f37x.o(.text)
    USART3_IRQHandler                        0x0800028b   Thumb Code     0  startup_stm32f37x.o(.text)
    USBWakeUp_IRQHandler                     0x0800028b   Thumb Code     0  startup_stm32f37x.o(.text)
    USB_HP_IRQHandler                        0x0800028b   Thumb Code     0  startup_stm32f37x.o(.text)
    USB_LP_IRQHandler                        0x0800028b   Thumb Code     0  startup_stm32f37x.o(.text)
    WWDG_IRQHandler                          0x0800028b   Thumb Code     0  startup_stm32f37x.o(.text)
    __user_initial_stackheap                 0x0800028d   Thumb Code     0  startup_stm32f37x.o(.text)
    SystemInit                               0x0800038d   Thumb Code   110  system_stm32f37x.o(.text)
    SystemCoreClockUpdate                    0x080003fb   Thumb Code   138  system_stm32f37x.o(.text)
    NMI_Handler                              0x080004a9   Thumb Code     2  stm32f37x_it.o(.text)
    HardFault_Handler                        0x080004ab   Thumb Code     4  stm32f37x_it.o(.text)
    MemManage_Handler                        0x080004af   Thumb Code     4  stm32f37x_it.o(.text)
    BusFault_Handler                         0x080004b3   Thumb Code     4  stm32f37x_it.o(.text)
    UsageFault_Handler                       0x080004b7   Thumb Code     4  stm32f37x_it.o(.text)
    SVC_Handler                              0x080004bb   Thumb Code     2  stm32f37x_it.o(.text)
    DebugMon_Handler                         0x080004bd   Thumb Code     2  stm32f37x_it.o(.text)
    PendSV_Handler                           0x080004bf   Thumb Code     2  stm32f37x_it.o(.text)
    ADC1_IRQHandler                          0x080004c1   Thumb Code     2  stm32f37x_it.o(.text)
    TIM2_IRQHandler                          0x080004c3   Thumb Code    22  stm32f37x_it.o(.text)
    TIM3_IRQHandler                          0x080004d9   Thumb Code    22  stm32f37x_it.o(.text)
    Bsp_Int                                  0x080004f5   Thumb Code   128  main.o(.text)
    main                                     0x08000575   Thumb Code   102  main.o(.text)
    getFeedBackTime                          0x08000689   Thumb Code     6  pid.o(.text)
    PID_Setpoint_Change                      0x0800068f   Thumb Code   426  pid.o(.text)
    EEPROM_SAVE_PID                          0x08000839   Thumb Code   534  pid.o(.text)
    Set_PID_Param                            0x08000a4f   Thumb Code   708  pid.o(.text)
    Get_PID_Param                            0x08000d13   Thumb Code   676  pid.o(.text)
    Set_Running_Param                        0x08000fb7   Thumb Code   106  pid.o(.text)
    Get_Running_Param                        0x08001021   Thumb Code   248  pid.o(.text)
    Inc_PID_Calc1                            0x08001119   Thumb Code   574  pid.o(.text)
    Inc_PID_Calc                             0x08001357   Thumb Code   440  pid.o(.text)
    PID_Start                                0x0800150f   Thumb Code    72  pid.o(.text)
    PID_Param_Reset                          0x08001557   Thumb Code   118  pid.o(.text)
    EEPROM_READ_PID                          0x080015cd   Thumb Code   570  pid.o(.text)
    EEPROM_INIT                              0x08001807   Thumb Code    56  pid.o(.text)
    PID_Init                                 0x0800183f   Thumb Code    12  pid.o(.text)
    Valve_Close                              0x0800184b   Thumb Code    26  pid.o(.text)
    Valve_Open                               0x08001865   Thumb Code    20  pid.o(.text)
    Valve_PID_Ctrl                           0x08001879   Thumb Code     8  pid.o(.text)
    is_PID_Running                           0x08001881   Thumb Code     6  pid.o(.text)
    abs                                      0x08001887   Thumb Code    14  pid.o(.text)
    checksumCalc                             0x080018c5   Thumb Code    18  protocol.o(.text)
    Byte2Float                               0x080018d7   Thumb Code    38  protocol.o(.text)
    parseData                                0x080018fd   Thumb Code   244  protocol.o(.text)
    Get_Checksum                             0x080019f1   Thumb Code    30  protocol.o(.text)
    PrintHexU8                               0x08001a0f   Thumb Code     2  protocol.o(.text)
    PrintHexS16                              0x08001a11   Thumb Code    20  protocol.o(.text)
    PrintS8                                  0x08001a25   Thumb Code    96  protocol.o(.text)
    PrintU8                                  0x08001a85   Thumb Code    74  protocol.o(.text)
    PrintS16                                 0x08001acf   Thumb Code   166  protocol.o(.text)
    PrintU16                                 0x08001b75   Thumb Code   150  protocol.o(.text)
    PrintString                              0x08001c0b   Thumb Code    24  protocol.o(.text)
    OnResetFlowDown                          0x08001ca9   Thumb Code    10  tasks.o(.text)
    Task_1000HZ                              0x08001cb3   Thumb Code    28  tasks.o(.text)
    Task_500HZ                               0x08001ccf   Thumb Code    14  tasks.o(.text)
    Task_200HZ                               0x08001cdd   Thumb Code     2  tasks.o(.text)
    Task_100HZ                               0x08001cdf   Thumb Code    18  tasks.o(.text)
    Task_10HZ                                0x08001cf1   Thumb Code    14  tasks.o(.text)
    delay_init                               0x08001d19   Thumb Code    50  delay.o(.text)
    delay_us                                 0x08001d4b   Thumb Code    70  delay.o(.text)
    delay_ms                                 0x08001d91   Thumb Code    70  delay.o(.text)
    LED_Close                                0x08001de9   Thumb Code    16  led.o(.text)
    LED_Init                                 0x08001df9   Thumb Code    94  led.o(.text)
    LED_Open                                 0x08001e57   Thumb Code    16  led.o(.text)
    LED_ON_OFF                               0x08001e67   Thumb Code    78  led.o(.text)
    KEY_Init                                 0x08001eb9   Thumb Code    58  key.o(.text)
    KEY_Down                                 0x08001ef3   Thumb Code    58  key.o(.text)
    IsFlowReset                              0x08001f2d   Thumb Code    16  key.o(.text)
    Calculate_FilteringCoefficient           0x08001f3d   Thumb Code   192  sdadc.o(.text)
    ADC_Mean                                 0x08001ffd   Thumb Code    78  sdadc.o(.text)
    updateVoltageWindowBuf                   0x0800204b   Thumb Code    66  sdadc.o(.text)
    updateRawData                            0x0800208d   Thumb Code    26  sdadc.o(.text)
    VOL_IIR_Filter                           0x080020a7   Thumb Code   174  sdadc.o(.text)
    GetADCVoltage                            0x08002155   Thumb Code    60  sdadc.o(.text)
    SDADC_DMA_Config                         0x08002191   Thumb Code    86  sdadc.o(.text)
    SDADC1_Config                            0x080021e7   Thumb Code   256  sdadc.o(.text)
    ADC_GPIO_Config                          0x080022e7   Thumb Code    38  sdadc.o(.text)
    ADC1_Init                                0x0800230d   Thumb Code    12  sdadc.o(.text)
    ADC1_Mode_Config                         0x08002319   Thumb Code   356  sdadc.o(.text)
    SDADC_NVIC_Config                        0x0800247d   Thumb Code    34  sdadc.o(.text)
    SDADC1_IRQHandler                        0x0800249f   Thumb Code    54  sdadc.o(.text)
    USART1_IRQHandler                        0x080024e5   Thumb Code    48  rs485.o(.text)
    RS485_Mode_Rx                            0x08002515   Thumb Code     2  rs485.o(.text)
    RS485_Init                               0x08002517   Thumb Code   208  rs485.o(.text)
    RS485_Mode_Tx                            0x080025e7   Thumb Code     2  rs485.o(.text)
    RS485_Send_Data                          0x080025e9   Thumb Code    70  rs485.o(.text)
    RS485_PrintString                        0x0800262f   Thumb Code    66  rs485.o(.text)
    RS485_Receive_Data                       0x08002671   Thumb Code    68  rs485.o(.text)
    PWM_GPIO_Config                          0x080026c9   Thumb Code    42  pwm.o(.text)
    PWM_NVIC_Config                          0x080026f3   Thumb Code    34  pwm.o(.text)
    PWM_Mode_Config                          0x08002715   Thumb Code   142  pwm.o(.text)
    PWW_DMA_Init                             0x080027a3   Thumb Code   146  pwm.o(.text)
    PWM_Init                                 0x08002835   Thumb Code    20  pwm.o(.text)
    LoadPWM                                  0x08002849   Thumb Code    70  pwm.o(.text)
    DMA_Half_Transfer_interrupt              0x0800288f   Thumb Code    34  pwm.o(.text)
    DMA_Total_Transfer_interrupt             0x080028b1   Thumb Code    38  pwm.o(.text)
    DMA1_Channel7_IRQHandler                 0x080028d7   Thumb Code    78  pwm.o(.text)
    TIM4_NVIC_Configuration                  0x08002951   Thumb Code    42  timebase.o(.text)
    TIM4_Configuration                       0x0800297b   Thumb Code    78  timebase.o(.text)
    TIM4_Init                                0x080029c9   Thumb Code    22  timebase.o(.text)
    TIM4_Set_Prescaler                       0x080029df   Thumb Code    20  timebase.o(.text)
    TIM4_IRQHandler                          0x080029f3   Thumb Code    94  timebase.o(.text)
    InitCurrWrAddress                        0x08002abf   Thumb Code    92  eeprom.o(.text)
    EE_ReadVariable                          0x08002bcd   Thumb Code    88  eeprom.o(.text)
    __EE_Init                                0x08002c25   Thumb Code   486  eeprom.o(.text)
    EE_Init                                  0x08002e0b   Thumb Code    16  eeprom.o(.text)
    EE_WriteVariable                         0x08002f11   Thumb Code    36  eeprom.o(.text)
    SPI3_RW                                  0x08002f3d   Thumb Code    76  spi.o(.text)
    SPI3_Write_Reg                           0x08002f89   Thumb Code    70  spi.o(.text)
    AD5761_SetVotage                         0x08002fcf   Thumb Code    14  spi.o(.text)
    AD5761_Config                            0x08002fdd   Thumb Code    62  spi.o(.text)
    SPI3_Init                                0x0800301b   Thumb Code   236  spi.o(.text)
    AD5761_Init                              0x08003107   Thumb Code    18  spi.o(.text)
    SPI3_WriteRead_Buff                      0x08003119   Thumb Code    62  spi.o(.text)
    AD5761_ReadConfig                        0x08003157   Thumb Code    58  spi.o(.text)
    SPI3_SetSpeed                            0x08003191   Thumb Code    36  spi.o(.text)
    GPIO_DeInit                              0x080031d5   Thumb Code   154  stm32f37x_gpio.o(.text)
    GPIO_Init                                0x0800326f   Thumb Code   144  stm32f37x_gpio.o(.text)
    GPIO_StructInit                          0x080032ff   Thumb Code    22  stm32f37x_gpio.o(.text)
    GPIO_PinLockConfig                       0x08003315   Thumb Code    34  stm32f37x_gpio.o(.text)
    GPIO_ReadInputDataBit                    0x08003337   Thumb Code    18  stm32f37x_gpio.o(.text)
    GPIO_ReadInputData                       0x08003349   Thumb Code     6  stm32f37x_gpio.o(.text)
    GPIO_ReadOutputDataBit                   0x0800334f   Thumb Code    18  stm32f37x_gpio.o(.text)
    GPIO_ReadOutputData                      0x08003361   Thumb Code     6  stm32f37x_gpio.o(.text)
    GPIO_SetBits                             0x08003367   Thumb Code     4  stm32f37x_gpio.o(.text)
    GPIO_ResetBits                           0x0800336b   Thumb Code     4  stm32f37x_gpio.o(.text)
    GPIO_WriteBit                            0x0800336f   Thumb Code    10  stm32f37x_gpio.o(.text)
    GPIO_Write                               0x08003379   Thumb Code     4  stm32f37x_gpio.o(.text)
    GPIO_PinAFConfig                         0x0800337d   Thumb Code    70  stm32f37x_gpio.o(.text)
    RCC_DeInit                               0x080033d9   Thumb Code    82  stm32f37x_rcc.o(.text)
    RCC_HSEConfig                            0x0800342b   Thumb Code    12  stm32f37x_rcc.o(.text)
    RCC_GetFlagStatus                        0x08003437   Thumb Code    54  stm32f37x_rcc.o(.text)
    RCC_WaitForHSEStartUp                    0x0800346d   Thumb Code    56  stm32f37x_rcc.o(.text)
    RCC_AdjustHSICalibrationValue            0x080034a5   Thumb Code    20  stm32f37x_rcc.o(.text)
    RCC_HSICmd                               0x080034b9   Thumb Code     6  stm32f37x_rcc.o(.text)
    RCC_LSEConfig                            0x080034bf   Thumb Code    32  stm32f37x_rcc.o(.text)
    RCC_LSEDriveConfig                       0x080034df   Thumb Code    22  stm32f37x_rcc.o(.text)
    RCC_LSICmd                               0x080034f5   Thumb Code     6  stm32f37x_rcc.o(.text)
    RCC_PLLConfig                            0x080034fb   Thumb Code    28  stm32f37x_rcc.o(.text)
    RCC_PLLCmd                               0x08003517   Thumb Code     6  stm32f37x_rcc.o(.text)
    RCC_PREDIV1Config                        0x0800351d   Thumb Code    18  stm32f37x_rcc.o(.text)
    RCC_ClockSecuritySystemCmd               0x0800352f   Thumb Code     6  stm32f37x_rcc.o(.text)
    RCC_MCOConfig                            0x08003535   Thumb Code     6  stm32f37x_rcc.o(.text)
    RCC_SYSCLKConfig                         0x0800353b   Thumb Code    18  stm32f37x_rcc.o(.text)
    RCC_GetSYSCLKSource                      0x0800354d   Thumb Code    10  stm32f37x_rcc.o(.text)
    RCC_HCLKConfig                           0x08003557   Thumb Code    18  stm32f37x_rcc.o(.text)
    RCC_PCLK1Config                          0x08003569   Thumb Code    18  stm32f37x_rcc.o(.text)
    RCC_PCLK2Config                          0x0800357b   Thumb Code    20  stm32f37x_rcc.o(.text)
    RCC_ADCCLKConfig                         0x0800358f   Thumb Code    22  stm32f37x_rcc.o(.text)
    RCC_SDADCCLKConfig                       0x080035a5   Thumb Code    22  stm32f37x_rcc.o(.text)
    RCC_CECCLKConfig                         0x080035bb   Thumb Code    22  stm32f37x_rcc.o(.text)
    RCC_I2CCLKConfig                         0x080035d1   Thumb Code    44  stm32f37x_rcc.o(.text)
    RCC_USARTCLKConfig                       0x080035fd   Thumb Code    76  stm32f37x_rcc.o(.text)
    RCC_USBCLKConfig                         0x08003649   Thumb Code     6  stm32f37x_rcc.o(.text)
    RCC_GetClocksFreq                        0x0800364f   Thumb Code   548  stm32f37x_rcc.o(.text)
    RCC_RTCCLKConfig                         0x08003873   Thumb Code    12  stm32f37x_rcc.o(.text)
    RCC_RTCCLKCmd                            0x0800387f   Thumb Code     6  stm32f37x_rcc.o(.text)
    RCC_BackupResetCmd                       0x08003885   Thumb Code     8  stm32f37x_rcc.o(.text)
    RCC_AHBPeriphClockCmd                    0x0800388d   Thumb Code    26  stm32f37x_rcc.o(.text)
    RCC_APB2PeriphClockCmd                   0x080038a7   Thumb Code    26  stm32f37x_rcc.o(.text)
    RCC_APB1PeriphClockCmd                   0x080038c1   Thumb Code    26  stm32f37x_rcc.o(.text)
    RCC_AHBPeriphResetCmd                    0x080038db   Thumb Code    26  stm32f37x_rcc.o(.text)
    RCC_APB2PeriphResetCmd                   0x080038f5   Thumb Code    26  stm32f37x_rcc.o(.text)
    RCC_APB1PeriphResetCmd                   0x0800390f   Thumb Code    26  stm32f37x_rcc.o(.text)
    RCC_ITConfig                             0x08003929   Thumb Code    26  stm32f37x_rcc.o(.text)
    RCC_ClearFlag                            0x08003943   Thumb Code    14  stm32f37x_rcc.o(.text)
    RCC_GetITStatus                          0x08003951   Thumb Code    20  stm32f37x_rcc.o(.text)
    RCC_ClearITPendingBit                    0x08003965   Thumb Code     6  stm32f37x_rcc.o(.text)
    USART_DeInit                             0x08003979   Thumb Code    82  stm32f37x_usart.o(.text)
    USART_Init                               0x080039cb   Thumb Code   196  stm32f37x_usart.o(.text)
    USART_StructInit                         0x08003a8f   Thumb Code    24  stm32f37x_usart.o(.text)
    USART_ClockInit                          0x08003aa7   Thumb Code    30  stm32f37x_usart.o(.text)
    USART_ClockStructInit                    0x08003ac5   Thumb Code    12  stm32f37x_usart.o(.text)
    USART_Cmd                                0x08003ad1   Thumb Code    22  stm32f37x_usart.o(.text)
    USART_DirectionModeCmd                   0x08003ae7   Thumb Code    18  stm32f37x_usart.o(.text)
    USART_OverSampling8Cmd                   0x08003af9   Thumb Code    22  stm32f37x_usart.o(.text)
    USART_OneBitMethodCmd                    0x08003b0f   Thumb Code    22  stm32f37x_usart.o(.text)
    USART_MSBFirstCmd                        0x08003b25   Thumb Code    22  stm32f37x_usart.o(.text)
    USART_DataInvCmd                         0x08003b3b   Thumb Code    22  stm32f37x_usart.o(.text)
    USART_InvPinCmd                          0x08003b51   Thumb Code    18  stm32f37x_usart.o(.text)
    USART_SWAPPinCmd                         0x08003b63   Thumb Code    22  stm32f37x_usart.o(.text)
    USART_ReceiverTimeOutCmd                 0x08003b79   Thumb Code    22  stm32f37x_usart.o(.text)
    USART_SetReceiverTimeOut                 0x08003b8f   Thumb Code    16  stm32f37x_usart.o(.text)
    USART_SetPrescaler                       0x08003b9f   Thumb Code    16  stm32f37x_usart.o(.text)
    USART_STOPModeCmd                        0x08003baf   Thumb Code    22  stm32f37x_usart.o(.text)
    USART_StopModeWakeUpSourceConfig         0x08003bc5   Thumb Code    16  stm32f37x_usart.o(.text)
    USART_AutoBaudRateCmd                    0x08003bd5   Thumb Code    22  stm32f37x_usart.o(.text)
    USART_AutoBaudRateConfig                 0x08003beb   Thumb Code    16  stm32f37x_usart.o(.text)
    USART_SendData                           0x08003bfb   Thumb Code     8  stm32f37x_usart.o(.text)
    USART_ReceiveData                        0x08003c03   Thumb Code    10  stm32f37x_usart.o(.text)
    USART_SetAddress                         0x08003c0d   Thumb Code    18  stm32f37x_usart.o(.text)
    USART_MuteModeCmd                        0x08003c1f   Thumb Code    22  stm32f37x_usart.o(.text)
    USART_MuteModeWakeUpConfig               0x08003c35   Thumb Code    16  stm32f37x_usart.o(.text)
    USART_AddressDetectionConfig             0x08003c45   Thumb Code    16  stm32f37x_usart.o(.text)
    USART_LINBreakDetectLengthConfig         0x08003c55   Thumb Code    16  stm32f37x_usart.o(.text)
    USART_LINCmd                             0x08003c65   Thumb Code    22  stm32f37x_usart.o(.text)
    USART_HalfDuplexCmd                      0x08003c7b   Thumb Code    22  stm32f37x_usart.o(.text)
    USART_SetGuardTime                       0x08003c91   Thumb Code    16  stm32f37x_usart.o(.text)
    USART_SmartCardCmd                       0x08003ca1   Thumb Code    22  stm32f37x_usart.o(.text)
    USART_SmartCardNACKCmd                   0x08003cb7   Thumb Code    22  stm32f37x_usart.o(.text)
    USART_SetAutoRetryCount                  0x08003ccd   Thumb Code    18  stm32f37x_usart.o(.text)
    USART_SetBlockLength                     0x08003cdf   Thumb Code    18  stm32f37x_usart.o(.text)
    USART_IrDAConfig                         0x08003cf1   Thumb Code    16  stm32f37x_usart.o(.text)
    USART_IrDACmd                            0x08003d01   Thumb Code    22  stm32f37x_usart.o(.text)
    USART_DECmd                              0x08003d17   Thumb Code    22  stm32f37x_usart.o(.text)
    USART_DEPolarityConfig                   0x08003d2d   Thumb Code    16  stm32f37x_usart.o(.text)
    USART_SetDEAssertionTime                 0x08003d3d   Thumb Code    18  stm32f37x_usart.o(.text)
    USART_SetDEDeassertionTime               0x08003d4f   Thumb Code    30  stm32f37x_usart.o(.text)
    USART_DMACmd                             0x08003d6d   Thumb Code    18  stm32f37x_usart.o(.text)
    USART_DMAReceptionErrorConfig            0x08003d7f   Thumb Code    16  stm32f37x_usart.o(.text)
    USART_ITConfig                           0x08003d8f   Thumb Code    58  stm32f37x_usart.o(.text)
    USART_RequestCmd                         0x08003dc9   Thumb Code    18  stm32f37x_usart.o(.text)
    USART_OverrunDetectionConfig             0x08003ddb   Thumb Code    16  stm32f37x_usart.o(.text)
    USART_GetFlagStatus                      0x08003deb   Thumb Code    18  stm32f37x_usart.o(.text)
    USART_ClearFlag                          0x08003dfd   Thumb Code     4  stm32f37x_usart.o(.text)
    USART_GetITStatus                        0x08003e01   Thumb Code    74  stm32f37x_usart.o(.text)
    USART_ClearITPendingBit                  0x08003e4b   Thumb Code    18  stm32f37x_usart.o(.text)
    ADC_DeInit                               0x08003e5d   Thumb Code    24  stm32f37x_adc.o(.text)
    ADC_Init                                 0x08003e75   Thumb Code    66  stm32f37x_adc.o(.text)
    ADC_StructInit                           0x08003eb7   Thumb Code    16  stm32f37x_adc.o(.text)
    ADC_Cmd                                  0x08003ec7   Thumb Code    22  stm32f37x_adc.o(.text)
    ADC_StartCalibration                     0x08003edd   Thumb Code    10  stm32f37x_adc.o(.text)
    ADC_ResetCalibration                     0x08003ee7   Thumb Code    10  stm32f37x_adc.o(.text)
    ADC_AnalogWatchdogCmd                    0x08003ef1   Thumb Code    16  stm32f37x_adc.o(.text)
    ADC_AnalogWatchdogThresholdsConfig       0x08003f01   Thumb Code     6  stm32f37x_adc.o(.text)
    ADC_AnalogWatchdogSingleChannelConfig    0x08003f07   Thumb Code    16  stm32f37x_adc.o(.text)
    ADC_TempSensorVrefintCmd                 0x08003f17   Thumb Code    30  stm32f37x_adc.o(.text)
    ADC_RegularChannelConfig                 0x08003f35   Thumb Code   184  stm32f37x_adc.o(.text)
    ADC_ExternalTrigConvCmd                  0x08003fed   Thumb Code    22  stm32f37x_adc.o(.text)
    ADC_SoftwareStartConv                    0x08004003   Thumb Code    10  stm32f37x_adc.o(.text)
    ADC_GetSoftwareStartConvStatus           0x0800400d   Thumb Code    20  stm32f37x_adc.o(.text)
    ADC_ContinuousModeCmd                    0x08004021   Thumb Code    22  stm32f37x_adc.o(.text)
    ADC_DiscModeChannelCountConfig           0x08004037   Thumb Code    24  stm32f37x_adc.o(.text)
    ADC_DiscModeCmd                          0x0800404f   Thumb Code    22  stm32f37x_adc.o(.text)
    ADC_GetConversionValue                   0x08004065   Thumb Code     8  stm32f37x_adc.o(.text)
    ADC_DMACmd                               0x0800406d   Thumb Code    22  stm32f37x_adc.o(.text)
    ADC_InjectedChannelConfig                0x08004083   Thumb Code   130  stm32f37x_adc.o(.text)
    ADC_InjectedSequencerLengthConfig        0x08004105   Thumb Code    24  stm32f37x_adc.o(.text)
    ADC_SetInjectedOffset                    0x0800411d   Thumb Code    20  stm32f37x_adc.o(.text)
    ADC_ExternalTrigInjectedConvConfig       0x08004131   Thumb Code    16  stm32f37x_adc.o(.text)
    ADC_ExternalTrigInjectedConvCmd          0x08004141   Thumb Code    22  stm32f37x_adc.o(.text)
    ADC_SoftwareStartInjectedConvCmd         0x08004157   Thumb Code    22  stm32f37x_adc.o(.text)
    ADC_GetSoftwareStartInjectedConvCmdStatus 0x0800416d   Thumb Code    20  stm32f37x_adc.o(.text)
    ADC_AutoInjectedConvCmd                  0x08004181   Thumb Code    22  stm32f37x_adc.o(.text)
    ADC_InjectedDiscModeCmd                  0x08004197   Thumb Code    22  stm32f37x_adc.o(.text)
    ADC_GetInjectedConversionValue           0x080041ad   Thumb Code    28  stm32f37x_adc.o(.text)
    ADC_ITConfig                             0x080041c9   Thumb Code    24  stm32f37x_adc.o(.text)
    ADC_GetFlagStatus                        0x080041e1   Thumb Code    18  stm32f37x_adc.o(.text)
    ADC_ClearFlag                            0x080041f3   Thumb Code     6  stm32f37x_adc.o(.text)
    ADC_GetITStatus                          0x080041f9   Thumb Code    36  stm32f37x_adc.o(.text)
    ADC_ClearITPendingBit                    0x0800421d   Thumb Code    10  stm32f37x_adc.o(.text)
    ADC_GetCalibrationStatus                 0x08004227   Thumb Code    20  stm32f37x_adc.o(.text)
    ADC_GetResetCalibrationStatus            0x0800423b   Thumb Code    20  stm32f37x_adc.o(.text)
    DMA_DeInit                               0x0800425d   Thumb Code   324  stm32f37x_dma.o(.text)
    DMA_Init                                 0x080043a1   Thumb Code    60  stm32f37x_dma.o(.text)
    DMA_StructInit                           0x080043dd   Thumb Code    26  stm32f37x_dma.o(.text)
    DMA_Cmd                                  0x080043f7   Thumb Code    24  stm32f37x_dma.o(.text)
    DMA_SetCurrDataCounter                   0x0800440f   Thumb Code     4  stm32f37x_dma.o(.text)
    DMA_GetCurrDataCounter                   0x08004413   Thumb Code     8  stm32f37x_dma.o(.text)
    DMA_ITConfig                             0x0800441b   Thumb Code    18  stm32f37x_dma.o(.text)
    DMA_GetFlagStatus                        0x0800442d   Thumb Code    38  stm32f37x_dma.o(.text)
    DMA_ClearFlag                            0x08004453   Thumb Code    22  stm32f37x_dma.o(.text)
    DMA_GetITStatus                          0x08004469   Thumb Code    38  stm32f37x_dma.o(.text)
    DMA_ClearITPendingBit                    0x0800448f   Thumb Code    22  stm32f37x_dma.o(.text)
    SDADC_DeInit                             0x080044ad   Thumb Code    76  stm32f37x_sdadc.o(.text)
    SDADC_Init                               0x080044f9   Thumb Code    34  stm32f37x_sdadc.o(.text)
    SDADC_StructInit                         0x0800451b   Thumb Code    12  stm32f37x_sdadc.o(.text)
    SDADC_AINInit                            0x08004527   Thumb Code    30  stm32f37x_sdadc.o(.text)
    SDADC_AINStructInit                      0x08004545   Thumb Code    12  stm32f37x_sdadc.o(.text)
    SDADC_ChannelConfig                      0x08004551   Thumb Code    30  stm32f37x_sdadc.o(.text)
    SDADC_Cmd                                0x0800456f   Thumb Code    22  stm32f37x_sdadc.o(.text)
    SDADC_InitModeCmd                        0x08004585   Thumb Code    22  stm32f37x_sdadc.o(.text)
    SDADC_FastConversionCmd                  0x0800459b   Thumb Code    22  stm32f37x_sdadc.o(.text)
    SDADC_VREFSelect                         0x080045b1   Thumb Code    16  stm32f37x_sdadc.o(.text)
    SDADC_CalibrationSequenceConfig          0x080045c1   Thumb Code    14  stm32f37x_sdadc.o(.text)
    SDADC_StartCalibration                   0x080045cf   Thumb Code    10  stm32f37x_sdadc.o(.text)
    SDADC_ChannelSelect                      0x080045d9   Thumb Code    18  stm32f37x_sdadc.o(.text)
    SDADC_ContinuousModeCmd                  0x080045eb   Thumb Code    22  stm32f37x_sdadc.o(.text)
    SDADC_SoftwareStartConv                  0x08004601   Thumb Code    10  stm32f37x_sdadc.o(.text)
    SDADC_GetConversionValue                 0x0800460b   Thumb Code     8  stm32f37x_sdadc.o(.text)
    SDADC_RegularSynchroSDADC1               0x08004613   Thumb Code    22  stm32f37x_sdadc.o(.text)
    SDADC_GetConversionSDADC12Value          0x08004629   Thumb Code     6  stm32f37x_sdadc.o(.text)
    SDADC_GetConversionSDADC13Value          0x0800462f   Thumb Code     6  stm32f37x_sdadc.o(.text)
    SDADC_SoftwareStartInjectedConv          0x08004635   Thumb Code    10  stm32f37x_sdadc.o(.text)
    SDADC_InjectedChannelSelect              0x0800463f   Thumb Code     6  stm32f37x_sdadc.o(.text)
    SDADC_DelayStartInjectedConvCmd          0x08004645   Thumb Code    22  stm32f37x_sdadc.o(.text)
    SDADC_InjectedContinuousModeCmd          0x0800465b   Thumb Code    22  stm32f37x_sdadc.o(.text)
    SDADC_ExternalTrigInjectedConvConfig     0x08004671   Thumb Code    16  stm32f37x_sdadc.o(.text)
    SDADC_ExternalTrigInjectedConvEdgeConfig 0x08004681   Thumb Code    16  stm32f37x_sdadc.o(.text)
    SDADC_GetInjectedChannel                 0x08004691   Thumb Code    18  stm32f37x_sdadc.o(.text)
    SDADC_GetInjectedConversionValue         0x080046a3   Thumb Code    30  stm32f37x_sdadc.o(.text)
    SDADC_InjectedSynchroSDADC1              0x080046c1   Thumb Code    22  stm32f37x_sdadc.o(.text)
    SDADC_GetInjectedConversionSDADC12Value  0x080046d7   Thumb Code     6  stm32f37x_sdadc.o(.text)
    SDADC_GetInjectedConversionSDADC13Value  0x080046dd   Thumb Code     6  stm32f37x_sdadc.o(.text)
    SDADC_PowerDownCmd                       0x080046e3   Thumb Code    22  stm32f37x_sdadc.o(.text)
    SDADC_StandbyCmd                         0x080046f9   Thumb Code    22  stm32f37x_sdadc.o(.text)
    SDADC_SlowClockCmd                       0x0800470f   Thumb Code    22  stm32f37x_sdadc.o(.text)
    SDADC_DMAConfig                          0x08004725   Thumb Code    18  stm32f37x_sdadc.o(.text)
    SDADC_ITConfig                           0x08004737   Thumb Code    18  stm32f37x_sdadc.o(.text)
    SDADC_GetFlagStatus                      0x08004749   Thumb Code    18  stm32f37x_sdadc.o(.text)
    SDADC_ClearFlag                          0x0800475b   Thumb Code     8  stm32f37x_sdadc.o(.text)
    SDADC_GetITStatus                        0x08004763   Thumb Code    34  stm32f37x_sdadc.o(.text)
    SDADC_ClearITPendingBit                  0x08004785   Thumb Code     8  stm32f37x_sdadc.o(.text)
    TIM_DeInit                               0x080047a1   Thumb Code   348  stm32f37x_tim.o(.text)
    TIM_TimeBaseInit                         0x080048fd   Thumb Code   110  stm32f37x_tim.o(.text)
    TIM_TimeBaseStructInit                   0x0800496b   Thumb Code    18  stm32f37x_tim.o(.text)
    TIM_PrescalerConfig                      0x0800497d   Thumb Code     6  stm32f37x_tim.o(.text)
    TIM_CounterModeConfig                    0x08004983   Thumb Code    18  stm32f37x_tim.o(.text)
    TIM_SetCounter                           0x08004995   Thumb Code     4  stm32f37x_tim.o(.text)
    TIM_SetAutoreload                        0x08004999   Thumb Code     4  stm32f37x_tim.o(.text)
    TIM_GetCounter                           0x0800499d   Thumb Code     6  stm32f37x_tim.o(.text)
    TIM_GetPrescaler                         0x080049a3   Thumb Code     6  stm32f37x_tim.o(.text)
    TIM_UpdateDisableConfig                  0x080049a9   Thumb Code    24  stm32f37x_tim.o(.text)
    TIM_UpdateRequestConfig                  0x080049c1   Thumb Code    24  stm32f37x_tim.o(.text)
    TIM_ARRPreloadConfig                     0x080049d9   Thumb Code    24  stm32f37x_tim.o(.text)
    TIM_SelectOnePulseMode                   0x080049f1   Thumb Code    18  stm32f37x_tim.o(.text)
    TIM_SetClockDivision                     0x08004a03   Thumb Code    18  stm32f37x_tim.o(.text)
    TIM_Cmd                                  0x08004a15   Thumb Code    24  stm32f37x_tim.o(.text)
    TIM_BDTRConfig                           0x08004a2d   Thumb Code    38  stm32f37x_tim.o(.text)
    TIM_BDTRStructInit                       0x08004a53   Thumb Code    18  stm32f37x_tim.o(.text)
    TIM_CtrlPWMOutputs                       0x08004a65   Thumb Code    30  stm32f37x_tim.o(.text)
    TIM_OC1Init                              0x08004a83   Thumb Code   120  stm32f37x_tim.o(.text)
    TIM_OC2Init                              0x08004afb   Thumb Code    82  stm32f37x_tim.o(.text)
    TIM_OC3Init                              0x08004b4d   Thumb Code   132  stm32f37x_tim.o(.text)
    TIM_OC4Init                              0x08004bd1   Thumb Code    82  stm32f37x_tim.o(.text)
    TIM_OCStructInit                         0x08004c23   Thumb Code    20  stm32f37x_tim.o(.text)
    TIM_SelectOCxM                           0x08004c37   Thumb Code    82  stm32f37x_tim.o(.text)
    TIM_SetCompare1                          0x08004c89   Thumb Code     4  stm32f37x_tim.o(.text)
    TIM_SetCompare2                          0x08004c8d   Thumb Code     4  stm32f37x_tim.o(.text)
    TIM_SetCompare3                          0x08004c91   Thumb Code     4  stm32f37x_tim.o(.text)
    TIM_SetCompare4                          0x08004c95   Thumb Code     4  stm32f37x_tim.o(.text)
    TIM_ForcedOC1Config                      0x08004c99   Thumb Code    18  stm32f37x_tim.o(.text)
    TIM_ForcedOC2Config                      0x08004cab   Thumb Code    26  stm32f37x_tim.o(.text)
    TIM_ForcedOC3Config                      0x08004cc5   Thumb Code    18  stm32f37x_tim.o(.text)
    TIM_ForcedOC4Config                      0x08004cd7   Thumb Code    26  stm32f37x_tim.o(.text)
    TIM_CCPreloadControl                     0x08004cf1   Thumb Code    24  stm32f37x_tim.o(.text)
    TIM_OC1PreloadConfig                     0x08004d09   Thumb Code    18  stm32f37x_tim.o(.text)
    TIM_OC2PreloadConfig                     0x08004d1b   Thumb Code    26  stm32f37x_tim.o(.text)
    TIM_OC3PreloadConfig                     0x08004d35   Thumb Code    18  stm32f37x_tim.o(.text)
    TIM_OC4PreloadConfig                     0x08004d47   Thumb Code    26  stm32f37x_tim.o(.text)
    TIM_OC1FastConfig                        0x08004d61   Thumb Code    18  stm32f37x_tim.o(.text)
    TIM_OC2FastConfig                        0x08004d73   Thumb Code    26  stm32f37x_tim.o(.text)
    TIM_OC3FastConfig                        0x08004d8d   Thumb Code    18  stm32f37x_tim.o(.text)
    TIM_OC4FastConfig                        0x08004d9f   Thumb Code    26  stm32f37x_tim.o(.text)
    TIM_ClearOC1Ref                          0x08004db9   Thumb Code    18  stm32f37x_tim.o(.text)
    TIM_ClearOC2Ref                          0x08004dcb   Thumb Code    24  stm32f37x_tim.o(.text)
    TIM_ClearOC3Ref                          0x08004de3   Thumb Code    18  stm32f37x_tim.o(.text)
    TIM_ClearOC4Ref                          0x08004df5   Thumb Code    24  stm32f37x_tim.o(.text)
    TIM_OC1PolarityConfig                    0x08004e0d   Thumb Code    18  stm32f37x_tim.o(.text)
    TIM_OC1NPolarityConfig                   0x08004e1f   Thumb Code    18  stm32f37x_tim.o(.text)
    TIM_OC2PolarityConfig                    0x08004e31   Thumb Code    26  stm32f37x_tim.o(.text)
    TIM_OC3PolarityConfig                    0x08004e4b   Thumb Code    26  stm32f37x_tim.o(.text)
    TIM_OC4PolarityConfig                    0x08004e65   Thumb Code    26  stm32f37x_tim.o(.text)
    TIM_SelectOCREFClear                     0x08004e7f   Thumb Code    18  stm32f37x_tim.o(.text)
    TIM_CCxCmd                               0x08004e91   Thumb Code    30  stm32f37x_tim.o(.text)
    TIM_CCxNCmd                              0x08004eaf   Thumb Code    30  stm32f37x_tim.o(.text)
    TIM_SelectCOM                            0x08004ecd   Thumb Code    24  stm32f37x_tim.o(.text)
    TIM_SetIC4Prescaler                      0x08004ee5   Thumb Code    26  stm32f37x_tim.o(.text)
    TIM_SetIC3Prescaler                      0x08004f4f   Thumb Code    18  stm32f37x_tim.o(.text)
    TIM_SetIC2Prescaler                      0x08004fa9   Thumb Code    26  stm32f37x_tim.o(.text)
    TIM_SetIC1Prescaler                      0x08005013   Thumb Code    18  stm32f37x_tim.o(.text)
    TIM_ICInit                               0x0800505f   Thumb Code   110  stm32f37x_tim.o(.text)
    TIM_ICStructInit                         0x080050cd   Thumb Code    18  stm32f37x_tim.o(.text)
    TIM_PWMIConfig                           0x080050df   Thumb Code   124  stm32f37x_tim.o(.text)
    TIM_GetCapture1                          0x0800515b   Thumb Code     6  stm32f37x_tim.o(.text)
    TIM_GetCapture2                          0x08005161   Thumb Code     6  stm32f37x_tim.o(.text)
    TIM_GetCapture3                          0x08005167   Thumb Code     6  stm32f37x_tim.o(.text)
    TIM_GetCapture4                          0x0800516d   Thumb Code     6  stm32f37x_tim.o(.text)
    TIM_ITConfig                             0x08005173   Thumb Code    18  stm32f37x_tim.o(.text)
    TIM_GenerateEvent                        0x08005185   Thumb Code     4  stm32f37x_tim.o(.text)
    TIM_GetFlagStatus                        0x08005189   Thumb Code    18  stm32f37x_tim.o(.text)
    TIM_ClearFlag                            0x0800519b   Thumb Code     6  stm32f37x_tim.o(.text)
    TIM_GetITStatus                          0x080051a1   Thumb Code    34  stm32f37x_tim.o(.text)
    TIM_ClearITPendingBit                    0x080051c3   Thumb Code     6  stm32f37x_tim.o(.text)
    TIM_DMAConfig                            0x080051c9   Thumb Code    10  stm32f37x_tim.o(.text)
    TIM_DMACmd                               0x080051d3   Thumb Code    18  stm32f37x_tim.o(.text)
    TIM_SelectCCDMA                          0x080051e5   Thumb Code    24  stm32f37x_tim.o(.text)
    TIM_InternalClockConfig                  0x080051fd   Thumb Code    12  stm32f37x_tim.o(.text)
    TIM_SelectInputTrigger                   0x08005209   Thumb Code    18  stm32f37x_tim.o(.text)
    TIM_ITRxExternalClockConfig              0x0800521b   Thumb Code    24  stm32f37x_tim.o(.text)
    TIM_TIxExternalClockConfig               0x08005233   Thumb Code    62  stm32f37x_tim.o(.text)
    TIM_ETRConfig                            0x08005271   Thumb Code    28  stm32f37x_tim.o(.text)
    TIM_ETRClockMode1Config                  0x0800528d   Thumb Code    54  stm32f37x_tim.o(.text)
    TIM_ETRClockMode2Config                  0x080052c3   Thumb Code    32  stm32f37x_tim.o(.text)
    TIM_SelectOutputTrigger                  0x080052e3   Thumb Code    18  stm32f37x_tim.o(.text)
    TIM_SelectSlaveMode                      0x080052f5   Thumb Code    18  stm32f37x_tim.o(.text)
    TIM_SelectMasterSlaveMode                0x08005307   Thumb Code    18  stm32f37x_tim.o(.text)
    TIM_EncoderInterfaceConfig               0x08005319   Thumb Code    66  stm32f37x_tim.o(.text)
    TIM_SelectHallSensor                     0x0800535b   Thumb Code    24  stm32f37x_tim.o(.text)
    TIM_RemapConfig                          0x08005373   Thumb Code     6  stm32f37x_tim.o(.text)
    NVIC_PriorityGroupConfig                 0x08005379   Thumb Code    10  stm32f37x_misc.o(.text)
    NVIC_Init                                0x08005383   Thumb Code   102  stm32f37x_misc.o(.text)
    NVIC_SetVectorTable                      0x080053e9   Thumb Code    14  stm32f37x_misc.o(.text)
    NVIC_SystemLPConfig                      0x080053f7   Thumb Code    34  stm32f37x_misc.o(.text)
    SysTick_CLKSourceConfig                  0x08005419   Thumb Code    40  stm32f37x_misc.o(.text)
    PWR_DeInit                               0x08005455   Thumb Code    22  stm32f37x_pwr.o(.text)
    PWR_BackupAccessCmd                      0x0800546b   Thumb Code     6  stm32f37x_pwr.o(.text)
    PWR_PVDLevelConfig                       0x08005471   Thumb Code    18  stm32f37x_pwr.o(.text)
    PWR_PVDCmd                               0x08005483   Thumb Code     6  stm32f37x_pwr.o(.text)
    PWR_WakeUpPinCmd                         0x08005489   Thumb Code    26  stm32f37x_pwr.o(.text)
    PWR_SDADCAnalogCmd                       0x080054a3   Thumb Code    26  stm32f37x_pwr.o(.text)
    PWR_EnterSleepMode                       0x080054bd   Thumb Code    24  stm32f37x_pwr.o(.text)
    PWR_EnterSTOPMode                        0x080054d5   Thumb Code    54  stm32f37x_pwr.o(.text)
    PWR_EnterSTANDBYMode                     0x0800550b   Thumb Code    42  stm32f37x_pwr.o(.text)
    PWR_GetFlagStatus                        0x08005535   Thumb Code    20  stm32f37x_pwr.o(.text)
    PWR_ClearFlag                            0x08005549   Thumb Code    14  stm32f37x_pwr.o(.text)
    FLASH_SetLatency                         0x08005565   Thumb Code    18  stm32f37x_flash.o(.text)
    FLASH_HalfCycleAccessCmd                 0x08005577   Thumb Code    30  stm32f37x_flash.o(.text)
    FLASH_PrefetchBufferCmd                  0x08005595   Thumb Code    30  stm32f37x_flash.o(.text)
    FLASH_Unlock                             0x080055b3   Thumb Code    22  stm32f37x_flash.o(.text)
    FLASH_Lock                               0x080055c9   Thumb Code    14  stm32f37x_flash.o(.text)
    FLASH_GetStatus                          0x080055d7   Thumb Code    48  stm32f37x_flash.o(.text)
    FLASH_WaitForLastOperation               0x08005607   Thumb Code    38  stm32f37x_flash.o(.text)
    FLASH_ErasePage                          0x0800562d   Thumb Code    70  stm32f37x_flash.o(.text)
    FLASH_EraseAllPages                      0x08005673   Thumb Code    66  stm32f37x_flash.o(.text)
    FLASH_ProgramWord                        0x080056b5   Thumb Code   104  stm32f37x_flash.o(.text)
    FLASH_ProgramHalfWord                    0x0800571d   Thumb Code    62  stm32f37x_flash.o(.text)
    FLASH_OB_Unlock                          0x0800575b   Thumb Code    22  stm32f37x_flash.o(.text)
    FLASH_OB_Lock                            0x08005771   Thumb Code    14  stm32f37x_flash.o(.text)
    FLASH_OB_Launch                          0x0800577f   Thumb Code    14  stm32f37x_flash.o(.text)
    FLASH_OB_GetRDP                          0x0800578d   Thumb Code    20  stm32f37x_flash.o(.text)
    FLASH_OB_Erase                           0x080057a1   Thumb Code   138  stm32f37x_flash.o(.text)
    FLASH_OB_ProgramData                     0x0800582b   Thumb Code    66  stm32f37x_flash.o(.text)
    FLASH_OB_EnableWRP                       0x0800586d   Thumb Code   182  stm32f37x_flash.o(.text)
    FLASH_OB_RDPConfig                       0x08005923   Thumb Code   148  stm32f37x_flash.o(.text)
    FLASH_OB_UserConfig                      0x080059b7   Thumb Code    82  stm32f37x_flash.o(.text)
    FLASH_OB_BOOTConfig                      0x08005a09   Thumb Code    72  stm32f37x_flash.o(.text)
    FLASH_OB_VDDAConfig                      0x08005a51   Thumb Code    72  stm32f37x_flash.o(.text)
    FLASH_OB_VDD_SD12Config                  0x08005a99   Thumb Code    72  stm32f37x_flash.o(.text)
    FLASH_OB_SRAMParityConfig                0x08005ae1   Thumb Code    72  stm32f37x_flash.o(.text)
    FLASH_OB_WriteUser                       0x08005b29   Thumb Code    72  stm32f37x_flash.o(.text)
    FLASH_OB_GetUser                         0x08005b71   Thumb Code    10  stm32f37x_flash.o(.text)
    FLASH_OB_GetWRP                          0x08005b7b   Thumb Code     6  stm32f37x_flash.o(.text)
    FLASH_ITConfig                           0x08005b81   Thumb Code    26  stm32f37x_flash.o(.text)
    FLASH_GetFlagStatus                      0x08005b9b   Thumb Code    20  stm32f37x_flash.o(.text)
    FLASH_ClearFlag                          0x08005baf   Thumb Code     6  stm32f37x_flash.o(.text)
    SPI_I2S_DeInit                           0x08005bbd   Thumb Code    76  stm32f37x_spi.o(.text)
    SPI_StructInit                           0x08005c09   Thumb Code    30  stm32f37x_spi.o(.text)
    SPI_Init                                 0x08005c27   Thumb Code    80  stm32f37x_spi.o(.text)
    I2S_StructInit                           0x08005c77   Thumb Code    20  stm32f37x_spi.o(.text)
    I2S_Init                                 0x08005c8b   Thumb Code   216  stm32f37x_spi.o(.text)
    SPI_Cmd                                  0x08005d63   Thumb Code    24  stm32f37x_spi.o(.text)
    SPI_TIModeCmd                            0x08005d7b   Thumb Code    24  stm32f37x_spi.o(.text)
    I2S_Cmd                                  0x08005d93   Thumb Code    24  stm32f37x_spi.o(.text)
    SPI_DataSizeConfig                       0x08005dab   Thumb Code    18  stm32f37x_spi.o(.text)
    SPI_RxFIFOThresholdConfig                0x08005dbd   Thumb Code    18  stm32f37x_spi.o(.text)
    SPI_BiDirectionalLineConfig              0x08005dcf   Thumb Code    28  stm32f37x_spi.o(.text)
    SPI_NSSInternalSoftwareConfig            0x08005deb   Thumb Code    30  stm32f37x_spi.o(.text)
    SPI_SSOutputCmd                          0x08005e09   Thumb Code    24  stm32f37x_spi.o(.text)
    SPI_NSSPulseModeCmd                      0x08005e21   Thumb Code    24  stm32f37x_spi.o(.text)
    SPI_SendData8                            0x08005e39   Thumb Code    10  stm32f37x_spi.o(.text)
    SPI_I2S_SendData16                       0x08005e43   Thumb Code     4  stm32f37x_spi.o(.text)
    SPI_ReceiveData8                         0x08005e47   Thumb Code    12  stm32f37x_spi.o(.text)
    SPI_I2S_ReceiveData16                    0x08005e53   Thumb Code     6  stm32f37x_spi.o(.text)
    SPI_CRCLengthConfig                      0x08005e59   Thumb Code    18  stm32f37x_spi.o(.text)
    SPI_CalculateCRC                         0x08005e6b   Thumb Code    24  stm32f37x_spi.o(.text)
    SPI_TransmitCRC                          0x08005e83   Thumb Code    10  stm32f37x_spi.o(.text)
    SPI_GetCRC                               0x08005e8d   Thumb Code    16  stm32f37x_spi.o(.text)
    SPI_GetCRCPolynomial                     0x08005e9d   Thumb Code     6  stm32f37x_spi.o(.text)
    SPI_I2S_DMACmd                           0x08005ea3   Thumb Code    18  stm32f37x_spi.o(.text)
    SPI_LastDMATransferCmd                   0x08005eb5   Thumb Code    18  stm32f37x_spi.o(.text)
    SPI_I2S_ITConfig                         0x08005ec7   Thumb Code    32  stm32f37x_spi.o(.text)
    SPI_GetTransmissionFIFOStatus            0x08005ee7   Thumb Code    10  stm32f37x_spi.o(.text)
    SPI_GetReceptionFIFOStatus               0x08005ef1   Thumb Code    10  stm32f37x_spi.o(.text)
    SPI_I2S_GetFlagStatus                    0x08005efb   Thumb Code    18  stm32f37x_spi.o(.text)
    SPI_I2S_ClearFlag                        0x08005f0d   Thumb Code     6  stm32f37x_spi.o(.text)
    SPI_I2S_GetITStatus                      0x08005f13   Thumb Code    52  stm32f37x_spi.o(.text)
    __2sprintf                               0x08005f55   Thumb Code    34  noretval__2sprintf.o(.text)
    __printf                                 0x08005f7d   Thumb Code   104  __printf.o(.text)
    _printf_int_dec                          0x08005fe5   Thumb Code   102  _printf_dec.o(.text)
    __aeabi_memclr4                          0x0800605d   Thumb Code     0  rt_memclr_w.o(.text)
    __aeabi_memclr8                          0x0800605d   Thumb Code     0  rt_memclr_w.o(.text)
    __rt_memclr_w                            0x0800605d   Thumb Code    78  rt_memclr_w.o(.text)
    _memset_w                                0x08006061   Thumb Code     0  rt_memclr_w.o(.text)
    __use_two_region_memory                  0x080060ab   Thumb Code     2  heapauxi.o(.text)
    __rt_heap_escrow$2region                 0x080060ad   Thumb Code     2  heapauxi.o(.text)
    __rt_heap_expand$2region                 0x080060af   Thumb Code     2  heapauxi.o(.text)
    __read_errno                             0x080060b1   Thumb Code    10  _rserrno.o(.text)
    __set_errno                              0x080060bb   Thumb Code    12  _rserrno.o(.text)
    _printf_int_common                       0x080060c7   Thumb Code   184  _printf_intcommon.o(.text)
    _printf_char_common                      0x0800618b   Thumb Code    32  _printf_char_common.o(.text)
    _sputc                                   0x080061b1   Thumb Code    10  _sputc.o(.text)
    __aeabi_errno_addr                       0x080061bd   Thumb Code     8  rt_errno_addr_intlibspace.o(.text)
    __errno$intlibspace                      0x080061bd   Thumb Code     0  rt_errno_addr_intlibspace.o(.text)
    __rt_errno_addr$intlibspace              0x080061bd   Thumb Code     0  rt_errno_addr_intlibspace.o(.text)
    __user_libspace                          0x080061c5   Thumb Code     8  libspace.o(.text)
    __user_perproc_libspace                  0x080061c5   Thumb Code     0  libspace.o(.text)
    __user_perthread_libspace                0x080061c5   Thumb Code     0  libspace.o(.text)
    __user_setup_stackheap                   0x080061cd   Thumb Code    74  sys_stackheap_outer.o(.text)
    exit                                     0x08006217   Thumb Code    12  exit.o(.text)
    _sys_exit                                0x08006225   Thumb Code     8  sys_exit.o(.text)
    __I$use$semihosting                      0x08006231   Thumb Code     0  use_no_semi.o(.text)
    __use_no_semihosting_swi                 0x08006231   Thumb Code     2  use_no_semi.o(.text)
    __ARM_fpclassify                         0x08006233   Thumb Code    48  fpclassify.o(i.__ARM_fpclassify)
    __semihosting_library_function           0x08006233   Thumb Code     0  indicate_semi.o(.text)
    __hardfp_exp                             0x08006269   Thumb Code   726  exp.o(i.__hardfp_exp)
    __kernel_poly                            0x080065d1   Thumb Code   248  poly.o(i.__kernel_poly)
    __mathlib_dbl_underflow                  0x080066c9   Thumb Code    24  dunder.o(i.__mathlib_dbl_underflow)
    __aeabi_d2f                              0x080066e9   Thumb Code     0  d2f.o(x$fpl$d2f)
    _d2f                                     0x080066e9   Thumb Code    98  d2f.o(x$fpl$d2f)
    __aeabi_dadd                             0x0800674d   Thumb Code     0  daddsub_clz.o(x$fpl$dadd)
    _dadd                                    0x0800674d   Thumb Code   332  daddsub_clz.o(x$fpl$dadd)
    __fpl_dcmp_Inf                           0x0800689d   Thumb Code    24  dcmpi.o(x$fpl$dcmpinf)
    __aeabi_ddiv                             0x080068b5   Thumb Code     0  ddiv.o(x$fpl$ddiv)
    _ddiv                                    0x080068b5   Thumb Code   552  ddiv.o(x$fpl$ddiv)
    __aeabi_d2iz                             0x08006b65   Thumb Code     0  dfix.o(x$fpl$dfix)
    _dfix                                    0x08006b65   Thumb Code    94  dfix.o(x$fpl$dfix)
    __aeabi_d2uiz                            0x08006bc5   Thumb Code     0  dfixu.o(x$fpl$dfixu)
    _dfixu                                   0x08006bc5   Thumb Code    90  dfixu.o(x$fpl$dfixu)
    __aeabi_i2d                              0x08006c1f   Thumb Code     0  dflt_clz.o(x$fpl$dflt)
    _dflt                                    0x08006c1f   Thumb Code    46  dflt_clz.o(x$fpl$dflt)
    __aeabi_cdcmple                          0x08006c4d   Thumb Code     0  dleqf.o(x$fpl$dleqf)
    _dcmple                                  0x08006c4d   Thumb Code   120  dleqf.o(x$fpl$dleqf)
    __fpl_dcmple_InfNaN                      0x08006caf   Thumb Code     0  dleqf.o(x$fpl$dleqf)
    __aeabi_dmul                             0x08006cc5   Thumb Code     0  dmul.o(x$fpl$dmul)
    _dmul                                    0x08006cc5   Thumb Code   332  dmul.o(x$fpl$dmul)
    __fpl_dnaninf                            0x08006e19   Thumb Code   156  dnaninf.o(x$fpl$dnaninf)
    __fpl_dretinf                            0x08006eb5   Thumb Code    12  dretinf.o(x$fpl$dretinf)
    __aeabi_cdrcmple                         0x08006ec1   Thumb Code     0  drleqf.o(x$fpl$drleqf)
    _drcmple                                 0x08006ec1   Thumb Code   108  drleqf.o(x$fpl$drleqf)
    __aeabi_drsub                            0x08006f2d   Thumb Code     0  daddsub_clz.o(x$fpl$drsb)
    _drsb                                    0x08006f2d   Thumb Code    22  daddsub_clz.o(x$fpl$drsb)
    __aeabi_dsub                             0x08006f45   Thumb Code     0  daddsub_clz.o(x$fpl$dsub)
    _dsub                                    0x08006f45   Thumb Code   464  daddsub_clz.o(x$fpl$dsub)
    __aeabi_f2d                              0x08007119   Thumb Code     0  f2d.o(x$fpl$f2d)
    _f2d                                     0x08007119   Thumb Code    86  f2d.o(x$fpl$f2d)
    __fpl_fnaninf                            0x0800716f   Thumb Code   140  fnaninf.o(x$fpl$fnaninf)
    _fp_init                                 0x080071fb   Thumb Code    10  fpinit.o(x$fpl$fpinit)
    __fplib_config_fpu_vfp                   0x08007203   Thumb Code     0  fpinit.o(x$fpl$fpinit)
    __fplib_config_pureend_doubles           0x08007203   Thumb Code     0  fpinit.o(x$fpl$fpinit)
    __fpl_fretinf                            0x08007205   Thumb Code    10  fretinf.o(x$fpl$fretinf)
    __I$use$fp                               0x0800720e   Number         0  usenofp.o(x$fpl$usenofp)
    Region$$Table$$Base                      0x08007268   Number         0  anon$$obj.o(Region$$Table)
    Region$$Table$$Limit                     0x08007288   Number         0  anon$$obj.o(Region$$Table)
    SystemCoreClock                          0x20000000   Data           4  system_stm32f37x.o(.data)
    AHBPrescTable                            0x20000004   Data          16  system_stm32f37x.o(.data)
    Bsp_Int_Ok                               0x20000014   Data           1  main.o(.data)
    responce_time                            0x20000018   Data           4  pid.o(.data)
    freq_Cutoff                              0x2000001c   Data           4  pid.o(.data)
    feedbackTime                             0x20000020   Data           2  pid.o(.data)
    PID_Votage_Chanel                        0x20000022   Data           1  pid.o(.data)
    PID_Ctrl_Votage_Chanel                   0x20000023   Data           1  pid.o(.data)
    isRunning                                0x20000024   Data           1  pid.o(.data)
    set_point_changed                        0x20000025   Data           1  pid.o(.data)
    PID_Ctrl_Mode                            0x20000026   Data           1  pid.o(.data)
    PID_Calc_Mode                            0x20000027   Data           1  pid.o(.data)
    VirtAddVarTab                            0x20000028   Data          40  pid.o(.data)
    data_x                                   0x20000056   Data           2  pid.o(.data)
    data_y                                   0x20000058   Data           2  pid.o(.data)
    data_z                                   0x2000005a   Data           2  pid.o(.data)
    PWM_Output                               0x2000005c   Data           4  pid.o(.data)
    Voltage_Set_Point                        0x20000060   Data           2  pid.o(.data)
    Voltage_Set_Point_temp                   0x20000062   Data           2  pid.o(.data)
    InjectedConvData                         0x20000068   Data           4  sdadc.o(.data)
    VoltageData                              0x2000006c   Data           4  sdadc.o(.data)
    VoltageDataRaw                           0x20000070   Data           4  sdadc.o(.data)
    VoltageInterRef                          0x20000074   Data           2  sdadc.o(.data)
    VoltageFilterCounter                     0x20000076   Data           1  sdadc.o(.data)
    SapmleTime                               0x20000078   Data           4  sdadc.o(.data)
    VOL_IIR_FACTOR                           0x2000007c   Data           4  sdadc.o(.data)
    voltage                                  0x20000080   Data           8  sdadc.o(.data)
    filter_voltage                           0x20000088   Data           8  sdadc.o(.data)
    RS485_RX_CNT                             0x20000090   Data           1  rs485.o(.data)
    aDitherTable                             0x20000092   Data        1024  pwm.o(.data)
    BufferSize                               0x20000492   Data           1  pwm.o(.data)
    PWM_Value_FirstPart_Changed              0x20000493   Data           1  pwm.o(.data)
    PWM_Value_SecondPart_Changed             0x20000494   Data           1  pwm.o(.data)
    duty_Cycle                               0x20000496   Data           2  pwm.o(.data)
    Dither_Index                             0x20000498   Data           1  pwm.o(.data)
    Count_1ms                                0x2000049c   Data           2  timebase.o(.data)
    Count_2ms                                0x2000049e   Data           2  timebase.o(.data)
    Count_5ms                                0x200004a0   Data           2  timebase.o(.data)
    Count_10ms                               0x200004a2   Data           2  timebase.o(.data)
    Count_100ms                              0x200004a4   Data           2  timebase.o(.data)
    Timer4_Count                             0x200004a8   Data           4  timebase.o(.data)
    DataVar                                  0x200004ac   Data           2  eeprom.o(.data)
    CurWrAddress                             0x200004b0   Data           4  eeprom.o(.data)
    spid                                     0x200004d8   Data          60  pid.o(.bss)
    SDADC_ValueTab                           0x20000514   Data         800  sdadc.o(.bss)
    ADC_ValueTab                             0x20000834   Data        1200  sdadc.o(.bss)
    VoltageFilterBufCh0                      0x20000ce4   Data         400  sdadc.o(.bss)
    VoltageFilterBufCh1                      0x20000e74   Data         400  sdadc.o(.bss)
    RS485_RX_BUF                             0x20001004   Data          64  rs485.o(.bss)
    RS485_TX_BUF                             0x20001044   Data          64  rs485.o(.bss)
    vDitherTemp                              0x20001084   Data         128  pwm.o(.bss)
    vDither                                  0x20001104   Data         256  pwm.o(.bss)
    __libspace_start                         0x20001204   Data          96  libspace.o(.bss)
    __temporary_stack_top$libspace           0x20001264   Data           0  libspace.o(.bss)



==============================================================================

Memory Map of the image

  Image Entry point : 0x08000189

  Load Region LR_IROM1 (Base: 0x08000000, Size: 0x00007760, Max: 0x00040000, ABSOLUTE, COMPRESSED[0x00007338])

    Execution Region ER_IROM1 (Base: 0x08000000, Size: 0x00007288, Max: 0x00040000, ABSOLUTE)

    Base Addr    Size         Type   Attr      Idx    E Section Name        Object

    0x08000000   0x00000188   Data   RO            3    RESET               startup_stm32f37x.o
    0x08000188   0x00000008   Code   RO          734  * !!!main             c_w.l(__main.o)
    0x08000190   0x00000034   Code   RO          972    !!!scatter          c_w.l(__scatter.o)
    0x080001c4   0x0000005a   Code   RO          970    !!dczerorl2         c_w.l(__dczerorl2.o)
    0x0800021e   0x00000002   PAD
    0x08000220   0x0000001c   Code   RO          974    !!handler_zi        c_w.l(__scatter_zi.o)
    0x0800023c   0x00000000   Code   RO          729    .ARM.Collect$$_printf_percent$$00000000  c_w.l(_printf_percent.o)
    0x0800023c   0x00000006   Code   RO          728    .ARM.Collect$$_printf_percent$$00000009  c_w.l(_printf_d.o)
    0x08000242   0x00000004   Code   RO          785    .ARM.Collect$$_printf_percent$$00000017  c_w.l(_printf_percent_end.o)
    0x08000246   0x00000002   Code   RO          846    .ARM.Collect$$libinit$$00000000  c_w.l(libinit.o)
    0x08000248   0x00000004   Code   RO          849    .ARM.Collect$$libinit$$00000001  c_w.l(libinit2.o)
    0x0800024c   0x00000000   Code   RO          853    .ARM.Collect$$libinit$$00000008  c_w.l(libinit2.o)
    0x0800024c   0x00000000   Code   RO          855    .ARM.Collect$$libinit$$0000000A  c_w.l(libinit2.o)
    0x0800024c   0x00000000   Code   RO          857    .ARM.Collect$$libinit$$0000000C  c_w.l(libinit2.o)
    0x0800024c   0x00000000   Code   RO          860    .ARM.Collect$$libinit$$0000000F  c_w.l(libinit2.o)
    0x0800024c   0x00000000   Code   RO          862    .ARM.Collect$$libinit$$00000011  c_w.l(libinit2.o)
    0x0800024c   0x00000000   Code   RO          864    .ARM.Collect$$libinit$$00000013  c_w.l(libinit2.o)
    0x0800024c   0x00000000   Code   RO          866    .ARM.Collect$$libinit$$00000015  c_w.l(libinit2.o)
    0x0800024c   0x00000000   Code   RO          868    .ARM.Collect$$libinit$$00000017  c_w.l(libinit2.o)
    0x0800024c   0x00000000   Code   RO          870    .ARM.Collect$$libinit$$00000019  c_w.l(libinit2.o)
    0x0800024c   0x00000000   Code   RO          872    .ARM.Collect$$libinit$$0000001B  c_w.l(libinit2.o)
    0x0800024c   0x00000000   Code   RO          874    .ARM.Collect$$libinit$$0000001D  c_w.l(libinit2.o)
    0x0800024c   0x00000000   Code   RO          876    .ARM.Collect$$libinit$$0000001F  c_w.l(libinit2.o)
    0x0800024c   0x00000000   Code   RO          878    .ARM.Collect$$libinit$$00000021  c_w.l(libinit2.o)
    0x0800024c   0x00000000   Code   RO          880    .ARM.Collect$$libinit$$00000023  c_w.l(libinit2.o)
    0x0800024c   0x00000000   Code   RO          884    .ARM.Collect$$libinit$$0000002A  c_w.l(libinit2.o)
    0x0800024c   0x00000000   Code   RO          886    .ARM.Collect$$libinit$$0000002C  c_w.l(libinit2.o)
    0x0800024c   0x00000000   Code   RO          888    .ARM.Collect$$libinit$$0000002E  c_w.l(libinit2.o)
    0x0800024c   0x00000000   Code   RO          890    .ARM.Collect$$libinit$$00000030  c_w.l(libinit2.o)
    0x0800024c   0x00000002   Code   RO          891    .ARM.Collect$$libinit$$00000031  c_w.l(libinit2.o)
    0x0800024e   0x00000002   Code   RO          911    .ARM.Collect$$libshutdown$$00000000  c_w.l(libshutdown.o)
    0x08000250   0x00000000   Code   RO          925    .ARM.Collect$$libshutdown$$00000003  c_w.l(libshutdown2.o)
    0x08000250   0x00000000   Code   RO          928    .ARM.Collect$$libshutdown$$00000006  c_w.l(libshutdown2.o)
    0x08000250   0x00000000   Code   RO          931    .ARM.Collect$$libshutdown$$00000009  c_w.l(libshutdown2.o)
    0x08000250   0x00000000   Code   RO          933    .ARM.Collect$$libshutdown$$0000000B  c_w.l(libshutdown2.o)
    0x08000250   0x00000000   Code   RO          936    .ARM.Collect$$libshutdown$$0000000E  c_w.l(libshutdown2.o)
    0x08000250   0x00000002   Code   RO          937    .ARM.Collect$$libshutdown$$0000000F  c_w.l(libshutdown2.o)
    0x08000252   0x00000000   Code   RO          776    .ARM.Collect$$rtentry$$00000000  c_w.l(rtentry.o)
    0x08000252   0x00000000   Code   RO          811    .ARM.Collect$$rtentry$$00000002  c_w.l(rtentry2.o)
    0x08000252   0x00000006   Code   RO          823    .ARM.Collect$$rtentry$$00000004  c_w.l(rtentry4.o)
    0x08000258   0x00000000   Code   RO          813    .ARM.Collect$$rtentry$$00000009  c_w.l(rtentry2.o)
    0x08000258   0x00000004   Code   RO          814    .ARM.Collect$$rtentry$$0000000A  c_w.l(rtentry2.o)
    0x0800025c   0x00000000   Code   RO          816    .ARM.Collect$$rtentry$$0000000C  c_w.l(rtentry2.o)
    0x0800025c   0x00000008   Code   RO          817    .ARM.Collect$$rtentry$$0000000D  c_w.l(rtentry2.o)
    0x08000264   0x00000002   Code   RO          847    .ARM.Collect$$rtexit$$00000000  c_w.l(rtexit.o)
    0x08000266   0x00000000   Code   RO          893    .ARM.Collect$$rtexit$$00000002  c_w.l(rtexit2.o)
    0x08000266   0x00000004   Code   RO          894    .ARM.Collect$$rtexit$$00000003  c_w.l(rtexit2.o)
    0x0800026a   0x00000006   Code   RO          895    .ARM.Collect$$rtexit$$00000004  c_w.l(rtexit2.o)
    0x08000270   0x00000040   Code   RO            4    .text               startup_stm32f37x.o
    0x080002b0   0x000001f8   Code   RO           12    .text               system_stm32f37x.o
    0x080004a8   0x0000004c   Code   RO           94    .text               stm32f37x_it.o
    0x080004f4   0x00000194   Code   RO          121    .text               main.o
    0x08000688   0x0000123c   Code   RO          191    .text               pid.o
    0x080018c4   0x000003e4   Code   RO          228    .text               protocol.o
    0x08001ca8   0x00000070   Code   RO          249    .text               tasks.o
    0x08001d18   0x000000d0   Code   RO          270    .text               delay.o
    0x08001de8   0x000000d0   Code   RO          292    .text               led.o
    0x08001eb8   0x00000084   Code   RO          312    .text               key.o
    0x08001f3c   0x000005a8   Code   RO          332    .text               sdadc.o
    0x080024e4   0x000001e4   Code   RO          359    .text               rs485.o
    0x080026c8   0x00000288   Code   RO          386    .text               pwm.o
    0x08002950   0x00000120   Code   RO          410    .text               timebase.o
    0x08002a70   0x000004cc   Code   RO          434    .text               eeprom.o
    0x08002f3c   0x00000298   Code   RO          458    .text               spi.o
    0x080031d4   0x00000204   Code   RO          478    .text               stm32f37x_gpio.o
    0x080033d8   0x000005a0   Code   RO          498    .text               stm32f37x_rcc.o
    0x08003978   0x000004e4   Code   RO          520    .text               stm32f37x_usart.o
    0x08003e5c   0x00000400   Code   RO          540    .text               stm32f37x_adc.o
    0x0800425c   0x00000250   Code   RO          560    .text               stm32f37x_dma.o
    0x080044ac   0x000002f4   Code   RO          580    .text               stm32f37x_sdadc.o
    0x080047a0   0x00000bd8   Code   RO          600    .text               stm32f37x_tim.o
    0x08005378   0x000000dc   Code   RO          620    .text               stm32f37x_misc.o
    0x08005454   0x00000110   Code   RO          640    .text               stm32f37x_pwr.o
    0x08005564   0x00000658   Code   RO          660    .text               stm32f37x_flash.o
    0x08005bbc   0x00000398   Code   RO          680    .text               stm32f37x_spi.o
    0x08005f54   0x00000028   Code   RO          702    .text               c_w.l(noretval__2sprintf.o)
    0x08005f7c   0x00000068   Code   RO          704    .text               c_w.l(__printf.o)
    0x08005fe4   0x00000078   Code   RO          706    .text               c_w.l(_printf_dec.o)
    0x0800605c   0x0000004e   Code   RO          730    .text               c_w.l(rt_memclr_w.o)
    0x080060aa   0x00000006   Code   RO          732    .text               c_w.l(heapauxi.o)
    0x080060b0   0x00000016   Code   RO          777    .text               c_w.l(_rserrno.o)
    0x080060c6   0x000000b8   Code   RO          779    .text               c_w.l(_printf_intcommon.o)
    0x0800617e   0x00000002   PAD
    0x08006180   0x00000030   Code   RO          781    .text               c_w.l(_printf_char_common.o)
    0x080061b0   0x0000000a   Code   RO          783    .text               c_w.l(_sputc.o)
    0x080061ba   0x00000002   PAD
    0x080061bc   0x00000008   Code   RO          828    .text               c_w.l(rt_errno_addr_intlibspace.o)
    0x080061c4   0x00000008   Code   RO          834    .text               c_w.l(libspace.o)
    0x080061cc   0x0000004a   Code   RO          837    .text               c_w.l(sys_stackheap_outer.o)
    0x08006216   0x0000000c   Code   RO          839    .text               c_w.l(exit.o)
    0x08006222   0x00000002   PAD
    0x08006224   0x0000000c   Code   RO          903    .text               c_w.l(sys_exit.o)
    0x08006230   0x00000002   Code   RO          914    .text               c_w.l(use_no_semi.o)
    0x08006232   0x00000000   Code   RO          916    .text               c_w.l(indicate_semi.o)
    0x08006232   0x00000030   Code   RO          805    i.__ARM_fpclassify  m_wm.l(fpclassify.o)
    0x08006262   0x00000006   PAD
    0x08006268   0x00000368   Code   RO          762    i.__hardfp_exp      m_wm.l(exp.o)
    0x080065d0   0x000000f8   Code   RO          807    i.__kernel_poly     m_wm.l(poly.o)
    0x080066c8   0x00000020   Code   RO          803    i.__mathlib_dbl_underflow  m_wm.l(dunder.o)
    0x080066e8   0x00000062   Code   RO          736    x$fpl$d2f           fz_wm.l(d2f.o)
    0x0800674a   0x00000002   PAD
    0x0800674c   0x00000150   Code   RO          738    x$fpl$dadd          fz_wm.l(daddsub_clz.o)
    0x0800689c   0x00000018   Code   RO          832    x$fpl$dcmpinf       fz_wm.l(dcmpi.o)
    0x080068b4   0x000002b0   Code   RO          745    x$fpl$ddiv          fz_wm.l(ddiv.o)
    0x08006b64   0x0000005e   Code   RO          786    x$fpl$dfix          fz_wm.l(dfix.o)
    0x08006bc2   0x00000002   PAD
    0x08006bc4   0x0000005a   Code   RO          748    x$fpl$dfixu         fz_wm.l(dfixu.o)
    0x08006c1e   0x0000002e   Code   RO          753    x$fpl$dflt          fz_wm.l(dflt_clz.o)
    0x08006c4c   0x00000078   Code   RO          790    x$fpl$dleqf         fz_wm.l(dleqf.o)
    0x08006cc4   0x00000154   Code   RO          758    x$fpl$dmul          fz_wm.l(dmul.o)
    0x08006e18   0x0000009c   Code   RO          792    x$fpl$dnaninf       fz_wm.l(dnaninf.o)
    0x08006eb4   0x0000000c   Code   RO          794    x$fpl$dretinf       fz_wm.l(dretinf.o)
    0x08006ec0   0x0000006c   Code   RO          796    x$fpl$drleqf        fz_wm.l(drleqf.o)
    0x08006f2c   0x00000016   Code   RO          739    x$fpl$drsb          fz_wm.l(daddsub_clz.o)
    0x08006f42   0x00000002   PAD
    0x08006f44   0x000001d4   Code   RO          740    x$fpl$dsub          fz_wm.l(daddsub_clz.o)
    0x08007118   0x00000056   Code   RO          760    x$fpl$f2d           fz_wm.l(f2d.o)
    0x0800716e   0x0000008c   Code   RO          798    x$fpl$fnaninf       fz_wm.l(fnaninf.o)
    0x080071fa   0x0000000a   Code   RO          901    x$fpl$fpinit        fz_wm.l(fpinit.o)
    0x08007204   0x0000000a   Code   RO          800    x$fpl$fretinf       fz_wm.l(fretinf.o)
    0x0800720e   0x00000000   Code   RO          802    x$fpl$usenofp       fz_wm.l(usenofp.o)
    0x0800720e   0x00000002   PAD
    0x08007210   0x00000058   Data   RO          765    .constdata          m_wm.l(exp.o)
    0x08007268   0x00000020   Data   RO          968    Region$$Table       anon$$obj.o


    Execution Region RW_IRAM1 (Base: 0x20000000, Size: 0x00001868, Max: 0x00008000, ABSOLUTE, COMPRESSED[0x000000b0])

    Base Addr    Size         Type   Attr      Idx    E Section Name        Object

    0x20000000   0x00000014   Data   RW           13    .data               system_stm32f37x.o
    0x20000014   0x00000001   Data   RW          122    .data               main.o
    0x20000015   0x00000003   PAD
    0x20000018   0x0000004c   Data   RW          193    .data               pid.o
    0x20000064   0x00000004   Data   RW          271    .data               delay.o
    0x20000068   0x00000028   Data   RW          334    .data               sdadc.o
    0x20000090   0x00000001   Data   RW          361    .data               rs485.o
    0x20000091   0x00000001   PAD
    0x20000092   0x00000407   Data   RW          388    .data               pwm.o
    0x20000499   0x00000003   PAD
    0x2000049c   0x00000010   Data   RW          411    .data               timebase.o
    0x200004ac   0x00000008   Data   RW          435    .data               eeprom.o
    0x200004b4   0x00000024   Data   RW          499    .data               stm32f37x_rcc.o
    0x200004d8   0x0000003c   Zero   RW          192    .bss                pid.o
    0x20000514   0x00000af0   Zero   RW          333    .bss                sdadc.o
    0x20001004   0x00000080   Zero   RW          360    .bss                rs485.o
    0x20001084   0x00000180   Zero   RW          387    .bss                pwm.o
    0x20001204   0x00000060   Zero   RW          835    .bss                c_w.l(libspace.o)
    0x20001264   0x00000004   PAD
    0x20001268   0x00000200   Zero   RW            2    HEAP                startup_stm32f37x.o
    0x20001468   0x00000400   Zero   RW            1    STACK               startup_stm32f37x.o


==============================================================================

Image component sizes


      Code (inc. data)   RO Data    RW Data    ZI Data      Debug   Object Name

       208         18          0          4          0       1023   delay.o
      1228         32          0          8          0       4882   eeprom.o
       132          0          0          0          0       1088   key.o
       208          4          0          0          0        925   led.o
       404        174          0          1          0        900   main.o
      4668        286          0         76         60       8607   pid.o
       996        142          0          0          0       3581   protocol.o
       648         44          0       1031        384       3021   pwm.o
       484         20          0          1        128       2445   rs485.o
      1448        128          0         40       2800       5174   sdadc.o
       664         32          0          0          0       2722   spi.o
        64         26        392          0       1536        788   startup_stm32f37x.o
      1024         14          0          0          0       9309   stm32f37x_adc.o
       592          8          0          0          0       4270   stm32f37x_dma.o
      1624         24          0          0          0       7268   stm32f37x_flash.o
       516         22          0          0          0       3729   stm32f37x_gpio.o
        76          6          0          0          0       1558   stm32f37x_it.o
       220         20          0          0          0       1757   stm32f37x_misc.o
       272         14          0          0          0       2489   stm32f37x_pwr.o
      1440         58          0         36          0       9379   stm32f37x_rcc.o
       756         20          0          0          0       9157   stm32f37x_sdadc.o
       920         14          0          0          0       7627   stm32f37x_spi.o
      3032         54          0          0          0      21747   stm32f37x_tim.o
      1252         12          0          0          0      11794   stm32f37x_usart.o
       504         36          0         20          0     252287   system_stm32f37x.o
       112         26          0          0          0       1109   tasks.o
       288         32          0         16          0       1654   timebase.o

    ----------------------------------------------------------------------
     23780       1266        424       1240       4908     380290   Object Totals
         0          0         32          0          0          0   (incl. Generated)
         0          0          0          7          0          0   (incl. Padding)

    ----------------------------------------------------------------------

      Code (inc. data)   RO Data    RW Data    ZI Data      Debug   Library Member Name

        90          0          0          0          0          0   __dczerorl2.o
         8          0          0          0          0         68   __main.o
       104          0          0          0          0         84   __printf.o
        52          8          0          0          0          0   __scatter.o
        28          0          0          0          0          0   __scatter_zi.o
        48          6          0          0          0         96   _printf_char_common.o
         6          0          0          0          0          0   _printf_d.o
       120         18          0          0          0         92   _printf_dec.o
       184          0          0          0          0         88   _printf_intcommon.o
         0          0          0          0          0          0   _printf_percent.o
         4          0          0          0          0          0   _printf_percent_end.o
        22          0          0          0          0        100   _rserrno.o
        10          0          0          0          0         68   _sputc.o
        12          0          0          0          0         72   exit.o
         6          0          0          0          0        152   heapauxi.o
         0          0          0          0          0          0   indicate_semi.o
         2          0          0          0          0          0   libinit.o
         6          0          0          0          0          0   libinit2.o
         2          0          0          0          0          0   libshutdown.o
         2          0          0          0          0          0   libshutdown2.o
         8          4          0          0         96         68   libspace.o
        40          6          0          0          0         84   noretval__2sprintf.o
         8          4          0          0          0         68   rt_errno_addr_intlibspace.o
        78          0          0          0          0         80   rt_memclr_w.o
         0          0          0          0          0          0   rtentry.o
        12          0          0          0          0          0   rtentry2.o
         6          0          0          0          0          0   rtentry4.o
         2          0          0          0          0          0   rtexit.o
        10          0          0          0          0          0   rtexit2.o
        12          4          0          0          0         68   sys_exit.o
        74          0          0          0          0         80   sys_stackheap_outer.o
         2          0          0          0          0         68   use_no_semi.o
        98          4          0          0          0        140   d2f.o
       826         16          0          0          0        492   daddsub_clz.o
        24          0          0          0          0        116   dcmpi.o
       688        140          0          0          0        256   ddiv.o
        94          4          0          0          0        140   dfix.o
        90          4          0          0          0        140   dfixu.o
        46          0          0          0          0        116   dflt_clz.o
       120          4          0          0          0        140   dleqf.o
       340         12          0          0          0        152   dmul.o
       156          4          0          0          0        140   dnaninf.o
        12          0          0          0          0        116   dretinf.o
       108          0          0          0          0        128   drleqf.o
        86          4          0          0          0        132   f2d.o
       140          4          0          0          0        132   fnaninf.o
        10          0          0          0          0        116   fpinit.o
        10          0          0          0          0        116   fretinf.o
         0          0          0          0          0          0   usenofp.o
        32          8          0          0          0        124   dunder.o
       872        146         88          0          0        220   exp.o
        48          0          0          0          0        124   fpclassify.o
       248          0          0          0          0        152   poly.o

    ----------------------------------------------------------------------
      5028        400         88          0        100       4528   Library Totals
        22          0          0          0          4          0   (incl. Padding)

    ----------------------------------------------------------------------

      Code (inc. data)   RO Data    RW Data    ZI Data      Debug   Library Name

       958         50          0          0         96       1336   c_w.l
      2848        196          0          0          0       2572   fz_wm.l
      1200        154         88          0          0        620   m_wm.l

    ----------------------------------------------------------------------
      5028        400         88          0        100       4528   Library Totals

    ----------------------------------------------------------------------

==============================================================================


      Code (inc. data)   RO Data    RW Data    ZI Data      Debug   

     28808       1666        512       1240       5008     375390   Grand Totals
     28808       1666        512        176       5008     375390   ELF Image Totals (compressed)
     28808       1666        512        176          0          0   ROM Totals

==============================================================================

    Total RO  Size (Code + RO Data)                29320 (  28.63kB)
    Total RW  Size (RW Data + ZI Data)              6248 (   6.10kB)
    Total ROM Size (Code + RO Data + RW Data)      29496 (  28.80kB)

==============================================================================

