ARM Linker, 5.03 [Build 76] [MDK-ARM Standard]

==============================================================================

Section Cross References

    startup_stm32f37x.o(STACK) refers (Special) to heapauxi.o(.text) for __use_two_region_memory
    startup_stm32f37x.o(HEAP) refers (Special) to heapauxi.o(.text) for __use_two_region_memory
    startup_stm32f37x.o(RESET) refers (Special) to heapauxi.o(.text) for __use_two_region_memory
    startup_stm32f37x.o(RESET) refers to startup_stm32f37x.o(STACK) for __initial_sp
    startup_stm32f37x.o(RESET) refers to startup_stm32f37x.o(.text) for Reset_Handler
    startup_stm32f37x.o(RESET) refers to stm32f37x_it.o(.text) for NMI_Handler
    startup_stm32f37x.o(RESET) refers to rs485_dma.o(.text) for DMA1_Channel4_IRQHandler
    startup_stm32f37x.o(RESET) refers to pwm.o(.text) for DMA1_Channel7_IRQHandler
    startup_stm32f37x.o(RESET) refers to timebase.o(.text) for TIM4_IRQHandler
    startup_stm32f37x.o(RESET) refers to rs485.o(.text) for USART1_IRQHandler
    startup_stm32f37x.o(.text) refers (Special) to heapauxi.o(.text) for __use_two_region_memory
    startup_stm32f37x.o(.text) refers to system_stm32f37x.o(.text) for SystemInit
    startup_stm32f37x.o(.text) refers to __main.o(!!!main) for __main
    startup_stm32f37x.o(.text) refers to startup_stm32f37x.o(HEAP) for Heap_Mem
    startup_stm32f37x.o(.text) refers to startup_stm32f37x.o(STACK) for Stack_Mem
    system_stm32f37x.o(.text) refers to stm32f37x_rcc.o(.text) for RCC_PLLConfig
    system_stm32f37x.o(.text) refers to system_stm32f37x.o(.data) for SystemCoreClock
    stm32f37x_it.o(.text) refers to stm32f37x_tim.o(.text) for TIM_GetITStatus
    main.o(.text) refers to tasks.o(.text) for Bsp_Int
    main.o(.text) refers to pid.o(.text) for getFeedBackTime
    main.o(.text) refers to sdadc.o(.text) for VOL_IIR_Filter
    main.o(.text) refers to key.o(.text) for IsFlowReset
    main.o(.text) refers to timebase.o(.data) for Counters
    pid.o(.text) refers to sdadc.o(.text) for GetADCVoltage
    pid.o(.text) refers to f2d.o(x$fpl$f2d) for __aeabi_f2d
    pid.o(.text) refers to exp.o(i.__hardfp_exp) for __hardfp_exp
    pid.o(.text) refers to daddsub_clz.o(x$fpl$drsb) for __aeabi_drsub
    pid.o(.text) refers to dflt_clz.o(x$fpl$dflt) for __aeabi_i2d
    pid.o(.text) refers to dmul.o(x$fpl$dmul) for __aeabi_dmul
    pid.o(.text) refers to daddsub_clz.o(x$fpl$dadd) for __aeabi_dadd
    pid.o(.text) refers to dfixu.o(x$fpl$dfixu) for __aeabi_d2uiz
    pid.o(.text) refers to eeprom.o(.text) for EE_WriteVariable
    pid.o(.text) refers to pid.o(.data) for feedbackTime
    pid.o(.text) refers to pid.o(.bss) for spid
    pid.o(.text) refers to protocol.o(.text) for Get_Checksum
    pid.o(.text) refers to pwm.o(.text) for LoadPWM
    pid.o(.text) refers to rt_memclr_w.o(.text) for __aeabi_memclr4
    pid.o(.text) refers to stm32f37x_flash.o(.text) for FLASH_Unlock
    protocol.o(.text) refers to _printf_percent.o(.ARM.Collect$$_printf_percent$$00000000) for _printf_percent
    protocol.o(.text) refers to _printf_d.o(.ARM.Collect$$_printf_percent$$00000009) for _printf_d
    protocol.o(.text) refers to _printf_dec.o(.text) for _printf_int_dec
    protocol.o(.text) refers to pid.o(.text) for Set_Running_Param
    protocol.o(.text) refers to noretval__2sprintf.o(.text) for __2sprintf
    protocol.o(.text) refers to rs485_dma.o(.text) for RS485_PrintString
    protocol.o(.text) refers to spi.o(.text) for AD5761_SetVotage
    protocol.o(.text) refers to rs485.o(.bss) for RS485_TX_BUF
    tasks.o(.text) refers to _printf_percent.o(.ARM.Collect$$_printf_percent$$00000000) for _printf_percent
    tasks.o(.text) refers to _printf_d.o(.ARM.Collect$$_printf_percent$$00000009) for _printf_d
    tasks.o(.text) refers to _printf_dec.o(.text) for _printf_int_dec
    tasks.o(.text) refers to rs485_dma.o(.text) for RS485_PrintString
    tasks.o(.text) refers to stm32f37x_misc.o(.text) for NVIC_PriorityGroupConfig
    tasks.o(.text) refers to stm32f37x_gpio.o(.text) for GPIO_Init
    tasks.o(.text) refers to stm32f37x_rcc.o(.text) for RCC_AHBPeriphClockCmd
    tasks.o(.text) refers to delay.o(.text) for delay_init
    tasks.o(.text) refers to led.o(.text) for LED_Init
    tasks.o(.text) refers to key.o(.text) for KEY_Init
    tasks.o(.text) refers to timebase.o(.text) for TIM4_Init
    tasks.o(.text) refers to pwm.o(.text) for PWM_Init
    tasks.o(.text) refers to pid.o(.text) for PID_Init
    tasks.o(.text) refers to sdadc.o(.text) for ADC1_Init
    tasks.o(.text) refers to spi.o(.text) for AD5761_Init
    tasks.o(.text) refers to noretval__2sprintf.o(.text) for __2sprintf
    tasks.o(.text) refers to rs485.o(.bss) for RS485_TX_BUF
    tasks.o(.text) refers to tasks.o(.data) for Bsp_Int_Ok
    delay.o(.text) refers to stm32f37x_misc.o(.text) for SysTick_CLKSourceConfig
    delay.o(.text) refers to system_stm32f37x.o(.data) for SystemCoreClock
    delay.o(.text) refers to delay.o(.data) for fac_us
[...]
    _printf_truncate_signed                   - Undefined Weak Reference
    _printf_truncate_unsigned                 - Undefined Weak Reference
    _rand_init                                - Undefined Weak Reference
    _signal_finish                            - Undefined Weak Reference
    _signal_init                              - Undefined Weak Reference
    _terminate_alloc                          - Undefined Weak Reference
    _terminate_user_alloc                     - Undefined Weak Reference
    _terminateio                              - Undefined Weak Reference
    __Vectors_Size                           0x00000188   Number         0  startup_stm32f37x.o ABSOLUTE
    __Vectors                                0x08000000   Data           4  startup_stm32f37x.o(RESET)
    __Vectors_End                            0x08000188   Data           0  startup_stm32f37x.o(RESET)
    __main                                   0x08000189   Thumb Code     8  __main.o(!!!main)
    __scatterload                            0x08000191   Thumb Code     0  __scatter.o(!!!scatter)
    __scatterload_rt2                        0x08000191   Thumb Code    44  __scatter.o(!!!scatter)
    __scatterload_rt2_thumb_only             0x08000191   Thumb Code     0  __scatter.o(!!!scatter)
    __scatterload_null                       0x0800019f   Thumb Code     0  __scatter.o(!!!scatter)
    __decompress                             0x080001c5   Thumb Code    90  __dczerorl2.o(!!dczerorl2)
    __decompress1                            0x080001c5   Thumb Code     0  __dczerorl2.o(!!dczerorl2)
    __scatterload_zeroinit                   0x08000221   Thumb Code    28  __scatter_zi.o(!!handler_zi)
    _printf_d                                0x0800023d   Thumb Code     0  _printf_d.o(.ARM.Collect$$_printf_percent$$00000009)
    _printf_percent                          0x0800023d   Thumb Code     0  _printf_percent.o(.ARM.Collect$$_printf_percent$$00000000)
    _printf_percent_end                      0x08000243   Thumb Code     0  _printf_percent_end.o(.ARM.Collect$$_printf_percent$$00000017)
    __rt_lib_init                            0x08000247   Thumb Code     0  libinit.o(.ARM.Collect$$libinit$$00000000)
    __rt_lib_init_fp_1                       0x08000249   Thumb Code     0  libinit2.o(.ARM.Collect$$libinit$$00000001)
    __rt_lib_init_alloca_1                   0x0800024d   Thumb Code     0  libinit2.o(.ARM.Collect$$libinit$$0000002C)
    __rt_lib_init_argv_1                     0x0800024d   Thumb Code     0  libinit2.o(.ARM.Collect$$libinit$$0000002A)
    __rt_lib_init_atexit_1                   0x0800024d   Thumb Code     0  libinit2.o(.ARM.Collect$$libinit$$00000019)
    __rt_lib_init_clock_1                    0x0800024d   Thumb Code     0  libinit2.o(.ARM.Collect$$libinit$$0000001F)
    __rt_lib_init_cpp_1                      0x0800024d   Thumb Code     0  libinit2.o(.ARM.Collect$$libinit$$00000030)
    __rt_lib_init_exceptions_1               0x0800024d   Thumb Code     0  libinit2.o(.ARM.Collect$$libinit$$0000002E)
    __rt_lib_init_fp_trap_1                  0x0800024d   Thumb Code     0  libinit2.o(.ARM.Collect$$libinit$$0000001D)
    __rt_lib_init_getenv_1                   0x0800024d   Thumb Code     0  libinit2.o(.ARM.Collect$$libinit$$00000021)
    __rt_lib_init_heap_1                     0x0800024d   Thumb Code     0  libinit2.o(.ARM.Collect$$libinit$$00000008)
    __rt_lib_init_lc_collate_1               0x0800024d   Thumb Code     0  libinit2.o(.ARM.Collect$$libinit$$0000000F)
    __rt_lib_init_lc_ctype_1                 0x0800024d   Thumb Code     0  libinit2.o(.ARM.Collect$$libinit$$00000011)
    __rt_lib_init_lc_monetary_1              0x0800024d   Thumb Code     0  libinit2.o(.ARM.Collect$$libinit$$00000013)
    __rt_lib_init_lc_numeric_1               0x0800024d   Thumb Code     0  libinit2.o(.ARM.Collect$$libinit$$00000015)
    __rt_lib_init_lc_time_1                  0x0800024d   Thumb Code     0  libinit2.o(.ARM.Collect$$libinit$$00000017)
    __rt_lib_init_rand_1                     0x0800024d   Thumb Code     0  libinit2.o(.ARM.Collect$$libinit$$0000000C)
    __rt_lib_init_return                     0x0800024d   Thumb Code     0  libinit2.o(.ARM.Collect$$libinit$$00000031)
    __rt_lib_init_signal_1                   0x0800024d   Thumb Code     0  libinit2.o(.ARM.Collect$$libinit$$0000001B)
    __rt_lib_init_stdio_1                    0x0800024d   Thumb Code     0  libinit2.o(.ARM.Collect$$libinit$$00000023)
    __rt_lib_init_user_alloc_1               0x0800024d   Thumb Code     0  libinit2.o(.ARM.Collect$$libinit$$0000000A)
    __rt_lib_shutdown                        0x0800024f   Thumb Code     0  libshutdown.o(.ARM.Collect$$libshutdown$$00000000)
    __rt_lib_shutdown_fp_trap_1              0x08000251   Thumb Code     0  libshutdown2.o(.ARM.Collect$$libshutdown$$00000006)
    __rt_lib_shutdown_heap_1                 0x08000251   Thumb Code     0  libshutdown2.o(.ARM.Collect$$libshutdown$$0000000E)
    __rt_lib_shutdown_return                 0x08000251   Thumb Code     0  libshutdown2.o(.ARM.Collect$$libshutdown$$0000000F)
    __rt_lib_shutdown_signal_1               0x08000251   Thumb Code     0  libshutdown2.o(.ARM.Collect$$libshutdown$$00000009)
    __rt_lib_shutdown_stdio_1                0x08000251   Thumb Code     0  libshutdown2.o(.ARM.Collect$$libshutdown$$00000003)
    __rt_lib_shutdown_user_alloc_1           0x08000251   Thumb Code     0  libshutdown2.o(.ARM.Collect$$libshutdown$$0000000B)
    __rt_entry                               0x08000253   Thumb Code     0  rtentry.o(.ARM.Collect$$rtentry$$00000000)
    __rt_entry_presh_1                       0x08000253   Thumb Code     0  rtentry2.o(.ARM.Collect$$rtentry$$00000002)
    __rt_entry_sh                            0x08000253   Thumb Code     0  rtentry4.o(.ARM.Collect$$rtentry$$00000004)
    __rt_entry_li                            0x08000259   Thumb Code     0  rtentry2.o(.ARM.Collect$$rtentry$$0000000A)
    __rt_entry_postsh_1                      0x08000259   Thumb Code     0  rtentry2.o(.ARM.Collect$$rtentry$$00000009)
    __rt_entry_main                          0x0800025d   Thumb Code     0  rtentry2.o(.ARM.Collect$$rtentry$$0000000D)
    __rt_entry_postli_1                      0x0800025d   Thumb Code     0  rtentry2.o(.ARM.Collect$$rtentry$$0000000C)
    __rt_exit                                0x08000265   Thumb Code     0  rtexit.o(.ARM.Collect$$rtexit$$00000000)
    __rt_exit_ls                             0x08000267   Thumb Code     0  rtexit2.o(.ARM.Collect$$rtexit$$00000003)
    __rt_exit_prels_1                        0x08000267   Thumb Code     0  rtexit2.o(.ARM.Collect$$rtexit$$00000002)
    __rt_exit_exit                           0x0800026b   Thumb Code     0  rtexit2.o(.ARM.Collect$$rtexit$$00000004)
    Reset_Handler                            0x08000271   Thumb Code     8  startup_stm32f37x.o(.text)
    SysTick_Handler                          0x08000289   Thumb Code     2  startup_stm32f37x.o(.text)
    CAN1_RX0_IRQHandler                      0x0800028b   Thumb Code     0  startup_stm32f37x.o(.text)
    CAN1_RX1_IRQHandler                      0x0800028b   Thumb Code     0  startup_stm32f37x.o(.text)
    CAN1_SCE_IRQHandler                      0x0800028b   Thumb Code     0  startup_stm32f37x.o(.text)
    CAN1_TX_IRQHandler                       0x0800028b   Thumb Code     0  startup_stm32f37x.o(.text)
    CEC_IRQHandler                           0x0800028b   Thumb Code     0  startup_stm32f37x.o(.text)
    COMP_IRQHandler                          0x0800028b   Thumb Code     0  startup_stm32f37x.o(.text)
    DMA1_Channel1_IRQHandler                 0x0800028b   Thumb Code     0  startup_stm32f37x.o(.text)
    DMA1_Channel2_IRQHandler                 0x0800028b   Thumb Code     0  startup_stm32f37x.o(.text)
    DMA1_Channel3_IRQHandler                 0x0800028b   Thumb Code     0  startup_stm32f37x.o(.text)
    DMA1_Channel6_IRQHandler                 0x0800028b   Thumb Code     0  startup_stm32f37x.o(.text)
    DMA2_Channel1_IRQHandler                 0x0800028b   Thumb Code     0  startup_stm32f37x.o(.text)
    DMA2_Channel2_IRQHandler                 0x0800028b   Thumb Code     0  startup_stm32f37x.o(.text)
    DMA2_Channel3_IRQHandler                 0x0800028b   Thumb Code     0  startup_stm32f37x.o(.text)
    DMA2_Channel4_IRQHandler                 0x0800028b   Thumb Code     0  startup_stm32f37x.o(.text)
    DMA2_Channel5_IRQHandler                 0x0800028b   Thumb Code     0  startup_stm32f37x.o(.text)
    EXTI0_IRQHandler                         0x0800028b   Thumb Code     0  startup_stm32f37x.o(.text)
    EXTI15_10_IRQHandler                     0x0800028b   Thumb Code     0  startup_stm32f37x.o(.text)
    EXTI1_IRQHandler                         0x0800028b   Thumb Code     0  startup_stm32f37x.o(.text)
    EXTI2_TS_IRQHandler                      0x0800028b   Thumb Code     0  startup_stm32f37x.o(.text)
    EXTI3_IRQHandler                         0x0800028b   Thumb Code     0  startup_stm32f37x.o(.text)
    EXTI4_IRQHandler                         0x0800028b   Thumb Code     0  startup_stm32f37x.o(.text)
    EXTI9_5_IRQHandler                       0x0800028b   Thumb Code     0  startup_stm32f37x.o(.text)
    FLASH_IRQHandler                         0x0800028b   Thumb Code     0  startup_stm32f37x.o(.text)
    FPU_IRQHandler                           0x0800028b   Thumb Code     0  startup_stm32f37x.o(.text)
    I2C1_ER_IRQHandler                       0x0800028b   Thumb Code     0  startup_stm32f37x.o(.text)
    I2C1_EV_IRQHandler                       0x0800028b   Thumb Code     0  startup_stm32f37x.o(.text)
    I2C2_ER_IRQHandler                       0x0800028b   Thumb Code     0  startup_stm32f37x.o(.text)
    I2C2_EV_IRQHandler                       0x0800028b   Thumb Code     0  startup_stm32f37x.o(.text)
    PVD_IRQHandler                           0x0800028b   Thumb Code     0  startup_stm32f37x.o(.text)
    RCC_IRQHandler                           0x0800028b   Thumb Code     0  startup_stm32f37x.o(.text)
    RTC_Alarm_IRQHandler                     0x0800028b   Thumb Code     0  startup_stm32f37x.o(.text)
    RTC_WKUP_IRQHandler                      0x0800028b   Thumb Code     0  startup_stm32f37x.o(.text)
    SDADC1_IRQHandler                        0x0800028b   Thumb Code     0  startup_stm32f37x.o(.text)
    SDADC2_IRQHandler                        0x0800028b   Thumb Code     0  startup_stm32f37x.o(.text)
    SDADC3_IRQHandler                        0x0800028b   Thumb Code     0  startup_stm32f37x.o(.text)
    SPI1_IRQHandler                          0x0800028b   Thumb Code     0  startup_stm32f37x.o(.text)
    SPI2_IRQHandler                          0x0800028b   Thumb Code     0  startup_stm32f37x.o(.text)
    SPI3_IRQHandler                          0x0800028b   Thumb Code     0  startup_stm32f37x.o(.text)
    TAMPER_STAMP_IRQHandler                  0x0800028b   Thumb Code     0  startup_stm32f37x.o(.text)
    TIM12_IRQHandler                         0x0800028b   Thumb Code     0  startup_stm32f37x.o(.text)
    TIM13_IRQHandler                         0x0800028b   Thumb Code     0  startup_stm32f37x.o(.text)
    TIM14_IRQHandler                         0x0800028b   Thumb Code     0  startup_stm32f37x.o(.text)
    TIM15_IRQHandler                         0x0800028b   Thumb Code     0  startup_stm32f37x.o(.text)
    TIM16_IRQHandler                         0x0800028b   Thumb Code     0  startup_stm32f37x.o(.text)
    TIM17_IRQHandler                         0x0800028b   Thumb Code     0  startup_stm32f37x.o(.text)
    TIM18_DAC2_IRQHandler                    0x0800028b   Thumb Code     0  startup_stm32f37x.o(.text)
    TIM19_IRQHandler                         0x0800028b   Thumb Code     0  startup_stm32f37x.o(.text)
    TIM5_IRQHandler                          0x0800028b   Thumb Code     0  startup_stm32f37x.o(.text)
    TIM6_DAC1_IRQHandler                     0x0800028b   Thumb Code     0  startup_stm32f37x.o(.text)
    TIM7_IRQHandler                          0x0800028b   Thumb Code     0  startup_stm32f37x.o(.text)
    USART2_IRQHandler                        0x0800028b   Thumb Code     0  startup_stm32f37x.o(.text)
    USART3_IRQHandler                        0x0800028b   Thumb Code     0  startup_stm32f37x.o(.text)
    USBWakeUp_IRQHandler                     0x0800028b   Thumb Code     0  startup_stm32f37x.o(.text)
    USB_HP_IRQHandler                        0x0800028b   Thumb Code     0  startup_stm32f37x.o(.text)
    USB_LP_IRQHandler                        0x0800028b   Thumb Code     0  startup_stm32f37x.o(.text)
    WWDG_IRQHandler                          0x0800028b   Thumb Code     0  startup_stm32f37x.o(.text)
    __user_initial_stackheap                 0x0800028d   Thumb Code     0  startup_stm32f37x.o(.text)
    SystemInit                               0x0800038d   Thumb Code   110  system_stm32f37x.o(.text)
    SystemCoreClockUpdate                    0x080003fb   Thumb Code   138  system_stm32f37x.o(.text)
    NMI_Handler                              0x080004a9   Thumb Code     2  stm32f37x_it.o(.text)
    HardFault_Handler                        0x080004ab   Thumb Code     4  stm32f37x_it.o(.text)
    MemManage_Handler                        0x080004af   Thumb Code     4  stm32f37x_it.o(.text)
    BusFault_Handler                         0x080004b3   Thumb Code     4  stm32f37x_it.o(.text)
    UsageFault_Handler                       0x080004b7   Thumb Code     4  stm32f37x_it.o(.text)
    SVC_Handler                              0x080004bb   Thumb Code     2  stm32f37x_it.o(.text)
    DebugMon_Handler                         0x080004bd   Thumb Code     2  stm32f37x_it.o(.text)
    PendSV_Handler                           0x080004bf   Thumb Code     2  stm32f37x_it.o(.text)
    ADC1_IRQHandler                          0x080004c1   Thumb Code     2  stm32f37x_it.o(.text)
    TIM2_IRQHandler                          0x080004c3   Thumb Code    22  stm32f37x_it.o(.text)
    TIM3_IRQHandler                          0x080004d9   Thumb Code    22  stm32f37x_it.o(.text)
    main                                     0x080004f5   Thumb Code    90  main.o(.text)
    getFeedBackTime                          0x08000555   Thumb Code     6  pid.o(.text)
    PID_Setpoint_Change                      0x0800055b   Thumb Code   426  pid.o(.text)
    EEPROM_SAVE_PID                          0x08000705   Thumb Code   534  pid.o(.text)
    Set_PID_Param                            0x0800091b   Thumb Code   708  pid.o(.text)
    Get_PID_Param                            0x08000bdf   Thumb Code   676  pid.o(.text)
    Set_Running_Param                        0x08000e83   Thumb Code   106  pid.o(.text)
    Get_Running_Param                        0x08000eed   Thumb Code   248  pid.o(.text)
    Inc_PID_Calc1                            0x08000fe5   Thumb Code   574  pid.o(.text)
    Inc_PID_Calc                             0x08001223   Thumb Code   440  pid.o(.text)
    PID_Start                                0x080013db   Thumb Code    72  pid.o(.text)
    PID_Param_Reset                          0x08001423   Thumb Code   118  pid.o(.text)
    EEPROM_READ_PID                          0x08001499   Thumb Code   570  pid.o(.text)
    EEPROM_INIT                              0x080016d3   Thumb Code    56  pid.o(.text)
    PID_Init                                 0x0800170b   Thumb Code    12  pid.o(.text)
    Valve_Close                              0x08001717   Thumb Code    26  pid.o(.text)
    Valve_Open                               0x08001731   Thumb Code    20  pid.o(.text)
    Valve_PID_Ctrl                           0x08001745   Thumb Code     8  pid.o(.text)
    is_PID_Running                           0x0800174d   Thumb Code     6  pid.o(.text)
    abs                                      0x08001753   Thumb Code    14  pid.o(.text)
    checksumCalc                             0x08001791   Thumb Code    18  protocol.o(.text)
    Byte2Float                               0x080017a3   Thumb Code    38  protocol.o(.text)
    parseData                                0x080017c9   Thumb Code   244  protocol.o(.text)
    Get_Checksum                             0x080018bd   Thumb Code    30  protocol.o(.text)
    PrintHexU8                               0x080018db   Thumb Code     2  protocol.o(.text)
    PrintHexS16                              0x080018dd   Thumb Code    20  protocol.o(.text)
    PrintS8                                  0x080018f1   Thumb Code    96  protocol.o(.text)
    PrintU8                                  0x08001951   Thumb Code    74  protocol.o(.text)
    PrintS16                                 0x0800199b   Thumb Code   166  protocol.o(.text)
    PrintU16                                 0x08001a41   Thumb Code   150  protocol.o(.text)
    PrintString                              0x08001ad7   Thumb Code    24  protocol.o(.text)
    OnResetFlowDown                          0x08001b75   Thumb Code    10  tasks.o(.text)
    NVIC_Configuration                       0x08001b7f   Thumb Code   124  tasks.o(.text)
    GPIO_Configuration                       0x08001bfb   Thumb Code   354  tasks.o(.text)
    RCC_Configuration                        0x08001d5d   Thumb Code    60  tasks.o(.text)
    Bsp_Int                                  0x08001d99   Thumb Code   142  tasks.o(.text)
    delay_init                               0x08001edd   Thumb Code    50  delay.o(.text)
    delay_us                                 0x08001f0f   Thumb Code    70  delay.o(.text)
    delay_ms                                 0x08001f55   Thumb Code    70  delay.o(.text)
    LED_Close                                0x08001fad   Thumb Code    16  led.o(.text)
    LED_Init                                 0x08001fbd   Thumb Code     8  led.o(.text)
    LED_Open                                 0x08001fc5   Thumb Code    16  led.o(.text)
    LED_Toggle                               0x08001fd5   Thumb Code    36  led.o(.text)
    LED_ON_OFF                               0x08001ff9   Thumb Code    78  led.o(.text)
    KEY_Init                                 0x08002047   Thumb Code    16  key.o(.text)
    KEY_Down                                 0x08002057   Thumb Code    58  key.o(.text)
    IsFlowReset                              0x08002091   Thumb Code    16  key.o(.text)
    Calculate_FilteringCoefficient           0x080020a1   Thumb Code   192  sdadc.o(.text)
    ADC_Mean                                 0x08002161   Thumb Code    78  sdadc.o(.text)
    updateVoltageWindowBuf                   0x080021af   Thumb Code    66  sdadc.o(.text)
    updateRawData                            0x080021f1   Thumb Code    22  sdadc.o(.text)
    VOL_IIR_Filter                           0x08002207   Thumb Code   174  sdadc.o(.text)
    GetADCVoltage                            0x080022b5   Thumb Code    60  sdadc.o(.text)
    SDADC1_Config                            0x080022f1   Thumb Code   306  sdadc.o(.text)
    ADC1_Init                                0x08002423   Thumb Code     8  sdadc.o(.text)
    ADC1_Config                              0x0800242b   Thumb Code   378  sdadc.o(.text)
    USART1_IRQHandler                        0x080025a9   Thumb Code    48  rs485.o(.text)
    RS485_Mode_Rx                            0x080025d9   Thumb Code     2  rs485.o(.text)
    RS485_Init                               0x080025db   Thumb Code    56  rs485.o(.text)
    RS485_Mode_Tx                            0x08002613   Thumb Code     2  rs485.o(.text)
    RS485_Send_Data                          0x08002615   Thumb Code    70  rs485.o(.text)
    RS485_PrintString1                       0x0800265b   Thumb Code    66  rs485.o(.text)
    RS485_Receive_Data                       0x0800269d   Thumb Code    68  rs485.o(.text)
    PWM_Mode_Config                          0x080026f1   Thumb Code   132  pwm.o(.text)
    PWW_DMA_Init                             0x08002775   Thumb Code   146  pwm.o(.text)
    PWM_Init                                 0x08002807   Thumb Code    12  pwm.o(.text)
    LoadPWM                                  0x08002813   Thumb Code    70  pwm.o(.text)
    DMA_Half_Transfer_interrupt              0x08002859   Thumb Code    34  pwm.o(.text)
    DMA_Total_Transfer_interrupt             0x0800287b   Thumb Code    38  pwm.o(.text)
    DMA1_Channel7_IRQHandler                 0x080028a1   Thumb Code    78  pwm.o(.text)
    TIM4_Configuration                       0x08002919   Thumb Code    78  timebase.o(.text)
    TIM4_Init                                0x08002967   Thumb Code    18  timebase.o(.text)
    TIM4_Set_Prescaler                       0x08002979   Thumb Code    20  timebase.o(.text)
    TIM4_IRQHandler                          0x0800298d   Thumb Code    82  timebase.o(.text)
    InitCurrWrAddress                        0x08002a3f   Thumb Code    92  eeprom.o(.text)
    EE_ReadVariable                          0x08002b4d   Thumb Code    88  eeprom.o(.text)
    __EE_Init                                0x08002ba5   Thumb Code   486  eeprom.o(.text)
    EE_Init                                  0x08002d8b   Thumb Code    16  eeprom.o(.text)
    EE_WriteVariable                         0x08002e91   Thumb Code    36  eeprom.o(.text)
    SPI3_RW                                  0x08002ebd   Thumb Code    76  spi.o(.text)
    SPI3_Write_Reg                           0x08002f09   Thumb Code    70  spi.o(.text)
    AD5761_SetVotage                         0x08002f4f   Thumb Code    14  spi.o(.text)
    AD5761_Config                            0x08002f5d   Thumb Code    62  spi.o(.text)
    SPI3_Init                                0x08002f9b   Thumb Code   110  spi.o(.text)
    AD5761_Init                              0x08003009   Thumb Code    18  spi.o(.text)
    SPI3_WriteRead_Buff                      0x0800301b   Thumb Code    62  spi.o(.text)
    AD5761_ReadConfig                        0x08003059   Thumb Code    58  spi.o(.text)
    SPI3_SetSpeed                            0x08003093   Thumb Code    36  spi.o(.text)
    USART1_Start_DMA_Recv                    0x080030d9   Thumb Code   106  rs485_dma.o(.text)
    rs485_DMA_Init                           0x08003179   Thumb Code    20  rs485_dma.o(.text)
    GetRecvBuf                               0x0800318d   Thumb Code    18  rs485_dma.o(.text)
    PutMsg2RecvQueue                         0x0800319f   Thumb Code    12  rs485_dma.o(.text)
    USART1_Start_DMA_Send                    0x080031ab   Thumb Code   150  rs485_dma.o(.text)
    RS485_PrintString                        0x08003241   Thumb Code    22  rs485_dma.o(.text)
    DMA1_Channel5_IRQHandler                 0x08003257   Thumb Code   216  rs485_dma.o(.text)
    DMA1_Channel4_IRQHandler                 0x0800332f   Thumb Code    38  rs485_dma.o(.text)
    GPIO_DeInit                              0x08003379   Thumb Code   154  stm32f37x_gpio.o(.text)
    GPIO_Init                                0x08003413   Thumb Code   144  stm32f37x_gpio.o(.text)
    GPIO_StructInit                          0x080034a3   Thumb Code    22  stm32f37x_gpio.o(.text)
    GPIO_PinLockConfig                       0x080034b9   Thumb Code    34  stm32f37x_gpio.o(.text)
    GPIO_ReadInputDataBit                    0x080034db   Thumb Code    18  stm32f37x_gpio.o(.text)
    GPIO_ReadInputData                       0x080034ed   Thumb Code     6  stm32f37x_gpio.o(.text)
    GPIO_ReadOutputDataBit                   0x080034f3   Thumb Code    18  stm32f37x_gpio.o(.text)
    GPIO_ReadOutputData                      0x08003505   Thumb Code     6  stm32f37x_gpio.o(.text)
    GPIO_SetBits                             0x0800350b   Thumb Code     4  stm32f37x_gpio.o(.text)
    GPIO_ResetBits                           0x0800350f   Thumb Code     4  stm32f37x_gpio.o(.text)
    GPIO_WriteBit                            0x08003513   Thumb Code    10  stm32f37x_gpio.o(.text)
    GPIO_Write                               0x0800351d   Thumb Code     4  stm32f37x_gpio.o(.text)
    GPIO_PinAFConfig                         0x08003521   Thumb Code    70  stm32f37x_gpio.o(.text)
    RCC_DeInit                               0x0800357d   Thumb Code    82  stm32f37x_rcc.o(.text)
    RCC_HSEConfig                            0x080035cf   Thumb Code    12  stm32f37x_rcc.o(.text)
    RCC_GetFlagStatus                        0x080035db   Thumb Code    54  stm32f37x_rcc.o(.text)
    RCC_WaitForHSEStartUp                    0x08003611   Thumb Code    56  stm32f37x_rcc.o(.text)
    RCC_AdjustHSICalibrationValue            0x08003649   Thumb Code    20  stm32f37x_rcc.o(.text)
    RCC_HSICmd                               0x0800365d   Thumb Code     6  stm32f37x_rcc.o(.text)
    RCC_LSEConfig                            0x08003663   Thumb Code    32  stm32f37x_rcc.o(.text)
    RCC_LSEDriveConfig                       0x08003683   Thumb Code    22  stm32f37x_rcc.o(.text)
    RCC_LSICmd                               0x08003699   Thumb Code     6  stm32f37x_rcc.o(.text)
    RCC_PLLConfig                            0x0800369f   Thumb Code    28  stm32f37x_rcc.o(.text)
    RCC_PLLCmd                               0x080036bb   Thumb Code     6  stm32f37x_rcc.o(.text)
    RCC_PREDIV1Config                        0x080036c1   Thumb Code    18  stm32f37x_rcc.o(.text)
    RCC_ClockSecuritySystemCmd               0x080036d3   Thumb Code     6  stm32f37x_rcc.o(.text)
    RCC_MCOConfig                            0x080036d9   Thumb Code     6  stm32f37x_rcc.o(.text)
    RCC_SYSCLKConfig                         0x080036df   Thumb Code    18  stm32f37x_rcc.o(.text)
    RCC_GetSYSCLKSource                      0x080036f1   Thumb Code    10  stm32f37x_rcc.o(.text)
    RCC_HCLKConfig                           0x080036fb   Thumb Code    18  stm32f37x_rcc.o(.text)
    RCC_PCLK1Config                          0x0800370d   Thumb Code    18  stm32f37x_rcc.o(.text)
    RCC_PCLK2Config                          0x0800371f   Thumb Code    20  stm32f37x_rcc.o(.text)
    RCC_ADCCLKConfig                         0x08003733   Thumb Code    22  stm32f37x_rcc.o(.text)
    RCC_SDADCCLKConfig                       0x08003749   Thumb Code    22  stm32f37x_rcc.o(.text)
    RCC_CECCLKConfig                         0x0800375f   Thumb Code    22  stm32f37x_rcc.o(.text)
    RCC_I2CCLKConfig                         0x08003775   Thumb Code    44  stm32f37x_rcc.o(.text)
    RCC_USARTCLKConfig                       0x080037a1   Thumb Code    76  stm32f37x_rcc.o(.text)
    RCC_USBCLKConfig                         0x080037ed   Thumb Code     6  stm32f37x_rcc.o(.text)
    RCC_GetClocksFreq                        0x080037f3   Thumb Code   548  stm32f37x_rcc.o(.text)
    RCC_RTCCLKConfig                         0x08003a17   Thumb Code    12  stm32f37x_rcc.o(.text)
    RCC_RTCCLKCmd                            0x08003a23   Thumb Code     6  stm32f37x_rcc.o(.text)
    RCC_BackupResetCmd                       0x08003a29   Thumb Code     8  stm32f37x_rcc.o(.text)
    RCC_AHBPeriphClockCmd                    0x08003a31   Thumb Code    26  stm32f37x_rcc.o(.text)
    RCC_APB2PeriphClockCmd                   0x08003a4b   Thumb Code    26  stm32f37x_rcc.o(.text)
    RCC_APB1PeriphClockCmd                   0x08003a65   Thumb Code    26  stm32f37x_rcc.o(.text)
    RCC_AHBPeriphResetCmd                    0x08003a7f   Thumb Code    26  stm32f37x_rcc.o(.text)
    RCC_APB2PeriphResetCmd                   0x08003a99   Thumb Code    26  stm32f37x_rcc.o(.text)
    RCC_APB1PeriphResetCmd                   0x08003ab3   Thumb Code    26  stm32f37x_rcc.o(.text)
    RCC_ITConfig                             0x08003acd   Thumb Code    26  stm32f37x_rcc.o(.text)
    RCC_ClearFlag                            0x08003ae7   Thumb Code    14  stm32f37x_rcc.o(.text)
    RCC_GetITStatus                          0x08003af5   Thumb Code    20  stm32f37x_rcc.o(.text)
    RCC_ClearITPendingBit                    0x08003b09   Thumb Code     6  stm32f37x_rcc.o(.text)
    USART_DeInit                             0x08003b1d   Thumb Code    82  stm32f37x_usart.o(.text)
    USART_Init                               0x08003b6f   Thumb Code   196  stm32f37x_usart.o(.text)
    USART_StructInit                         0x08003c33   Thumb Code    24  stm32f37x_usart.o(.text)
    USART_ClockInit                          0x08003c4b   Thumb Code    30  stm32f37x_usart.o(.text)
    USART_ClockStructInit                    0x08003c69   Thumb Code    12  stm32f37x_usart.o(.text)
    USART_Cmd                                0x08003c75   Thumb Code    22  stm32f37x_usart.o(.text)
    USART_DirectionModeCmd                   0x08003c8b   Thumb Code    18  stm32f37x_usart.o(.text)
    USART_OverSampling8Cmd                   0x08003c9d   Thumb Code    22  stm32f37x_usart.o(.text)
    USART_OneBitMethodCmd                    0x08003cb3   Thumb Code    22  stm32f37x_usart.o(.text)
    USART_MSBFirstCmd                        0x08003cc9   Thumb Code    22  stm32f37x_usart.o(.text)
    USART_DataInvCmd                         0x08003cdf   Thumb Code    22  stm32f37x_usart.o(.text)
    USART_InvPinCmd                          0x08003cf5   Thumb Code    18  stm32f37x_usart.o(.text)
    USART_SWAPPinCmd                         0x08003d07   Thumb Code    22  stm32f37x_usart.o(.text)
    USART_ReceiverTimeOutCmd                 0x08003d1d   Thumb Code    22  stm32f37x_usart.o(.text)
    USART_SetReceiverTimeOut                 0x08003d33   Thumb Code    16  stm32f37x_usart.o(.text)
    USART_SetPrescaler                       0x08003d43   Thumb Code    16  stm32f37x_usart.o(.text)
    USART_STOPModeCmd                        0x08003d53   Thumb Code    22  stm32f37x_usart.o(.text)
    USART_StopModeWakeUpSourceConfig         0x08003d69   Thumb Code    16  stm32f37x_usart.o(.text)
    USART_AutoBaudRateCmd                    0x08003d79   Thumb Code    22  stm32f37x_usart.o(.text)
    USART_AutoBaudRateConfig                 0x08003d8f   Thumb Code    16  stm32f37x_usart.o(.text)
    USART_SendData                           0x08003d9f   Thumb Code     8  stm32f37x_usart.o(.text)
    USART_ReceiveData                        0x08003da7   Thumb Code    10  stm32f37x_usart.o(.text)
    USART_SetAddress                         0x08003db1   Thumb Code    18  stm32f37x_usart.o(.text)
    USART_MuteModeCmd                        0x08003dc3   Thumb Code    22  stm32f37x_usart.o(.text)
    USART_MuteModeWakeUpConfig               0x08003dd9   Thumb Code    16  stm32f37x_usart.o(.text)
    USART_AddressDetectionConfig             0x08003de9   Thumb Code    16  stm32f37x_usart.o(.text)
    USART_LINBreakDetectLengthConfig         0x08003df9   Thumb Code    16  stm32f37x_usart.o(.text)
    USART_LINCmd                             0x08003e09   Thumb Code    22  stm32f37x_usart.o(.text)
    USART_HalfDuplexCmd                      0x08003e1f   Thumb Code    22  stm32f37x_usart.o(.text)
    USART_SetGuardTime                       0x08003e35   Thumb Code    16  stm32f37x_usart.o(.text)
    USART_SmartCardCmd                       0x08003e45   Thumb Code    22  stm32f37x_usart.o(.text)
    USART_SmartCardNACKCmd                   0x08003e5b   Thumb Code    22  stm32f37x_usart.o(.text)
    USART_SetAutoRetryCount                  0x08003e71   Thumb Code    18  stm32f37x_usart.o(.text)
    USART_SetBlockLength                     0x08003e83   Thumb Code    18  stm32f37x_usart.o(.text)
    USART_IrDAConfig                         0x08003e95   Thumb Code    16  stm32f37x_usart.o(.text)
    USART_IrDACmd                            0x08003ea5   Thumb Code    22  stm32f37x_usart.o(.text)
    USART_DECmd                              0x08003ebb   Thumb Code    22  stm32f37x_usart.o(.text)
    USART_DEPolarityConfig                   0x08003ed1   Thumb Code    16  stm32f37x_usart.o(.text)
    USART_SetDEAssertionTime                 0x08003ee1   Thumb Code    18  stm32f37x_usart.o(.text)
    USART_SetDEDeassertionTime               0x08003ef3   Thumb Code    30  stm32f37x_usart.o(.text)
    USART_DMACmd                             0x08003f11   Thumb Code    18  stm32f37x_usart.o(.text)
    USART_DMAReceptionErrorConfig            0x08003f23   Thumb Code    16  stm32f37x_usart.o(.text)
    USART_ITConfig                           0x08003f33   Thumb Code    58  stm32f37x_usart.o(.text)
    USART_RequestCmd                         0x08003f6d   Thumb Code    18  stm32f37x_usart.o(.text)
    USART_OverrunDetectionConfig             0x08003f7f   Thumb Code    16  stm32f37x_usart.o(.text)
    USART_GetFlagStatus                      0x08003f8f   Thumb Code    18  stm32f37x_usart.o(.text)
    USART_ClearFlag                          0x08003fa1   Thumb Code     4  stm32f37x_usart.o(.text)
    USART_GetITStatus                        0x08003fa5   Thumb Code    74  stm32f37x_usart.o(.text)
    USART_ClearITPendingBit                  0x08003fef   Thumb Code    18  stm32f37x_usart.o(.text)
    ADC_DeInit                               0x08004001   Thumb Code    24  stm32f37x_adc.o(.text)
    ADC_Init                                 0x08004019   Thumb Code    66  stm32f37x_adc.o(.text)
    ADC_StructInit                           0x0800405b   Thumb Code    16  stm32f37x_adc.o(.text)
    ADC_Cmd                                  0x0800406b   Thumb Code    22  stm32f37x_adc.o(.text)
    ADC_StartCalibration                     0x08004081   Thumb Code    10  stm32f37x_adc.o(.text)
    ADC_ResetCalibration                     0x0800408b   Thumb Code    10  stm32f37x_adc.o(.text)
    ADC_AnalogWatchdogCmd                    0x08004095   Thumb Code    16  stm32f37x_adc.o(.text)
    ADC_AnalogWatchdogThresholdsConfig       0x080040a5   Thumb Code     6  stm32f37x_adc.o(.text)
    ADC_AnalogWatchdogSingleChannelConfig    0x080040ab   Thumb Code    16  stm32f37x_adc.o(.text)
    ADC_TempSensorVrefintCmd                 0x080040bb   Thumb Code    30  stm32f37x_adc.o(.text)
    ADC_RegularChannelConfig                 0x080040d9   Thumb Code   184  stm32f37x_adc.o(.text)
    ADC_ExternalTrigConvCmd                  0x08004191   Thumb Code    22  stm32f37x_adc.o(.text)
    ADC_SoftwareStartConv                    0x080041a7   Thumb Code    10  stm32f37x_adc.o(.text)
    ADC_GetSoftwareStartConvStatus           0x080041b1   Thumb Code    20  stm32f37x_adc.o(.text)
    ADC_ContinuousModeCmd                    0x080041c5   Thumb Code    22  stm32f37x_adc.o(.text)
    ADC_DiscModeChannelCountConfig           0x080041db   Thumb Code    24  stm32f37x_adc.o(.text)
    ADC_DiscModeCmd                          0x080041f3   Thumb Code    22  stm32f37x_adc.o(.text)
    ADC_GetConversionValue                   0x08004209   Thumb Code     8  stm32f37x_adc.o(.text)
    ADC_DMACmd                               0x08004211   Thumb Code    22  stm32f37x_adc.o(.text)
    ADC_InjectedChannelConfig                0x08004227   Thumb Code   130  stm32f37x_adc.o(.text)
    ADC_InjectedSequencerLengthConfig        0x080042a9   Thumb Code    24  stm32f37x_adc.o(.text)
    ADC_SetInjectedOffset                    0x080042c1   Thumb Code    20  stm32f37x_adc.o(.text)
    ADC_ExternalTrigInjectedConvConfig       0x080042d5   Thumb Code    16  stm32f37x_adc.o(.text)
    ADC_ExternalTrigInjectedConvCmd          0x080042e5   Thumb Code    22  stm32f37x_adc.o(.text)
    ADC_SoftwareStartInjectedConvCmd         0x080042fb   Thumb Code    22  stm32f37x_adc.o(.text)
    ADC_GetSoftwareStartInjectedConvCmdStatus 0x08004311   Thumb Code    20  stm32f37x_adc.o(.text)
    ADC_AutoInjectedConvCmd                  0x08004325   Thumb Code    22  stm32f37x_adc.o(.text)
    ADC_InjectedDiscModeCmd                  0x0800433b   Thumb Code    22  stm32f37x_adc.o(.text)
    ADC_GetInjectedConversionValue           0x08004351   Thumb Code    28  stm32f37x_adc.o(.text)
    ADC_ITConfig                             0x0800436d   Thumb Code    24  stm32f37x_adc.o(.text)
    ADC_GetFlagStatus                        0x08004385   Thumb Code    18  stm32f37x_adc.o(.text)
    ADC_ClearFlag                            0x08004397   Thumb Code     6  stm32f37x_adc.o(.text)
    ADC_GetITStatus                          0x0800439d   Thumb Code    36  stm32f37x_adc.o(.text)
    ADC_ClearITPendingBit                    0x080043c1   Thumb Code    10  stm32f37x_adc.o(.text)
    ADC_GetCalibrationStatus                 0x080043cb   Thumb Code    20  stm32f37x_adc.o(.text)
    ADC_GetResetCalibrationStatus            0x080043df   Thumb Code    20  stm32f37x_adc.o(.text)
    DMA_DeInit                               0x08004401   Thumb Code   324  stm32f37x_dma.o(.text)
    DMA_Init                                 0x08004545   Thumb Code    60  stm32f37x_dma.o(.text)
    DMA_StructInit                           0x08004581   Thumb Code    26  stm32f37x_dma.o(.text)
    DMA_Cmd                                  0x0800459b   Thumb Code    24  stm32f37x_dma.o(.text)
    DMA_SetCurrDataCounter                   0x080045b3   Thumb Code     4  stm32f37x_dma.o(.text)
    DMA_GetCurrDataCounter                   0x080045b7   Thumb Code     8  stm32f37x_dma.o(.text)
    DMA_ITConfig                             0x080045bf   Thumb Code    18  stm32f37x_dma.o(.text)
    DMA_GetFlagStatus                        0x080045d1   Thumb Code    38  stm32f37x_dma.o(.text)
    DMA_ClearFlag                            0x080045f7   Thumb Code    22  stm32f37x_dma.o(.text)
    DMA_GetITStatus                          0x0800460d   Thumb Code    38  stm32f37x_dma.o(.text)
    DMA_ClearITPendingBit                    0x08004633   Thumb Code    22  stm32f37x_dma.o(.text)
    SDADC_DeInit                             0x08004651   Thumb Code    76  stm32f37x_sdadc.o(.text)
    SDADC_Init                               0x0800469d   Thumb Code    34  stm32f37x_sdadc.o(.text)
    SDADC_StructInit                         0x080046bf   Thumb Code    12  stm32f37x_sdadc.o(.text)
    SDADC_AINInit                            0x080046cb   Thumb Code    30  stm32f37x_sdadc.o(.text)
    SDADC_AINStructInit                      0x080046e9   Thumb Code    12  stm32f37x_sdadc.o(.text)
    SDADC_ChannelConfig                      0x080046f5   Thumb Code    30  stm32f37x_sdadc.o(.text)
    SDADC_Cmd                                0x08004713   Thumb Code    22  stm32f37x_sdadc.o(.text)
    SDADC_InitModeCmd                        0x08004729   Thumb Code    22  stm32f37x_sdadc.o(.text)
    SDADC_FastConversionCmd                  0x0800473f   Thumb Code    22  stm32f37x_sdadc.o(.text)
    SDADC_VREFSelect                         0x08004755   Thumb Code    16  stm32f37x_sdadc.o(.text)
    SDADC_CalibrationSequenceConfig          0x08004765   Thumb Code    14  stm32f37x_sdadc.o(.text)
    SDADC_StartCalibration                   0x08004773   Thumb Code    10  stm32f37x_sdadc.o(.text)
    SDADC_ChannelSelect                      0x0800477d   Thumb Code    18  stm32f37x_sdadc.o(.text)
    SDADC_ContinuousModeCmd                  0x0800478f   Thumb Code    22  stm32f37x_sdadc.o(.text)
    SDADC_SoftwareStartConv                  0x080047a5   Thumb Code    10  stm32f37x_sdadc.o(.text)
    SDADC_GetConversionValue                 0x080047af   Thumb Code     8  stm32f37x_sdadc.o(.text)
    SDADC_RegularSynchroSDADC1               0x080047b7   Thumb Code    22  stm32f37x_sdadc.o(.text)
    SDADC_GetConversionSDADC12Value          0x080047cd   Thumb Code     6  stm32f37x_sdadc.o(.text)
    SDADC_GetConversionSDADC13Value          0x080047d3   Thumb Code     6  stm32f37x_sdadc.o(.text)
    SDADC_SoftwareStartInjectedConv          0x080047d9   Thumb Code    10  stm32f37x_sdadc.o(.text)
    SDADC_InjectedChannelSelect              0x080047e3   Thumb Code     6  stm32f37x_sdadc.o(.text)
    SDADC_DelayStartInjectedConvCmd          0x080047e9   Thumb Code    22  stm32f37x_sdadc.o(.text)
    SDADC_InjectedContinuousModeCmd          0x080047ff   Thumb Code    22  stm32f37x_sdadc.o(.text)
    SDADC_ExternalTrigInjectedConvConfig     0x08004815   Thumb Code    16  stm32f37x_sdadc.o(.text)
    SDADC_ExternalTrigInjectedConvEdgeConfig 0x08004825   Thumb Code    16  stm32f37x_sdadc.o(.text)
    SDADC_GetInjectedChannel                 0x08004835   Thumb Code    18  stm32f37x_sdadc.o(.text)
    SDADC_GetInjectedConversionValue         0x08004847   Thumb Code    30  stm32f37x_sdadc.o(.text)
    SDADC_InjectedSynchroSDADC1              0x08004865   Thumb Code    22  stm32f37x_sdadc.o(.text)
    SDADC_GetInjectedConversionSDADC12Value  0x0800487b   Thumb Code     6  stm32f37x_sdadc.o(.text)
    SDADC_GetInjectedConversionSDADC13Value  0x08004881   Thumb Code     6  stm32f37x_sdadc.o(.text)
    SDADC_PowerDownCmd                       0x08004887   Thumb Code    22  stm32f37x_sdadc.o(.text)
    SDADC_StandbyCmd                         0x0800489d   Thumb Code    22  stm32f37x_sdadc.o(.text)
    SDADC_SlowClockCmd                       0x080048b3   Thumb Code    22  stm32f37x_sdadc.o(.text)
    SDADC_DMAConfig                          0x080048c9   Thumb Code    18  stm32f37x_sdadc.o(.text)
    SDADC_ITConfig                           0x080048db   Thumb Code    18  stm32f37x_sdadc.o(.text)
    SDADC_GetFlagStatus                      0x080048ed   Thumb Code    18  stm32f37x_sdadc.o(.text)
    SDADC_ClearFlag                          0x080048ff   Thumb Code     8  stm32f37x_sdadc.o(.text)
    SDADC_GetITStatus                        0x08004907   Thumb Code    34  stm32f37x_sdadc.o(.text)
    SDADC_ClearITPendingBit                  0x08004929   Thumb Code     8  stm32f37x_sdadc.o(.text)
    TIM_DeInit                               0x08004945   Thumb Code   348  stm32f37x_tim.o(.text)
    TIM_TimeBaseInit                         0x08004aa1   Thumb Code   110  stm32f37x_tim.o(.text)
    TIM_TimeBaseStructInit                   0x08004b0f   Thumb Code    18  stm32f37x_tim.o(.text)
    TIM_PrescalerConfig                      0x08004b21   Thumb Code     6  stm32f37x_tim.o(.text)
    TIM_CounterModeConfig                    0x08004b27   Thumb Code    18  stm32f37x_tim.o(.text)
    TIM_SetCounter                           0x08004b39   Thumb Code     4  stm32f37x_tim.o(.text)
    TIM_SetAutoreload                        0x08004b3d   Thumb Code     4  stm32f37x_tim.o(.text)
    TIM_GetCounter                           0x08004b41   Thumb Code     6  stm32f37x_tim.o(.text)
    TIM_GetPrescaler                         0x08004b47   Thumb Code     6  stm32f37x_tim.o(.text)
    TIM_UpdateDisableConfig                  0x08004b4d   Thumb Code    24  stm32f37x_tim.o(.text)
    TIM_UpdateRequestConfig                  0x08004b65   Thumb Code    24  stm32f37x_tim.o(.text)
    TIM_ARRPreloadConfig                     0x08004b7d   Thumb Code    24  stm32f37x_tim.o(.text)
    TIM_SelectOnePulseMode                   0x08004b95   Thumb Code    18  stm32f37x_tim.o(.text)
    TIM_SetClockDivision                     0x08004ba7   Thumb Code    18  stm32f37x_tim.o(.text)
    TIM_Cmd                                  0x08004bb9   Thumb Code    24  stm32f37x_tim.o(.text)
    TIM_BDTRConfig                           0x08004bd1   Thumb Code    38  stm32f37x_tim.o(.text)
    TIM_BDTRStructInit                       0x08004bf7   Thumb Code    18  stm32f37x_tim.o(.text)
    TIM_CtrlPWMOutputs                       0x08004c09   Thumb Code    30  stm32f37x_tim.o(.text)
    TIM_OC1Init                              0x08004c27   Thumb Code   120  stm32f37x_tim.o(.text)
    TIM_OC2Init                              0x08004c9f   Thumb Code    82  stm32f37x_tim.o(.text)
    TIM_OC3Init                              0x08004cf1   Thumb Code   132  stm32f37x_tim.o(.text)
    TIM_OC4Init                              0x08004d75   Thumb Code    82  stm32f37x_tim.o(.text)
    TIM_OCStructInit                         0x08004dc7   Thumb Code    20  stm32f37x_tim.o(.text)
    TIM_SelectOCxM                           0x08004ddb   Thumb Code    82  stm32f37x_tim.o(.text)
    TIM_SetCompare1                          0x08004e2d   Thumb Code     4  stm32f37x_tim.o(.text)
    TIM_SetCompare2                          0x08004e31   Thumb Code     4  stm32f37x_tim.o(.text)
    TIM_SetCompare3                          0x08004e35   Thumb Code     4  stm32f37x_tim.o(.text)
    TIM_SetCompare4                          0x08004e39   Thumb Code     4  stm32f37x_tim.o(.text)
    TIM_ForcedOC1Config                      0x08004e3d   Thumb Code    18  stm32f37x_tim.o(.text)
    TIM_ForcedOC2Config                      0x08004e4f   Thumb Code    26  stm32f37x_tim.o(.text)
    TIM_ForcedOC3Config                      0x08004e69   Thumb Code    18  stm32f37x_tim.o(.text)
    TIM_ForcedOC4Config                      0x08004e7b   Thumb Code    26  stm32f37x_tim.o(.text)
    TIM_CCPreloadControl                     0x08004e95   Thumb Code    24  stm32f37x_tim.o(.text)
    TIM_OC1PreloadConfig                     0x08004ead   Thumb Code    18  stm32f37x_tim.o(.text)
    TIM_OC2PreloadConfig                     0x08004ebf   Thumb Code    26  stm32f37x_tim.o(.text)
    TIM_OC3PreloadConfig                     0x08004ed9   Thumb Code    18  stm32f37x_tim.o(.text)
    TIM_OC4PreloadConfig                     0x08004eeb   Thumb Code    26  stm32f37x_tim.o(.text)
    TIM_OC1FastConfig                        0x08004f05   Thumb Code    18  stm32f37x_tim.o(.text)
    TIM_OC2FastConfig                        0x08004f17   Thumb Code    26  stm32f37x_tim.o(.text)
    TIM_OC3FastConfig                        0x08004f31   Thumb Code    18  stm32f37x_tim.o(.text)
    TIM_OC4FastConfig                        0x08004f43   Thumb Code    26  stm32f37x_tim.o(.text)
    TIM_ClearOC1Ref                          0x08004f5d   Thumb Code    18  stm32f37x_tim.o(.text)
    TIM_ClearOC2Ref                          0x08004f6f   Thumb Code    24  stm32f37x_tim.o(.text)
    TIM_ClearOC3Ref                          0x08004f87   Thumb Code    18  stm32f37x_tim.o(.text)
    TIM_ClearOC4Ref                          0x08004f99   Thumb Code    24  stm32f37x_tim.o(.text)
    TIM_OC1PolarityConfig                    0x08004fb1   Thumb Code    18  stm32f37x_tim.o(.text)
    TIM_OC1NPolarityConfig                   0x08004fc3   Thumb Code    18  stm32f37x_tim.o(.text)
    TIM_OC2PolarityConfig                    0x08004fd5   Thumb Code    26  stm32f37x_tim.o(.text)
    TIM_OC3PolarityConfig                    0x08004fef   Thumb Code    26  stm32f37x_tim.o(.text)
    TIM_OC4PolarityConfig                    0x08005009   Thumb Code    26  stm32f37x_tim.o(.text)
    TIM_SelectOCREFClear                     0x08005023   Thumb Code    18  stm32f37x_tim.o(.text)
    TIM_CCxCmd                               0x08005035   Thumb Code    30  stm32f37x_tim.o(.text)
    TIM_CCxNCmd                              0x08005053   Thumb Code    30  stm32f37x_tim.o(.text)
    TIM_SelectCOM                            0x08005071   Thumb Code    24  stm32f37x_tim.o(.text)
    TIM_SetIC4Prescaler                      0x08005089   Thumb Code    26  stm32f37x_tim.o(.text)
    TIM_SetIC3Prescaler                      0x080050f3   Thumb Code    18  stm32f37x_tim.o(.text)
    TIM_SetIC2Prescaler                      0x0800514d   Thumb Code    26  stm32f37x_tim.o(.text)
    TIM_SetIC1Prescaler                      0x080051b7   Thumb Code    18  stm32f37x_tim.o(.text)
    TIM_ICInit                               0x08005203   Thumb Code   110  stm32f37x_tim.o(.text)
    TIM_ICStructInit                         0x08005271   Thumb Code    18  stm32f37x_tim.o(.text)
    TIM_PWMIConfig                           0x08005283   Thumb Code   124  stm32f37x_tim.o(.text)
    TIM_GetCapture1                          0x080052ff   Thumb Code     6  stm32f37x_tim.o(.text)
    TIM_GetCapture2                          0x08005305   Thumb Code     6  stm32f37x_tim.o(.text)
    TIM_GetCapture3                          0x0800530b   Thumb Code     6  stm32f37x_tim.o(.text)
    TIM_GetCapture4                          0x08005311   Thumb Code     6  stm32f37x_tim.o(.text)
    TIM_ITConfig                             0x08005317   Thumb Code    18  stm32f37x_tim.o(.text)
    TIM_GenerateEvent                        0x08005329   Thumb Code     4  stm32f37x_tim.o(.text)
    TIM_GetFlagStatus                        0x0800532d   Thumb Code    18  stm32f37x_tim.o(.text)
    TIM_ClearFlag                            0x0800533f   Thumb Code     6  stm32f37x_tim.o(.text)
    TIM_GetITStatus                          0x08005345   Thumb Code    34  stm32f37x_tim.o(.text)
    TIM_ClearITPendingBit                    0x08005367   Thumb Code     6  stm32f37x_tim.o(.text)
    TIM_DMAConfig                            0x0800536d   Thumb Code    10  stm32f37x_tim.o(.text)
    TIM_DMACmd                               0x08005377   Thumb Code    18  stm32f37x_tim.o(.text)
    TIM_SelectCCDMA                          0x08005389   Thumb Code    24  stm32f37x_tim.o(.text)
    TIM_InternalClockConfig                  0x080053a1   Thumb Code    12  stm32f37x_tim.o(.text)
    TIM_SelectInputTrigger                   0x080053ad   Thumb Code    18  stm32f37x_tim.o(.text)
    TIM_ITRxExternalClockConfig              0x080053bf   Thumb Code    24  stm32f37x_tim.o(.text)
    TIM_TIxExternalClockConfig               0x080053d7   Thumb Code    62  stm32f37x_tim.o(.text)
    TIM_ETRConfig                            0x08005415   Thumb Code    28  stm32f37x_tim.o(.text)
    TIM_ETRClockMode1Config                  0x08005431   Thumb Code    54  stm32f37x_tim.o(.text)
    TIM_ETRClockMode2Config                  0x08005467   Thumb Code    32  stm32f37x_tim.o(.text)
    TIM_SelectOutputTrigger                  0x08005487   Thumb Code    18  stm32f37x_tim.o(.text)
    TIM_SelectSlaveMode                      0x08005499   Thumb Code    18  stm32f37x_tim.o(.text)
    TIM_SelectMasterSlaveMode                0x080054ab   Thumb Code    18  stm32f37x_tim.o(.text)
    TIM_EncoderInterfaceConfig               0x080054bd   Thumb Code    66  stm32f37x_tim.o(.text)
    TIM_SelectHallSensor                     0x080054ff   Thumb Code    24  stm32f37x_tim.o(.text)
    TIM_RemapConfig                          0x08005517   Thumb Code     6  stm32f37x_tim.o(.text)
    NVIC_PriorityGroupConfig                 0x0800551d   Thumb Code    10  stm32f37x_misc.o(.text)
    NVIC_Init                                0x08005527   Thumb Code   102  stm32f37x_misc.o(.text)
    NVIC_SetVectorTable                      0x0800558d   Thumb Code    14  stm32f37x_misc.o(.text)
    NVIC_SystemLPConfig                      0x0800559b   Thumb Code    34  stm32f37x_misc.o(.text)
    SysTick_CLKSourceConfig                  0x080055bd   Thumb Code    40  stm32f37x_misc.o(.text)
    PWR_DeInit                               0x080055f9   Thumb Code    22  stm32f37x_pwr.o(.text)
    PWR_BackupAccessCmd                      0x0800560f   Thumb Code     6  stm32f37x_pwr.o(.text)
    PWR_PVDLevelConfig                       0x08005615   Thumb Code    18  stm32f37x_pwr.o(.text)
    PWR_PVDCmd                               0x08005627   Thumb Code     6  stm32f37x_pwr.o(.text)
    PWR_WakeUpPinCmd                         0x0800562d   Thumb Code    26  stm32f37x_pwr.o(.text)
    PWR_SDADCAnalogCmd                       0x08005647   Thumb Code    26  stm32f37x_pwr.o(.text)
    PWR_EnterSleepMode                       0x08005661   Thumb Code    24  stm32f37x_pwr.o(.text)
    PWR_EnterSTOPMode                        0x08005679   Thumb Code    54  stm32f37x_pwr.o(.text)
    PWR_EnterSTANDBYMode                     0x080056af   Thumb Code    42  stm32f37x_pwr.o(.text)
    PWR_GetFlagStatus                        0x080056d9   Thumb Code    20  stm32f37x_pwr.o(.text)
    PWR_ClearFlag                            0x080056ed   Thumb Code    14  stm32f37x_pwr.o(.text)
    FLASH_SetLatency                         0x08005709   Thumb Code    18  stm32f37x_flash.o(.text)
    FLASH_HalfCycleAccessCmd                 0x0800571b   Thumb Code    30  stm32f37x_flash.o(.text)
    FLASH_PrefetchBufferCmd                  0x08005739   Thumb Code    30  stm32f37x_flash.o(.text)
    FLASH_Unlock                             0x08005757   Thumb Code    22  stm32f37x_flash.o(.text)
    FLASH_Lock                               0x0800576d   Thumb Code    14  stm32f37x_flash.o(.text)
    FLASH_GetStatus                          0x0800577b   Thumb Code    48  stm32f37x_flash.o(.text)
    FLASH_WaitForLastOperation               0x080057ab   Thumb Code    38  stm32f37x_flash.o(.text)
    FLASH_ErasePage                          0x080057d1   Thumb Code    70  stm32f37x_flash.o(.text)
    FLASH_EraseAllPages                      0x08005817   Thumb Code    66  stm32f37x_flash.o(.text)
    FLASH_ProgramWord                        0x08005859   Thumb Code   104  stm32f37x_flash.o(.text)
    FLASH_ProgramHalfWord                    0x080058c1   Thumb Code    62  stm32f37x_flash.o(.text)
    FLASH_OB_Unlock                          0x080058ff   Thumb Code    22  stm32f37x_flash.o(.text)
    FLASH_OB_Lock                            0x08005915   Thumb Code    14  stm32f37x_flash.o(.text)
    FLASH_OB_Launch                          0x08005923   Thumb Code    14  stm32f37x_flash.o(.text)
    FLASH_OB_GetRDP                          0x08005931   Thumb Code    20  stm32f37x_flash.o(.text)
    FLASH_OB_Erase                           0x08005945   Thumb Code   138  stm32f37x_flash.o(.text)
    FLASH_OB_ProgramData                     0x080059cf   Thumb Code    66  stm32f37x_flash.o(.text)
    FLASH_OB_EnableWRP                       0x08005a11   Thumb Code   182  stm32f37x_flash.o(.text)
    FLASH_OB_RDPConfig                       0x08005ac7   Thumb Code   148  stm32f37x_flash.o(.text)
    FLASH_OB_UserConfig                      0x08005b5b   Thumb Code    82  stm32f37x_flash.o(.text)
    FLASH_OB_BOOTConfig                      0x08005bad   Thumb Code    72  stm32f37x_flash.o(.text)
    FLASH_OB_VDDAConfig                      0x08005bf5   Thumb Code    72  stm32f37x_flash.o(.text)
    FLASH_OB_VDD_SD12Config                  0x08005c3d   Thumb Code    72  stm32f37x_flash.o(.text)
    FLASH_OB_SRAMParityConfig                0x08005c85   Thumb Code    72  stm32f37x_flash.o(.text)
    FLASH_OB_WriteUser                       0x08005ccd   Thumb Code    72  stm32f37x_flash.o(.text)
    FLASH_OB_GetUser                         0x08005d15   Thumb Code    10  stm32f37x_flash.o(.text)
    FLASH_OB_GetWRP                          0x08005d1f   Thumb Code     6  stm32f37x_flash.o(.text)
    FLASH_ITConfig                           0x08005d25   Thumb Code    26  stm32f37x_flash.o(.text)
    FLASH_GetFlagStatus                      0x08005d3f   Thumb Code    20  stm32f37x_flash.o(.text)
    FLASH_ClearFlag                          0x08005d53   Thumb Code     6  stm32f37x_flash.o(.text)
    SPI_I2S_DeInit                           0x08005d61   Thumb Code    76  stm32f37x_spi.o(.text)
    SPI_StructInit                           0x08005dad   Thumb Code    30  stm32f37x_spi.o(.text)
    SPI_Init                                 0x08005dcb   Thumb Code    80  stm32f37x_spi.o(.text)
    I2S_StructInit                           0x08005e1b   Thumb Code    20  stm32f37x_spi.o(.text)
    I2S_Init                                 0x08005e2f   Thumb Code   216  stm32f37x_spi.o(.text)
    SPI_Cmd                                  0x08005f07   Thumb Code    24  stm32f37x_spi.o(.text)
    SPI_TIModeCmd                            0x08005f1f   Thumb Code    24  stm32f37x_spi.o(.text)
    I2S_Cmd                                  0x08005f37   Thumb Code    24  stm32f37x_spi.o(.text)
    SPI_DataSizeConfig                       0x08005f4f   Thumb Code    18  stm32f37x_spi.o(.text)
    SPI_RxFIFOThresholdConfig                0x08005f61   Thumb Code    18  stm32f37x_spi.o(.text)
    SPI_BiDirectionalLineConfig              0x08005f73   Thumb Code    28  stm32f37x_spi.o(.text)
    SPI_NSSInternalSoftwareConfig            0x08005f8f   Thumb Code    30  stm32f37x_spi.o(.text)
    SPI_SSOutputCmd                          0x08005fad   Thumb Code    24  stm32f37x_spi.o(.text)
    SPI_NSSPulseModeCmd                      0x08005fc5   Thumb Code    24  stm32f37x_spi.o(.text)
    SPI_SendData8                            0x08005fdd   Thumb Code    10  stm32f37x_spi.o(.text)
    SPI_I2S_SendData16                       0x08005fe7   Thumb Code     4  stm32f37x_spi.o(.text)
    SPI_ReceiveData8                         0x08005feb   Thumb Code    12  stm32f37x_spi.o(.text)
    SPI_I2S_ReceiveData16                    0x08005ff7   Thumb Code     6  stm32f37x_spi.o(.text)
    SPI_CRCLengthConfig                      0x08005ffd   Thumb Code    18  stm32f37x_spi.o(.text)
    SPI_CalculateCRC                         0x0800600f   Thumb Code    24  stm32f37x_spi.o(.text)
    SPI_TransmitCRC                          0x08006027   Thumb Code    10  stm32f37x_spi.o(.text)
    SPI_GetCRC                               0x08006031   Thumb Code    16  stm32f37x_spi.o(.text)
    SPI_GetCRCPolynomial                     0x08006041   Thumb Code     6  stm32f37x_spi.o(.text)
    SPI_I2S_DMACmd                           0x08006047   Thumb Code    18  stm32f37x_spi.o(.text)
    SPI_LastDMATransferCmd                   0x08006059   Thumb Code    18  stm32f37x_spi.o(.text)
    SPI_I2S_ITConfig                         0x0800606b   Thumb Code    32  stm32f37x_spi.o(.text)
    SPI_GetTransmissionFIFOStatus            0x0800608b   Thumb Code    10  stm32f37x_spi.o(.text)
    SPI_GetReceptionFIFOStatus               0x08006095   Thumb Code    10  stm32f37x_spi.o(.text)
    SPI_I2S_GetFlagStatus                    0x0800609f   Thumb Code    18  stm32f37x_spi.o(.text)
    SPI_I2S_ClearFlag                        0x080060b1   Thumb Code     6  stm32f37x_spi.o(.text)
    SPI_I2S_GetITStatus                      0x080060b7   Thumb Code    52  stm32f37x_spi.o(.text)
    __2sprintf                               0x080060f9   Thumb Code    34  noretval__2sprintf.o(.text)
    __printf                                 0x08006121   Thumb Code   104  __printf.o(.text)
    _printf_int_dec                          0x08006189   Thumb Code   102  _printf_dec.o(.text)
    strlen                                   0x08006201   Thumb Code    62  strlen.o(.text)
    __aeabi_memcpy                           0x0800623f   Thumb Code     0  rt_memcpy_v6.o(.text)
    __rt_memcpy                              0x0800623f   Thumb Code   138  rt_memcpy_v6.o(.text)
    _memcpy_lastbytes                        0x080062a5   Thumb Code     0  rt_memcpy_v6.o(.text)
    __aeabi_memclr                           0x080062c9   Thumb Code     0  rt_memclr.o(.text)
    __rt_memclr                              0x080062c9   Thumb Code    68  rt_memclr.o(.text)
    _memset                                  0x080062cd   Thumb Code     0  rt_memclr.o(.text)
    __aeabi_memclr4                          0x0800630d   Thumb Code     0  rt_memclr_w.o(.text)
    __aeabi_memclr8                          0x0800630d   Thumb Code     0  rt_memclr_w.o(.text)
    __rt_memclr_w                            0x0800630d   Thumb Code    78  rt_memclr_w.o(.text)
    _memset_w                                0x08006311   Thumb Code     0  rt_memclr_w.o(.text)
    __use_two_region_memory                  0x0800635b   Thumb Code     2  heapauxi.o(.text)
    __rt_heap_escrow$2region                 0x0800635d   Thumb Code     2  heapauxi.o(.text)
    __rt_heap_expand$2region                 0x0800635f   Thumb Code     2  heapauxi.o(.text)
    __read_errno                             0x08006361   Thumb Code    10  _rserrno.o(.text)
    __set_errno                              0x0800636b   Thumb Code    12  _rserrno.o(.text)
    _printf_int_common                       0x08006377   Thumb Code   184  _printf_intcommon.o(.text)
    _printf_char_common                      0x0800643b   Thumb Code    32  _printf_char_common.o(.text)
    _sputc                                   0x08006461   Thumb Code    10  _sputc.o(.text)
    __aeabi_memcpy4                          0x0800646b   Thumb Code     0  rt_memcpy_w.o(.text)
    __aeabi_memcpy8                          0x0800646b   Thumb Code     0  rt_memcpy_w.o(.text)
    __rt_memcpy_w                            0x0800646b   Thumb Code   100  rt_memcpy_w.o(.text)
    _memcpy_lastbytes_aligned                0x080064b3   Thumb Code     0  rt_memcpy_w.o(.text)
    __aeabi_errno_addr                       0x080064d1   Thumb Code     8  rt_errno_addr_intlibspace.o(.text)
    __errno$intlibspace                      0x080064d1   Thumb Code     0  rt_errno_addr_intlibspace.o(.text)
    __rt_errno_addr$intlibspace              0x080064d1   Thumb Code     0  rt_errno_addr_intlibspace.o(.text)
    __user_libspace                          0x080064d9   Thumb Code     8  libspace.o(.text)
    __user_perproc_libspace                  0x080064d9   Thumb Code     0  libspace.o(.text)
    __user_perthread_libspace                0x080064d9   Thumb Code     0  libspace.o(.text)
    __user_setup_stackheap                   0x080064e1   Thumb Code    74  sys_stackheap_outer.o(.text)
    exit                                     0x0800652b   Thumb Code    12  exit.o(.text)
    _sys_exit                                0x08006539   Thumb Code     8  sys_exit.o(.text)
    __I$use$semihosting                      0x08006545   Thumb Code     0  use_no_semi.o(.text)
    __use_no_semihosting_swi                 0x08006545   Thumb Code     2  use_no_semi.o(.text)
    __ARM_fpclassify                         0x08006547   Thumb Code    48  fpclassify.o(i.__ARM_fpclassify)
    __semihosting_library_function           0x08006547   Thumb Code     0  indicate_semi.o(.text)
    __hardfp_exp                             0x08006579   Thumb Code   726  exp.o(i.__hardfp_exp)
    __kernel_poly                            0x080068e1   Thumb Code   248  poly.o(i.__kernel_poly)
    __mathlib_dbl_underflow                  0x080069d9   Thumb Code    24  dunder.o(i.__mathlib_dbl_underflow)
    __aeabi_d2f                              0x080069f9   Thumb Code     0  d2f.o(x$fpl$d2f)
    _d2f                                     0x080069f9   Thumb Code    98  d2f.o(x$fpl$d2f)
    __aeabi_dadd                             0x08006a5d   Thumb Code     0  daddsub_clz.o(x$fpl$dadd)
    _dadd                                    0x08006a5d   Thumb Code   332  daddsub_clz.o(x$fpl$dadd)
    __fpl_dcmp_Inf                           0x08006bad   Thumb Code    24  dcmpi.o(x$fpl$dcmpinf)
    __aeabi_ddiv                             0x08006bc5   Thumb Code     0  ddiv.o(x$fpl$ddiv)
    _ddiv                                    0x08006bc5   Thumb Code   552  ddiv.o(x$fpl$ddiv)
    __aeabi_d2iz                             0x08006e75   Thumb Code     0  dfix.o(x$fpl$dfix)
    _dfix                                    0x08006e75   Thumb Code    94  dfix.o(x$fpl$dfix)
    __aeabi_d2uiz                            0x08006ed5   Thumb Code     0  dfixu.o(x$fpl$dfixu)
    _dfixu                                   0x08006ed5   Thumb Code    90  dfixu.o(x$fpl$dfixu)
    __aeabi_i2d                              0x08006f2f   Thumb Code     0  dflt_clz.o(x$fpl$dflt)
    _dflt                                    0x08006f2f   Thumb Code    46  dflt_clz.o(x$fpl$dflt)
    __aeabi_cdcmple                          0x08006f5d   Thumb Code     0  dleqf.o(x$fpl$dleqf)
    _dcmple                                  0x08006f5d   Thumb Code   120  dleqf.o(x$fpl$dleqf)
    __fpl_dcmple_InfNaN                      0x08006fbf   Thumb Code     0  dleqf.o(x$fpl$dleqf)
    __aeabi_dmul                             0x08006fd5   Thumb Code     0  dmul.o(x$fpl$dmul)
    _dmul                                    0x08006fd5   Thumb Code   332  dmul.o(x$fpl$dmul)
    __fpl_dnaninf                            0x08007129   Thumb Code   156  dnaninf.o(x$fpl$dnaninf)
    __fpl_dretinf                            0x080071c5   Thumb Code    12  dretinf.o(x$fpl$dretinf)
    __aeabi_cdrcmple                         0x080071d1   Thumb Code     0  drleqf.o(x$fpl$drleqf)
    _drcmple                                 0x080071d1   Thumb Code   108  drleqf.o(x$fpl$drleqf)
    __aeabi_drsub                            0x0800723d   Thumb Code     0  daddsub_clz.o(x$fpl$drsb)
    _drsb                                    0x0800723d   Thumb Code    22  daddsub_clz.o(x$fpl$drsb)
    __aeabi_dsub                             0x08007255   Thumb Code     0  daddsub_clz.o(x$fpl$dsub)
    _dsub                                    0x08007255   Thumb Code   464  daddsub_clz.o(x$fpl$dsub)
    __aeabi_f2d                              0x08007429   Thumb Code     0  f2d.o(x$fpl$f2d)
    _f2d                                     0x08007429   Thumb Code    86  f2d.o(x$fpl$f2d)
    __fpl_fnaninf                            0x0800747f   Thumb Code   140  fnaninf.o(x$fpl$fnaninf)
    _fp_init                                 0x0800750b   Thumb Code    10  fpinit.o(x$fpl$fpinit)
    __fplib_config_fpu_vfp                   0x08007513   Thumb Code     0  fpinit.o(x$fpl$fpinit)
    __fplib_config_pureend_doubles           0x08007513   Thumb Code     0  fpinit.o(x$fpl$fpinit)
    __fpl_fretinf                            0x08007515   Thumb Code    10  fretinf.o(x$fpl$fretinf)
    __I$use$fp                               0x0800751e   Number         0  usenofp.o(x$fpl$usenofp)
    Region$$Table$$Base                      0x08007578   Number         0  anon$$obj.o(Region$$Table)
    Region$$Table$$Limit                     0x08007598   Number         0  anon$$obj.o(Region$$Table)
    SystemCoreClock                          0x20000000   Data           4  system_stm32f37x.o(.data)
    AHBPrescTable                            0x20000004   Data          16  system_stm32f37x.o(.data)
    responce_time                            0x20000014   Data           4  pid.o(.data)
    freq_Cutoff                              0x20000018   Data           4  pid.o(.data)
    feedbackTime                             0x2000001c   Data           2  pid.o(.data)
    PID_Votage_Chanel                        0x2000001e   Data           1  pid.o(.data)
    PID_Ctrl_Votage_Chanel                   0x2000001f   Data           1  pid.o(.data)
    isRunning                                0x20000020   Data           1  pid.o(.data)
    set_point_changed                        0x20000021   Data           1  pid.o(.data)
    PID_Ctrl_Mode                            0x20000022   Data           1  pid.o(.data)
    PID_Calc_Mode                            0x20000023   Data           1  pid.o(.data)
    VirtAddVarTab                            0x20000024   Data          40  pid.o(.data)
    data_x                                   0x20000052   Data           2  pid.o(.data)
    data_y                                   0x20000054   Data           2  pid.o(.data)
    data_z                                   0x20000056   Data           2  pid.o(.data)
    PWM_Output                               0x20000058   Data           4  pid.o(.data)
    Voltage_Set_Point                        0x2000005c   Data           2  pid.o(.data)
    Voltage_Set_Point_temp                   0x2000005e   Data           2  pid.o(.data)
    Bsp_Int_Ok                               0x20000060   Data           1  tasks.o(.data)
    InjectedConvData                         0x20000068   Data           4  sdadc.o(.data)
    VoltageData                              0x2000006c   Data           4  sdadc.o(.data)
    VoltageDataRaw                           0x20000070   Data           4  sdadc.o(.data)
    VoltageInterRef                          0x20000074   Data           2  sdadc.o(.data)
    VoltageFilterCounter                     0x20000076   Data           1  sdadc.o(.data)
    SapmleTime                               0x20000078   Data           4  sdadc.o(.data)
    VOL_IIR_FACTOR                           0x2000007c   Data           4  sdadc.o(.data)
    voltage                                  0x20000080   Data           8  sdadc.o(.data)
    filter_voltage                           0x20000088   Data           8  sdadc.o(.data)
    RS485_RX_CNT                             0x20000090   Data           1  rs485.o(.data)
    aDitherTable                             0x20000092   Data        1024  pwm.o(.data)
    BufferSize                               0x20000492   Data           1  pwm.o(.data)
    PWM_Value_FirstPart_Changed              0x20000493   Data           1  pwm.o(.data)
    PWM_Value_SecondPart_Changed             0x20000494   Data           1  pwm.o(.data)
    duty_Cycle                               0x20000496   Data           2  pwm.o(.data)
    Dither_Index                             0x20000498   Data           1  pwm.o(.data)
    Counters                                 0x2000049c   Data           6  timebase.o(.data)
    DataVar                                  0x200004a4   Data           2  eeprom.o(.data)
    CurWrAddress                             0x200004a8   Data           4  eeprom.o(.data)
    DMAReciveState                           0x200004ac   Data           1  rs485_dma.o(.data)
    temp                                     0x200004ad   Data           1  rs485_dma.o(.data)
    USART1_MSG_RecvCounter                   0x200004ae   Data           1  rs485_dma.o(.data)
    gDMA1Channel5Running                     0x200004af   Data           1  rs485_dma.o(.data)
    gDMA1Channel4Running                     0x200004b0   Data           1  rs485_dma.o(.data)
    busy                                     0x200004b1   Data           1  rs485_dma.o(.data)
    pMsgBuffer                               0x200004b4   Data           4  rs485_dma.o(.data)
    pMCUMsgHeader                            0x200004b8   Data           4  rs485_dma.o(.data)
    spid                                     0x200004e0   Data          60  pid.o(.bss)
    SDADC_ValueTab                           0x2000051c   Data         800  sdadc.o(.bss)
    ADC_ValueTab                             0x2000083c   Data        1200  sdadc.o(.bss)
    VoltageFilterBufCh0                      0x20000cec   Data         400  sdadc.o(.bss)
    VoltageFilterBufCh1                      0x20000e7c   Data         400  sdadc.o(.bss)
    RS485_RX_BUF                             0x2000100c   Data          64  rs485.o(.bss)
    RS485_TX_BUF                             0x2000104c   Data          64  rs485.o(.bss)
    vDitherTemp                              0x2000108c   Data         128  pwm.o(.bss)
    vDither                                  0x2000110c   Data         256  pwm.o(.bss)
    USART1_DMA_SendBuf                       0x2000120c   Data          64  rs485_dma.o(.bss)
    USART1_DMA_HeadBuf                       0x2000124c   Data          64  rs485_dma.o(.bss)
    USART1_MSG_RecvQueue                     0x2000128c   Data         128  rs485_dma.o(.bss)
    USART1_MSG_RecvBuf                       0x2000130c   Data          64  rs485_dma.o(.bss)
    __libspace_start                         0x2000134c   Data          96  libspace.o(.bss)
    __temporary_stack_top$libspace           0x200013ac   Data           0  libspace.o(.bss)



==============================================================================

Memory Map of the image

  Image Entry point : 0x08000189

  Load Region LR_IROM1 (Base: 0x08000000, Size: 0x00007a78, Max: 0x00040000, ABSOLUTE, COMPRESSED[0x00007648])

    Execution Region ER_IROM1 (Base: 0x08000000, Size: 0x00007598, Max: 0x00040000, ABSOLUTE)

    Base Addr    Size         Type   Attr      Idx    E Section Name        Object

    0x08000000   0x00000188   Data   RO            3    RESET               startup_stm32f37x.o
    0x08000188   0x00000008   Code   RO          777  * !!!main             c_w.l(__main.o)
    0x08000190   0x00000034   Code   RO         1017    !!!scatter          c_w.l(__scatter.o)
    0x080001c4   0x0000005a   Code   RO         1015    !!dczerorl2         c_w.l(__dczerorl2.o)
    0x0800021e   0x00000002   PAD
    0x08000220   0x0000001c   Code   RO         1019    !!handler_zi        c_w.l(__scatter_zi.o)
    0x0800023c   0x00000000   Code   RO          766    .ARM.Collect$$_printf_percent$$00000000  c_w.l(_printf_percent.o)
    0x0800023c   0x00000006   Code   RO          765    .ARM.Collect$$_printf_percent$$00000009  c_w.l(_printf_d.o)
    0x08000242   0x00000004   Code   RO          828    .ARM.Collect$$_printf_percent$$00000017  c_w.l(_printf_percent_end.o)
    0x08000246   0x00000002   Code   RO          891    .ARM.Collect$$libinit$$00000000  c_w.l(libinit.o)
    0x08000248   0x00000004   Code   RO          894    .ARM.Collect$$libinit$$00000001  c_w.l(libinit2.o)
    0x0800024c   0x00000000   Code   RO          898    .ARM.Collect$$libinit$$00000008  c_w.l(libinit2.o)
    0x0800024c   0x00000000   Code   RO          900    .ARM.Collect$$libinit$$0000000A  c_w.l(libinit2.o)
    0x0800024c   0x00000000   Code   RO          902    .ARM.Collect$$libinit$$0000000C  c_w.l(libinit2.o)
    0x0800024c   0x00000000   Code   RO          905    .ARM.Collect$$libinit$$0000000F  c_w.l(libinit2.o)
    0x0800024c   0x00000000   Code   RO          907    .ARM.Collect$$libinit$$00000011  c_w.l(libinit2.o)
    0x0800024c   0x00000000   Code   RO          909    .ARM.Collect$$libinit$$00000013  c_w.l(libinit2.o)
    0x0800024c   0x00000000   Code   RO          911    .ARM.Collect$$libinit$$00000015  c_w.l(libinit2.o)
    0x0800024c   0x00000000   Code   RO          913    .ARM.Collect$$libinit$$00000017  c_w.l(libinit2.o)
    0x0800024c   0x00000000   Code   RO          915    .ARM.Collect$$libinit$$00000019  c_w.l(libinit2.o)
    0x0800024c   0x00000000   Code   RO          917    .ARM.Collect$$libinit$$0000001B  c_w.l(libinit2.o)
    0x0800024c   0x00000000   Code   RO          919    .ARM.Collect$$libinit$$0000001D  c_w.l(libinit2.o)
    0x0800024c   0x00000000   Code   RO          921    .ARM.Collect$$libinit$$0000001F  c_w.l(libinit2.o)
    0x0800024c   0x00000000   Code   RO          923    .ARM.Collect$$libinit$$00000021  c_w.l(libinit2.o)
    0x0800024c   0x00000000   Code   RO          925    .ARM.Collect$$libinit$$00000023  c_w.l(libinit2.o)
    0x0800024c   0x00000000   Code   RO          929    .ARM.Collect$$libinit$$0000002A  c_w.l(libinit2.o)
    0x0800024c   0x00000000   Code   RO          931    .ARM.Collect$$libinit$$0000002C  c_w.l(libinit2.o)
    0x0800024c   0x00000000   Code   RO          933    .ARM.Collect$$libinit$$0000002E  c_w.l(libinit2.o)
    0x0800024c   0x00000000   Code   RO          935    .ARM.Collect$$libinit$$00000030  c_w.l(libinit2.o)
    0x0800024c   0x00000002   Code   RO          936    .ARM.Collect$$libinit$$00000031  c_w.l(libinit2.o)
    0x0800024e   0x00000002   Code   RO          956    .ARM.Collect$$libshutdown$$00000000  c_w.l(libshutdown.o)
    0x08000250   0x00000000   Code   RO          970    .ARM.Collect$$libshutdown$$00000003  c_w.l(libshutdown2.o)
    0x08000250   0x00000000   Code   RO          973    .ARM.Collect$$libshutdown$$00000006  c_w.l(libshutdown2.o)
    0x08000250   0x00000000   Code   RO          976    .ARM.Collect$$libshutdown$$00000009  c_w.l(libshutdown2.o)
    0x08000250   0x00000000   Code   RO          978    .ARM.Collect$$libshutdown$$0000000B  c_w.l(libshutdown2.o)
    0x08000250   0x00000000   Code   RO          981    .ARM.Collect$$libshutdown$$0000000E  c_w.l(libshutdown2.o)
    0x08000250   0x00000002   Code   RO          982    .ARM.Collect$$libshutdown$$0000000F  c_w.l(libshutdown2.o)
    0x08000252   0x00000000   Code   RO          819    .ARM.Collect$$rtentry$$00000000  c_w.l(rtentry.o)
    0x08000252   0x00000000   Code   RO          856    .ARM.Collect$$rtentry$$00000002  c_w.l(rtentry2.o)
    0x08000252   0x00000006   Code   RO          868    .ARM.Collect$$rtentry$$00000004  c_w.l(rtentry4.o)
    0x08000258   0x00000000   Code   RO          858    .ARM.Collect$$rtentry$$00000009  c_w.l(rtentry2.o)
    0x08000258   0x00000004   Code   RO          859    .ARM.Collect$$rtentry$$0000000A  c_w.l(rtentry2.o)
    0x0800025c   0x00000000   Code   RO          861    .ARM.Collect$$rtentry$$0000000C  c_w.l(rtentry2.o)
    0x0800025c   0x00000008   Code   RO          862    .ARM.Collect$$rtentry$$0000000D  c_w.l(rtentry2.o)
    0x08000264   0x00000002   Code   RO          892    .ARM.Collect$$rtexit$$00000000  c_w.l(rtexit.o)
    0x08000266   0x00000000   Code   RO          938    .ARM.Collect$$rtexit$$00000002  c_w.l(rtexit2.o)
    0x08000266   0x00000004   Code   RO          939    .ARM.Collect$$rtexit$$00000003  c_w.l(rtexit2.o)
    0x0800026a   0x00000006   Code   RO          940    .ARM.Collect$$rtexit$$00000004  c_w.l(rtexit2.o)
    0x08000270   0x00000040   Code   RO            4    .text               startup_stm32f37x.o
    0x080002b0   0x000001f8   Code   RO           12    .text               system_stm32f37x.o
    0x080004a8   0x0000004c   Code   RO           94    .text               stm32f37x_it.o
    0x080004f4   0x00000060   Code   RO          121    .text               main.o
    0x08000554   0x0000123c   Code   RO          195    .text               pid.o
    0x08001790   0x000003e4   Code   RO          225    .text               protocol.o
    0x08001b74   0x00000368   Code   RO          246    .text               tasks.o
    0x08001edc   0x000000d0   Code   RO          270    .text               delay.o
    0x08001fac   0x0000009a   Code   RO          292    .text               led.o
    0x08002046   0x0000005a   Code   RO          322    .text               key.o
    0x080020a0   0x00000508   Code   RO          342    .text               sdadc.o
    0x080025a8   0x00000148   Code   RO          369    .text               rs485.o
    0x080026f0   0x00000228   Code   RO          399    .text               pwm.o
    0x08002918   0x000000d8   Code   RO          423    .text               timebase.o
    0x080029f0   0x000004cc   Code   RO          447    .text               eeprom.o
    0x08002ebc   0x0000021c   Code   RO          471    .text               spi.o
    0x080030d8   0x000002a0   Code   RO          491    .text               rs485_dma.o
    0x08003378   0x00000204   Code   RO          515    .text               stm32f37x_gpio.o
    0x0800357c   0x000005a0   Code   RO          535    .text               stm32f37x_rcc.o
    0x08003b1c   0x000004e4   Code   RO          557    .text               stm32f37x_usart.o
    0x08004000   0x00000400   Code   RO          577    .text               stm32f37x_adc.o
    0x08004400   0x00000250   Code   RO          597    .text               stm32f37x_dma.o
    0x08004650   0x000002f4   Code   RO          617    .text               stm32f37x_sdadc.o
    0x08004944   0x00000bd8   Code   RO          637    .text               stm32f37x_tim.o
    0x0800551c   0x000000dc   Code   RO          657    .text               stm32f37x_misc.o
    0x080055f8   0x00000110   Code   RO          677    .text               stm32f37x_pwr.o
    0x08005708   0x00000658   Code   RO          697    .text               stm32f37x_flash.o
    0x08005d60   0x00000398   Code   RO          717    .text               stm32f37x_spi.o
    0x080060f8   0x00000028   Code   RO          739    .text               c_w.l(noretval__2sprintf.o)
    0x08006120   0x00000068   Code   RO          741    .text               c_w.l(__printf.o)
    0x08006188   0x00000078   Code   RO          743    .text               c_w.l(_printf_dec.o)
    0x08006200   0x0000003e   Code   RO          767    .text               c_w.l(strlen.o)
    0x0800623e   0x0000008a   Code   RO          769    .text               c_w.l(rt_memcpy_v6.o)
    0x080062c8   0x00000044   Code   RO          771    .text               c_w.l(rt_memclr.o)
    0x0800630c   0x0000004e   Code   RO          773    .text               c_w.l(rt_memclr_w.o)
    0x0800635a   0x00000006   Code   RO          775    .text               c_w.l(heapauxi.o)
    0x08006360   0x00000016   Code   RO          820    .text               c_w.l(_rserrno.o)
    0x08006376   0x000000b8   Code   RO          822    .text               c_w.l(_printf_intcommon.o)
    0x0800642e   0x00000002   PAD
    0x08006430   0x00000030   Code   RO          824    .text               c_w.l(_printf_char_common.o)
    0x08006460   0x0000000a   Code   RO          826    .text               c_w.l(_sputc.o)
    0x0800646a   0x00000064   Code   RO          829    .text               c_w.l(rt_memcpy_w.o)
    0x080064ce   0x00000002   PAD
    0x080064d0   0x00000008   Code   RO          873    .text               c_w.l(rt_errno_addr_intlibspace.o)
    0x080064d8   0x00000008   Code   RO          879    .text               c_w.l(libspace.o)
    0x080064e0   0x0000004a   Code   RO          882    .text               c_w.l(sys_stackheap_outer.o)
    0x0800652a   0x0000000c   Code   RO          884    .text               c_w.l(exit.o)
    0x08006536   0x00000002   PAD
    0x08006538   0x0000000c   Code   RO          948    .text               c_w.l(sys_exit.o)
    0x08006544   0x00000002   Code   RO          959    .text               c_w.l(use_no_semi.o)
    0x08006546   0x00000000   Code   RO          961    .text               c_w.l(indicate_semi.o)
    0x08006546   0x00000030   Code   RO          850    i.__ARM_fpclassify  m_wm.l(fpclassify.o)
    0x08006576   0x00000002   PAD
    0x08006578   0x00000368   Code   RO          805    i.__hardfp_exp      m_wm.l(exp.o)
    0x080068e0   0x000000f8   Code   RO          852    i.__kernel_poly     m_wm.l(poly.o)
    0x080069d8   0x00000020   Code   RO          848    i.__mathlib_dbl_underflow  m_wm.l(dunder.o)
    0x080069f8   0x00000062   Code   RO          779    x$fpl$d2f           fz_wm.l(d2f.o)
    0x08006a5a   0x00000002   PAD
    0x08006a5c   0x00000150   Code   RO          781    x$fpl$dadd          fz_wm.l(daddsub_clz.o)
    0x08006bac   0x00000018   Code   RO          877    x$fpl$dcmpinf       fz_wm.l(dcmpi.o)
    0x08006bc4   0x000002b0   Code   RO          788    x$fpl$ddiv          fz_wm.l(ddiv.o)
    0x08006e74   0x0000005e   Code   RO          831    x$fpl$dfix          fz_wm.l(dfix.o)
    0x08006ed2   0x00000002   PAD
    0x08006ed4   0x0000005a   Code   RO          791    x$fpl$dfixu         fz_wm.l(dfixu.o)
    0x08006f2e   0x0000002e   Code   RO          796    x$fpl$dflt          fz_wm.l(dflt_clz.o)
    0x08006f5c   0x00000078   Code   RO          835    x$fpl$dleqf         fz_wm.l(dleqf.o)
    0x08006fd4   0x00000154   Code   RO          801    x$fpl$dmul          fz_wm.l(dmul.o)
    0x08007128   0x0000009c   Code   RO          837    x$fpl$dnaninf       fz_wm.l(dnaninf.o)
    0x080071c4   0x0000000c   Code   RO          839    x$fpl$dretinf       fz_wm.l(dretinf.o)
    0x080071d0   0x0000006c   Code   RO          841    x$fpl$drleqf        fz_wm.l(drleqf.o)
    0x0800723c   0x00000016   Code   RO          782    x$fpl$drsb          fz_wm.l(daddsub_clz.o)
    0x08007252   0x00000002   PAD
    0x08007254   0x000001d4   Code   RO          783    x$fpl$dsub          fz_wm.l(daddsub_clz.o)
    0x08007428   0x00000056   Code   RO          803    x$fpl$f2d           fz_wm.l(f2d.o)
    0x0800747e   0x0000008c   Code   RO          843    x$fpl$fnaninf       fz_wm.l(fnaninf.o)
    0x0800750a   0x0000000a   Code   RO          946    x$fpl$fpinit        fz_wm.l(fpinit.o)
    0x08007514   0x0000000a   Code   RO          845    x$fpl$fretinf       fz_wm.l(fretinf.o)
    0x0800751e   0x00000000   Code   RO          847    x$fpl$usenofp       fz_wm.l(usenofp.o)
    0x0800751e   0x00000002   PAD
    0x08007520   0x00000058   Data   RO          808    .constdata          m_wm.l(exp.o)
    0x08007578   0x00000020   Data   RO         1013    Region$$Table       anon$$obj.o


    Execution Region RW_IRAM1 (Base: 0x20000000, Size: 0x000019b0, Max: 0x00008000, ABSOLUTE, COMPRESSED[0x000000b0])

    Base Addr    Size         Type   Attr      Idx    E Section Name        Object

    0x20000000   0x00000014   Data   RW           13    .data               system_stm32f37x.o
    0x20000014   0x0000004c   Data   RW          197    .data               pid.o
    0x20000060   0x00000001   Data   RW          247    .data               tasks.o
    0x20000061   0x00000001   PAD
    0x20000062   0x00000004   Data   RW          271    .data               delay.o
    0x20000066   0x00000002   PAD
    0x20000068   0x00000028   Data   RW          344    .data               sdadc.o
    0x20000090   0x00000001   Data   RW          371    .data               rs485.o
    0x20000091   0x00000001   PAD
    0x20000092   0x00000407   Data   RW          401    .data               pwm.o
    0x20000499   0x00000001   PAD
    0x2000049a   0x00000008   Data   RW          424    .data               timebase.o
    0x200004a2   0x00000002   PAD
    0x200004a4   0x00000008   Data   RW          448    .data               eeprom.o
    0x200004ac   0x00000010   Data   RW          493    .data               rs485_dma.o
    0x200004bc   0x00000024   Data   RW          536    .data               stm32f37x_rcc.o
    0x200004e0   0x0000003c   Zero   RW          196    .bss                pid.o
    0x2000051c   0x00000af0   Zero   RW          343    .bss                sdadc.o
    0x2000100c   0x00000080   Zero   RW          370    .bss                rs485.o
    0x2000108c   0x00000180   Zero   RW          400    .bss                pwm.o
    0x2000120c   0x00000140   Zero   RW          492    .bss                rs485_dma.o
    0x2000134c   0x00000060   Zero   RW          880    .bss                c_w.l(libspace.o)
    0x200013ac   0x00000004   PAD
    0x200013b0   0x00000200   Zero   RW            2    HEAP                startup_stm32f37x.o
    0x200015b0   0x00000400   Zero   RW            1    STACK               startup_stm32f37x.o


==============================================================================

Image component sizes


      Code (inc. data)   RO Data    RW Data    ZI Data      Debug   Object Name

       208         18          0          4          0       1023   delay.o
      1228         32          0          8          0       4882   eeprom.o
        90          0          0          0          0       1024   key.o
       154          0          0          0          0        948   led.o
        96          6          0          0          0       1039   main.o
      4668        286          0         76         60       8375   pid.o
       996        142          0          0          0       3501   protocol.o
       552         42          0       1031        384       2617   pwm.o
       328         16          0          1        128       2286   rs485.o
       672         36          0         16        320       3480   rs485_dma.o
      1288        112          0         40       2800       4348   sdadc.o
       540         34          0          0          0       2546   spi.o
        64         26        392          0       1536        788   startup_stm32f37x.o
      1024         14          0          0          0       9309   stm32f37x_adc.o
       592          8          0          0          0       4270   stm32f37x_dma.o
      1624         24          0          0          0       7268   stm32f37x_flash.o
       516         22          0          0          0       3729   stm32f37x_gpio.o
        76          6          0          0          0       1558   stm32f37x_it.o
       220         20          0          0          0       1757   stm32f37x_misc.o
       272         14          0          0          0       2489   stm32f37x_pwr.o
      1440         58          0         36          0       9379   stm32f37x_rcc.o
       756         20          0          0          0       9157   stm32f37x_sdadc.o
       920         14          0          0          0       7627   stm32f37x_spi.o
      3032         54          0          0          0      21747   stm32f37x_tim.o
      1252         12          0          0          0      11794   stm32f37x_usart.o
       504         36          0         20          0     252287   system_stm32f37x.o
       872        182          0          1          0       1631   tasks.o
       216         18          0          8          0       1562   timebase.o

    ----------------------------------------------------------------------
     24200       1252        424       1248       5228     382421   Object Totals
         0          0         32          0          0          0   (incl. Generated)
         0          0          0          7          0          0   (incl. Padding)

    ----------------------------------------------------------------------

      Code (inc. data)   RO Data    RW Data    ZI Data      Debug   Library Member Name

        90          0          0          0          0          0   __dczerorl2.o
         8          0          0          0          0         68   __main.o
       104          0          0          0          0         84   __printf.o
        52          8          0          0          0          0   __scatter.o
        28          0          0          0          0          0   __scatter_zi.o
        48          6          0          0          0         96   _printf_char_common.o
         6          0          0          0          0          0   _printf_d.o
       120         18          0          0          0         92   _printf_dec.o
       184          0          0          0          0         88   _printf_intcommon.o
         0          0          0          0          0          0   _printf_percent.o
         4          0          0          0          0          0   _printf_percent_end.o
        22          0          0          0          0        100   _rserrno.o
        10          0          0          0          0         68   _sputc.o
        12          0          0          0          0         72   exit.o
         6          0          0          0          0        152   heapauxi.o
         0          0          0          0          0          0   indicate_semi.o
         2          0          0          0          0          0   libinit.o
         6          0          0          0          0          0   libinit2.o
         2          0          0          0          0          0   libshutdown.o
         2          0          0          0          0          0   libshutdown2.o
         8          4          0          0         96         68   libspace.o
        40          6          0          0          0         84   noretval__2sprintf.o
         8          4          0          0          0         68   rt_errno_addr_intlibspace.o
        68          0          0          0          0         68   rt_memclr.o
        78          0          0          0          0         80   rt_memclr_w.o
       138          0          0          0          0         68   rt_memcpy_v6.o
       100          0          0          0          0         80   rt_memcpy_w.o
         0          0          0          0          0          0   rtentry.o
        12          0          0          0          0          0   rtentry2.o
         6          0          0          0          0          0   rtentry4.o
         2          0          0          0          0          0   rtexit.o
        10          0          0          0          0          0   rtexit2.o
        62          0          0          0          0         76   strlen.o
        12          4          0          0          0         68   sys_exit.o
        74          0          0          0          0         80   sys_stackheap_outer.o
         2          0          0          0          0         68   use_no_semi.o
        98          4          0          0          0        140   d2f.o
       826         16          0          0          0        492   daddsub_clz.o
        24          0          0          0          0        116   dcmpi.o
       688        140          0          0          0        256   ddiv.o
        94          4          0          0          0        140   dfix.o
        90          4          0          0          0        140   dfixu.o
        46          0          0          0          0        116   dflt_clz.o
       120          4          0          0          0        140   dleqf.o
       340         12          0          0          0        152   dmul.o
       156          4          0          0          0        140   dnaninf.o
        12          0          0          0          0        116   dretinf.o
       108          0          0          0          0        128   drleqf.o
        86          4          0          0          0        132   f2d.o
       140          4          0          0          0        132   fnaninf.o
        10          0          0          0          0        116   fpinit.o
        10          0          0          0          0        116   fretinf.o
         0          0          0          0          0          0   usenofp.o
        32          8          0          0          0        124   dunder.o
       872        146         88          0          0        220   exp.o
        48          0          0          0          0        124   fpclassify.o
       248          0          0          0          0        152   poly.o

    ----------------------------------------------------------------------
      5392        400         88          0        100       4820   Library Totals
        18          0          0          0          4          0   (incl. Padding)

    ----------------------------------------------------------------------

      Code (inc. data)   RO Data    RW Data    ZI Data      Debug   Library Name

      1326         50          0          0         96       1628   c_w.l
      2848        196          0          0          0       2572   fz_wm.l
      1200        154         88          0          0        620   m_wm.l

    ----------------------------------------------------------------------
      5392        400         88          0        100       4820   Library Totals

    ----------------------------------------------------------------------

==============================================================================


      Code (inc. data)   RO Data    RW Data    ZI Data      Debug   

     29592       1652        512       1248       5328     377405   Grand Totals
     29592       1652        512        176       5328     377405   ELF Image Totals (compressed)
     29592       1652        512        176          0          0   ROM Totals

==============================================================================

    Total RO  Size (Code + RO Data)                30104 (  29.40kB)
    Total RW  Size (RW Data + ZI Data)              6576 (   6.42kB)
    Total ROM Size (Code + RO Data + RW Data)      30280 (  29.57kB)

==============================================================================

